2026-10-07T00:46:05.1775999Z Current runner version: '2.337.0'
2026-10-07T00:46:05.1811457Z ##[group]Runner Image Provisioner
2026-10-07T00:46:05.1812800Z Hosted Compute Agent
2026-10-07T00:46:05.1813718Z Version: 20260901.588
2026-10-07T00:46:05.1814925Z Commit: f88ec8081b781fac6c440065ac7ff9e710ce3d0b
2026-10-07T00:46:05.1816261Z Build Date: 2026-09-01T19:56:44Z
2026-10-07T00:46:05.1817568Z Worker ID: {84e6b894-4170-48df-8619-eb8c698a098e}
2026-10-07T00:46:05.1819239Z Azure Region: centralus
2026-10-07T00:46:05.1820309Z ##[endgroup]
2026-10-07T00:46:05.1822691Z ##[group]Operating System
2026-10-07T00:46:05.1823668Z Ubuntu
2026-10-07T00:46:05.1824489Z 24.04.5
2026-10-07T00:46:05.1825546Z LTS
2026-10-07T00:46:05.1826460Z ##[endgroup]
2026-10-07T00:46:05.1827535Z ##[group]Runner Image
2026-10-07T00:46:05.1828940Z Image: ubuntu-24.04
2026-10-07T00:46:05.1829921Z Version: 20260927.320.1
2026-10-07T00:46:05.1832115Z Included Software: https://github.com/actions/runner-images/blob/ubuntu24/20260927.320/images/ubuntu/Ubuntu2404-Readme.md
2026-10-07T00:46:05.1835241Z Image Release: https://github.com/actions/runner-images/releases/tag/ubuntu24%2F20260927.320
2026-10-07T00:46:05.1837068Z ##[endgroup]
2026-10-07T00:46:05.1839363Z ##[group]GITHUB_TOKEN Permissions
2026-10-07T00:46:05.1842379Z Contents: read
2026-10-07T00:46:05.1843386Z Metadata: read
2026-10-07T00:46:05.1844451Z ##[endgroup]
2026-10-07T00:46:05.1848097Z Secret source: Actions
2026-10-07T00:46:05.1849938Z Cache mode: write
2026-10-07T00:46:05.1851454Z Prepare workflow directory
2026-10-07T00:46:05.2410138Z Prepare all required actions
2026-10-07T00:46:05.2460492Z Getting action download info
2026-10-07T00:46:05.5496060Z Download action repository 'actions/checkout@v7' (SHA:3d3c42e5aac5ba805825da76410c181273ba90b1)
2026-10-07T00:46:05.6717475Z Download action repository 'actions/setup-dotnet@v6' (SHA:a98b56852c35b8e3190ac28c8c2271da59106c68)
2026-10-07T00:46:06.2537495Z Download action repository 'actions/upload-artifact@v7' (SHA:043fb46d1a93c77aae656e7c1c64a875d1fc6a0a)
2026-10-07T00:46:06.4157055Z Complete job name: Build, layers 1 and 2, coverage
2026-10-07T00:46:06.4933188Z ##[group]Run actions/checkout@v7
2026-10-07T00:46:06.4934168Z with:
2026-10-07T00:46:06.4934668Z   repository: AkiraMisawa/ex-grid
2026-10-07T00:46:06.4938903Z   token: ***
2026-10-07T00:46:06.4939393Z   ssh-strict: true
2026-10-07T00:46:06.4939876Z   ssh-user: git
2026-10-07T00:46:06.4940364Z   persist-credentials: true
2026-10-07T00:46:06.4940888Z   clean: true
2026-10-07T00:46:06.4941374Z   sparse-checkout-cone-mode: true
2026-10-07T00:46:06.4941942Z   fetch-depth: 1
2026-10-07T00:46:06.4942420Z   fetch-tags: false
2026-10-07T00:46:06.4942910Z   show-progress: true
2026-10-07T00:46:06.4943413Z   lfs: false
2026-10-07T00:46:06.4943884Z   submodules: false
2026-10-07T00:46:06.4944393Z   set-safe-directory: true
2026-10-07T00:46:06.4944949Z   allow-unsafe-pr-checkout: false
2026-10-07T00:46:06.4945788Z env:
2026-10-07T00:46:06.4946273Z   DOTNET_CLI_TELEMETRY_OPTOUT: 1
2026-10-07T00:46:06.4946841Z   DOTNET_NOLOGO: 1
2026-10-07T00:46:06.4947334Z   LONG_RUN: false
2026-10-07T00:46:06.4948008Z ##[endgroup]
2026-10-07T00:46:06.6024783Z Syncing repository: AkiraMisawa/ex-grid
2026-10-07T00:46:06.6027269Z ##[group]Getting Git version info
2026-10-07T00:46:06.6028625Z Working directory is '/home/runner/work/ex-grid/ex-grid'
2026-10-07T00:46:06.6029919Z [command]/usr/bin/git version
2026-10-07T00:46:06.6096102Z git version 2.55.0
2026-10-07T00:46:06.6118092Z ##[endgroup]
2026-10-07T00:46:06.6128828Z Temporarily overriding HOME='/home/runner/work/_temp/3ddf2d5d-0c8b-41bb-9b3e-16628c5ae9d1' before making global git config changes
2026-10-07T00:46:06.6132079Z Adding repository directory to the temporary git global config as a safe directory
2026-10-07T00:46:06.6134761Z [command]/usr/bin/git config --global --add safe.directory /home/runner/work/ex-grid/ex-grid
2026-10-07T00:46:06.6186706Z Deleting the contents of '/home/runner/work/ex-grid/ex-grid'
2026-10-07T00:46:06.6190476Z ##[group]Determining repository object format
2026-10-07T00:46:06.6192607Z ##[endgroup]
2026-10-07T00:46:06.6193958Z ##[group]Initializing the repository
2026-10-07T00:46:06.6198339Z [command]/usr/bin/git init /home/runner/work/ex-grid/ex-grid
2026-10-07T00:46:06.6317351Z hint: Using 'master' as the name for the initial branch. This default branch name
2026-10-07T00:46:06.6319707Z hint: will change to "main" in Git 3.0. To configure the initial branch name
2026-10-07T00:46:06.6321787Z hint: to use in all of your new repositories, which will suppress this warning,
2026-10-07T00:46:06.6323778Z hint: call:
2026-10-07T00:46:06.6324929Z hint:
2026-10-07T00:46:06.6326477Z hint: 	git config --global init.defaultBranch <name>
2026-10-07T00:46:06.6328295Z hint:
2026-10-07T00:46:06.6329991Z hint: Names commonly chosen instead of 'master' are 'main', 'trunk' and
2026-10-07T00:46:06.6332150Z hint: 'development'. The just-created branch can be renamed via this command:
2026-10-07T00:46:06.6333984Z hint:
2026-10-07T00:46:06.6335361Z hint: 	git branch -m <name>
2026-10-07T00:46:06.6336610Z hint:
2026-10-07T00:46:06.6338436Z hint: Disable this message with "git config set advice.defaultBranchName false"
2026-10-07T00:46:06.6340628Z Initialized empty Git repository in /home/runner/work/ex-grid/ex-grid/.git/
2026-10-07T00:46:06.6344016Z [command]/usr/bin/git remote add origin https://github.com/AkiraMisawa/ex-grid
2026-10-07T00:46:06.6388672Z ##[endgroup]
2026-10-07T00:46:06.6390638Z ##[group]Disabling automatic garbage collection
2026-10-07T00:46:06.6392493Z [command]/usr/bin/git config --local gc.auto 0
2026-10-07T00:46:06.6423586Z ##[endgroup]
2026-10-07T00:46:06.6424737Z ##[group]Setting up auth
2026-10-07T00:46:06.6425926Z Removing SSH command configuration
2026-10-07T00:46:06.6430160Z [command]/usr/bin/git config --local --name-only --get-regexp core\.sshCommand
2026-10-07T00:46:06.6461649Z [command]/usr/bin/git submodule foreach --recursive sh -c "git config --local --name-only --get-regexp 'core\.sshCommand' && git config --local --unset-all 'core.sshCommand' || :"
2026-10-07T00:46:06.6850035Z Removing HTTP extra header
2026-10-07T00:46:06.6856723Z [command]/usr/bin/git config --local --name-only --get-regexp http\.https\:\/\/github\.com\/\.extraheader
2026-10-07T00:46:06.6895376Z [command]/usr/bin/git submodule foreach --recursive sh -c "git config --local --name-only --get-regexp 'http\.https\:\/\/github\.com\/\.extraheader' && git config --local --unset-all 'http.https://github.com/.extraheader' || :"
2026-10-07T00:46:06.7117394Z Removing includeIf entries pointing to credentials config files
2026-10-07T00:46:06.7121085Z [command]/usr/bin/git config --local --name-only --get-regexp ^includeIf\.gitdir:
2026-10-07T00:46:06.7152810Z [command]/usr/bin/git submodule foreach --recursive git config --local --show-origin --name-only --get-regexp remote.origin.url
2026-10-07T00:46:06.7379862Z [command]/usr/bin/git config --file /home/runner/work/_temp/git-credentials-99d86b71-d435-4f8d-ad0e-cba8046d4ad4.config http.https://github.com/.extraheader AUTHORIZATION: basic ***
2026-10-07T00:46:06.7417698Z [command]/usr/bin/git config --local includeIf.gitdir:/home/runner/work/ex-grid/ex-grid/.git.path /home/runner/work/_temp/git-credentials-99d86b71-d435-4f8d-ad0e-cba8046d4ad4.config
2026-10-07T00:46:06.7449143Z [command]/usr/bin/git config --local includeIf.gitdir:/home/runner/work/ex-grid/ex-grid/.git/worktrees/*.path /home/runner/work/_temp/git-credentials-99d86b71-d435-4f8d-ad0e-cba8046d4ad4.config
2026-10-07T00:46:06.7484025Z [command]/usr/bin/git config --local includeIf.gitdir:/github/workspace/.git.path /github/runner_temp/git-credentials-99d86b71-d435-4f8d-ad0e-cba8046d4ad4.config
2026-10-07T00:46:06.7514968Z [command]/usr/bin/git config --local includeIf.gitdir:/github/workspace/.git/worktrees/*.path /github/runner_temp/git-credentials-99d86b71-d435-4f8d-ad0e-cba8046d4ad4.config
2026-10-07T00:46:06.7544082Z ##[endgroup]
2026-10-07T00:46:06.7545422Z ##[group]Fetching the repository
2026-10-07T00:46:06.7551487Z [command]/usr/bin/git -c protocol.version=2 fetch --no-tags --prune --no-recurse-submodules --depth=1 origin +33e76e6317c57f3be18e93dce14782d8b81f6b2e:refs/remotes/pull/66/merge
2026-10-07T00:46:11.3926220Z From https://github.com/AkiraMisawa/ex-grid
2026-10-07T00:46:11.3927457Z  * [new ref]         33e76e6317c57f3be18e93dce14782d8b81f6b2e -> pull/66/merge
2026-10-07T00:46:11.3931643Z ##[endgroup]
2026-10-07T00:46:11.3932730Z ##[group]Determining the checkout info
2026-10-07T00:46:11.3933636Z ##[endgroup]
2026-10-07T00:46:11.3938806Z [command]/usr/bin/git sparse-checkout disable
2026-10-07T00:46:11.4058263Z [command]/usr/bin/git config --local --unset-all extensions.worktreeConfig
2026-10-07T00:46:11.4073105Z ##[group]Checking out the ref
2026-10-07T00:46:11.4073964Z [command]/usr/bin/git checkout --progress --force refs/remotes/pull/66/merge
2026-10-07T00:46:12.4135349Z Updating files:  86% (7604/8766)
2026-10-07T00:46:12.4178754Z Updating files:  87% (7627/8766)
2026-10-07T00:46:12.4250887Z Updating files:  88% (7715/8766)
2026-10-07T00:46:12.4663564Z Updating files:  89% (7802/8766)
2026-10-07T00:46:12.4809988Z Updating files:  90% (7890/8766)
2026-10-07T00:46:12.4958310Z Updating files:  91% (7978/8766)
2026-10-07T00:46:12.5109055Z Updating files:  92% (8065/8766)
2026-10-07T00:46:12.5157931Z Updating files:  93% (8153/8766)
2026-10-07T00:46:12.5227326Z Updating files:  94% (8241/8766)
2026-10-07T00:46:12.5409411Z Updating files:  95% (8328/8766)
2026-10-07T00:46:12.5677568Z Updating files:  96% (8416/8766)
2026-10-07T00:46:12.5741043Z Updating files:  97% (8504/8766)
2026-10-07T00:46:12.5799568Z Updating files:  98% (8591/8766)
2026-10-07T00:46:12.5895034Z Updating files:  99% (8679/8766)
2026-10-07T00:46:12.5895988Z Updating files: 100% (8766/8766)
2026-10-07T00:46:12.5909608Z Updating files: 100% (8766/8766), done.
2026-10-07T00:46:12.5978914Z Note: switching to 'refs/remotes/pull/66/merge'.
2026-10-07T00:46:12.5979214Z
2026-10-07T00:46:12.5979445Z You are in 'detached HEAD' state. You can look around, make experimental
2026-10-07T00:46:12.5979953Z changes and commit them, and you can discard any commits you make in this
2026-10-07T00:46:12.5980907Z state without impacting any branches by switching back to a branch.
2026-10-07T00:46:12.5981651Z
2026-10-07T00:46:12.5982013Z If you want to create a new branch to retain commits you create, you may
2026-10-07T00:46:12.5982922Z do so (now or later) by using -c with the switch command. Example:
2026-10-07T00:46:12.5983449Z
2026-10-07T00:46:12.5983663Z   git switch -c <new-branch-name>
2026-10-07T00:46:12.5983995Z
2026-10-07T00:46:12.5984232Z Or undo this operation with:
2026-10-07T00:46:12.5984532Z
2026-10-07T00:46:12.5984685Z   git switch -
2026-10-07T00:46:12.5984884Z
2026-10-07T00:46:12.5985260Z Turn off this advice by setting config variable advice.detachedHead to false
2026-10-07T00:46:12.5985815Z
2026-10-07T00:46:12.5986407Z HEAD is now at 33e76e6 Merge 9bafd3096d98a1a46689cacc8f31e02cb2a4c27e into 41c8d8c8ee33a06be19a804628db7d49a637e171
2026-10-07T00:46:12.6044935Z ##[endgroup]
2026-10-07T00:46:12.6091043Z [command]/usr/bin/git log -1 --format=%H
2026-10-07T00:46:12.6115756Z 33e76e6317c57f3be18e93dce14782d8b81f6b2e
2026-10-07T00:46:12.6371078Z ##[group]Run actions/setup-dotnet@v6
2026-10-07T00:46:12.6371398Z with:
2026-10-07T00:46:12.6371611Z   global-json-file: global.json
2026-10-07T00:46:12.6371861Z   cache: false
2026-10-07T00:46:12.6372057Z env:
2026-10-07T00:46:12.6372263Z   DOTNET_CLI_TELEMETRY_OPTOUT: 1
2026-10-07T00:46:12.6372509Z   DOTNET_NOLOGO: 1
2026-10-07T00:46:12.6372710Z   LONG_RUN: false
2026-10-07T00:46:12.6372906Z ##[endgroup]
2026-10-07T00:46:12.7718024Z [command]/home/runner/work/_actions/actions/setup-dotnet/v6/externals/install-dotnet.sh --skip-non-versioned-files --runtime dotnet --channel LTS
2026-10-07T00:46:13.1060395Z dotnet-install: .NET Core Runtime with version '10.0.12' is already installed.
2026-10-07T00:46:13.1088801Z [command]/home/runner/work/_actions/actions/setup-dotnet/v6/externals/install-dotnet.sh --skip-non-versioned-files --channel 10.0
2026-10-07T00:46:13.4516824Z dotnet-install: .NET Core SDK with version '10.0.401' is already installed.
2026-10-07T00:46:13.4663165Z ##[group]Run dotnet tool restore
2026-10-07T00:46:13.4663530Z [36;1mdotnet tool restore[0m
2026-10-07T00:46:13.4959501Z shell: /usr/bin/bash -e {0}
2026-10-07T00:46:13.4959871Z env:
2026-10-07T00:46:13.4960142Z   DOTNET_CLI_TELEMETRY_OPTOUT: 1
2026-10-07T00:46:13.4960471Z   DOTNET_NOLOGO: 1
2026-10-07T00:46:13.4960737Z   LONG_RUN: false
2026-10-07T00:46:13.4961016Z   DOTNET_ROOT: /usr/share/dotnet
2026-10-07T00:46:13.4961363Z ##[endgroup]
2026-10-07T00:46:16.1593763Z Tool 'dotnet-reportgenerator-globaltool' (version '5.5.11') was restored. Available commands: reportgenerator
2026-10-07T00:46:16.1597636Z
2026-10-07T00:46:16.1599820Z Restore was successful.
2026-10-07T00:46:16.1739885Z ##[group]Run dotnet build ExGrid.slnx
2026-10-07T00:46:16.1740232Z [36;1mdotnet build ExGrid.slnx[0m
2026-10-07T00:46:16.1801743Z shell: /usr/bin/bash -e {0}
2026-10-07T00:46:16.1801999Z env:
2026-10-07T00:46:16.1802206Z   DOTNET_CLI_TELEMETRY_OPTOUT: 1
2026-10-07T00:46:16.1802479Z   DOTNET_NOLOGO: 1
2026-10-07T00:46:16.1802682Z   LONG_RUN: false
2026-10-07T00:46:16.1802893Z   DOTNET_ROOT: /usr/share/dotnet
2026-10-07T00:46:16.1803134Z ##[endgroup]
2026-10-07T00:46:18.0608843Z   Determining projects to restore...
2026-10-07T00:46:21.2669389Z   Restored /home/runner/work/ex-grid/ex-grid/src/ExGrid.Data.Arrow/ExGrid.Data.Arrow.csproj (in 2.11 sec).
2026-10-07T00:46:21.2875962Z   Restored /home/runner/work/ex-grid/ex-grid/samples/ExGrid.DemoApi/ExGrid.DemoApi.csproj (in 2.14 sec).
2026-10-07T00:46:21.3429432Z   Restored /home/runner/work/ex-grid/ex-grid/samples/ExGrid.Docs.Generator/ExGrid.Docs.Generator.csproj (in 2.2 sec).
2026-10-07T00:46:21.8517206Z   Restored /home/runner/work/ex-grid/ex-grid/samples/ExGrid.DemoHost.Server/ExGrid.DemoHost.Server.csproj (in 418 ms).
2026-10-07T00:46:21.9014559Z   Restored /home/runner/work/ex-grid/ex-grid/samples/ExGrid.DemoPages/ExGrid.DemoPages.csproj (in 468 ms).
2026-10-07T00:46:22.3621078Z   Restored /home/runner/work/ex-grid/ex-grid/samples/ExGrid.Docs/ExGrid.Docs.csproj (in 3.21 sec).
2026-10-07T00:46:22.3999301Z   Restored /home/runner/work/ex-grid/ex-grid/samples/ExGrid.DemoHost/ExGrid.DemoHost.csproj (in 968 ms).
2026-10-07T00:46:23.2312069Z   Restored /home/runner/work/ex-grid/ex-grid/tests/ExSheet.Engine.Tests/ExSheet.Engine.Tests.csproj (in 1.32 sec).
2026-10-07T00:46:23.2429365Z   Restored /home/runner/work/ex-grid/ex-grid/tests/ExPivot.Engine.Tests/ExPivot.Engine.Tests.csproj (in 3 ms).
2026-10-07T00:46:23.2498959Z   Restored /home/runner/work/ex-grid/ex-grid/tests/ExSheet.Components/ExSheet.Components.csproj (in 856 ms).
2026-10-07T00:46:23.2515998Z   Restored /home/runner/work/ex-grid/ex-grid/tests/ExSheet.MudBlazor.Tests/ExSheet.MudBlazor.Tests.csproj (in 1.39 sec).
2026-10-07T00:46:23.2539556Z   Restored /home/runner/work/ex-grid/ex-grid/tests/ExPivot.MudBlazor.Tests/ExPivot.MudBlazor.Tests.csproj (in 839 ms).
2026-10-07T00:46:23.2635862Z   Restored /home/runner/work/ex-grid/ex-grid/tests/ExPivot.Components/ExPivot.Components.csproj (in 10 ms).
2026-10-07T00:46:23.2722838Z   Restored /home/runner/work/ex-grid/ex-grid/tests/ExGrid.MudBlazor.Tests/ExGrid.MudBlazor.Tests.csproj (in 9 ms).
2026-10-07T00:46:23.2734011Z   Restored /home/runner/work/ex-grid/ex-grid/tests/ExGrid.Data.Tests/ExGrid.Data.Tests.csproj (in 5 ms).
2026-10-07T00:46:23.2775699Z   Restored /home/runner/work/ex-grid/ex-grid/src/ExSheet.Engine/ExSheet.Engine.csproj (in 2 ms).
2026-10-07T00:46:23.5929047Z   Restored /home/runner/work/ex-grid/ex-grid/tests/ExGrid.Tests/ExGrid.Tests.csproj (in 335 ms).
2026-10-07T00:46:23.6029029Z   Restored /home/runner/work/ex-grid/ex-grid/src/ExPivot/ExPivot.csproj (in 312 ms).
2026-10-07T00:46:23.7139890Z   Restored /home/runner/work/ex-grid/ex-grid/src/ExPivot.Engine/ExPivot.Engine.csproj (in 2 ms).
2026-10-07T00:46:23.7639539Z   Restored /home/runner/work/ex-grid/ex-grid/src/ExGrid/ExGrid.csproj (in 5 ms).
2026-10-07T00:46:23.9058710Z   Restored /home/runner/work/ex-grid/ex-grid/tests/ExGrid.Data.Arrow.Tests/ExGrid.Data.Arrow.Tests.csproj (in 629 ms).
2026-10-07T00:46:23.9259025Z   Restored /home/runner/work/ex-grid/ex-grid/src/ExGrid.Data/ExGrid.Data.csproj (in 5 ms).
2026-10-07T00:46:23.9591946Z   Restored /home/runner/work/ex-grid/ex-grid/tests/ExGrid.Components/ExGrid.Components.csproj (in 17 ms).
2026-10-07T00:46:23.9769249Z   Restored /home/runner/work/ex-grid/ex-grid/src/ExSheet/ExSheet.csproj (in 7 ms).
2026-10-07T00:46:24.0016861Z   Restored /home/runner/work/ex-grid/ex-grid/tests/ExGrid.DemoApi.Tests/ExGrid.DemoApi.Tests.csproj (in 738 ms).
2026-10-07T00:46:24.0100382Z   Restored /home/runner/work/ex-grid/ex-grid/src/ExGrid.MudBlazor/ExGrid.MudBlazor.csproj (in 193 ms).
2026-10-07T00:46:24.0138975Z   Restored /home/runner/work/ex-grid/ex-grid/src/ExPivot.MudBlazor/ExPivot.MudBlazor.csproj (in 302 ms).
2026-10-07T00:46:24.0163450Z   Restored /home/runner/work/ex-grid/ex-grid/src/ExSheet.MudBlazor/ExSheet.MudBlazor.csproj (in 31 ms).
2026-10-07T00:46:30.6318868Z   ExGrid.Docs.Generator -> /home/runner/work/ex-grid/ex-grid/samples/ExGrid.Docs.Generator/bin/Debug/netstandard2.0/ExGrid.Docs.Generator.dll
2026-10-07T00:46:35.3795058Z   ExGrid.Data -> /home/runner/work/ex-grid/ex-grid/src/ExGrid.Data/bin/Debug/net10.0/ExGrid.Data.dll
2026-10-07T00:46:42.2439655Z   ExSheet.Engine -> /home/runner/work/ex-grid/ex-grid/src/ExSheet.Engine/bin/Debug/net10.0/ExSheet.Engine.dll
2026-10-07T00:46:42.2769730Z   ExGrid.Data.Arrow -> /home/runner/work/ex-grid/ex-grid/src/ExGrid.Data.Arrow/bin/Debug/net10.0/ExGrid.Data.Arrow.dll
2026-10-07T00:46:43.2831448Z   ExPivot.Engine -> /home/runner/work/ex-grid/ex-grid/src/ExPivot.Engine/bin/Debug/net10.0/ExPivot.Engine.dll
2026-10-07T00:46:47.7080491Z   ExPivot.Engine.Tests -> /home/runner/work/ex-grid/ex-grid/tests/ExPivot.Engine.Tests/bin/Debug/net10.0/ExPivot.Engine.Tests.dll
2026-10-07T00:46:51.0198659Z   ExSheet.Engine.Tests -> /home/runner/work/ex-grid/ex-grid/tests/ExSheet.Engine.Tests/bin/Debug/net10.0/ExSheet.Engine.Tests.dll
2026-10-07T00:46:52.0031296Z   ExGrid -> /home/runner/work/ex-grid/ex-grid/src/ExGrid/bin/Debug/net10.0/ExGrid.dll
2026-10-07T00:46:54.2628471Z   ExGrid.Data.Tests -> /home/runner/work/ex-grid/ex-grid/tests/ExGrid.Data.Tests/bin/Debug/net10.0/ExGrid.Data.Tests.dll
2026-10-07T00:46:55.6580462Z   ExGrid.Data.Arrow.Tests -> /home/runner/work/ex-grid/ex-grid/tests/ExGrid.Data.Arrow.Tests/bin/Debug/net10.0/ExGrid.Data.Arrow.Tests.dll
2026-10-07T00:47:03.0750066Z   ExGrid.Tests -> /home/runner/work/ex-grid/ex-grid/tests/ExGrid.Tests/bin/Debug/net10.0/ExGrid.Tests.dll
2026-10-07T00:47:18.1271810Z   ExGrid.Components -> /home/runner/work/ex-grid/ex-grid/tests/ExGrid.Components/bin/Debug/net10.0/ExGrid.Components.dll
2026-10-07T00:47:18.3970685Z   ExSheet -> /home/runner/work/ex-grid/ex-grid/src/ExSheet/bin/Debug/net10.0/ExSheet.dll
2026-10-07T00:47:18.4329066Z   ExPivot -> /home/runner/work/ex-grid/ex-grid/src/ExPivot/bin/Debug/net10.0/ExPivot.dll
2026-10-07T00:47:18.5487291Z   ExGrid.MudBlazor -> /home/runner/work/ex-grid/ex-grid/src/ExGrid.MudBlazor/bin/Debug/net10.0/ExGrid.MudBlazor.dll
2026-10-07T00:47:18.7220132Z   ExGrid.DemoApi -> /home/runner/work/ex-grid/ex-grid/samples/ExGrid.DemoApi/bin/Debug/net10.0/ExGrid.DemoApi.dll
2026-10-07T00:47:23.2040436Z   ExPivot.MudBlazor -> /home/runner/work/ex-grid/ex-grid/src/ExPivot.MudBlazor/bin/Debug/net10.0/ExPivot.MudBlazor.dll
2026-10-07T00:47:25.3607590Z   ExSheet.Components -> /home/runner/work/ex-grid/ex-grid/tests/ExSheet.Components/bin/Debug/net10.0/ExSheet.Components.Tests.dll
2026-10-07T00:47:28.0573183Z   ExSheet.MudBlazor -> /home/runner/work/ex-grid/ex-grid/src/ExSheet.MudBlazor/bin/Debug/net10.0/ExSheet.MudBlazor.dll
2026-10-07T00:47:29.1376364Z   ExSheet.MudBlazor.Tests -> /home/runner/work/ex-grid/ex-grid/tests/ExSheet.MudBlazor.Tests/bin/Debug/net10.0/ExSheet.MudBlazor.Tests.dll
2026-10-07T00:47:29.1612705Z   ExPivot.Components -> /home/runner/work/ex-grid/ex-grid/tests/ExPivot.Components/bin/Debug/net10.0/ExPivot.Components.Tests.dll
2026-10-07T00:47:34.0361282Z   ExGrid.DemoApi.Tests -> /home/runner/work/ex-grid/ex-grid/tests/ExGrid.DemoApi.Tests/bin/Debug/net10.0/ExGrid.DemoApi.Tests.dll
2026-10-07T00:47:34.1086072Z   ExPivot.MudBlazor.Tests -> /home/runner/work/ex-grid/ex-grid/tests/ExPivot.MudBlazor.Tests/bin/Debug/net10.0/ExPivot.MudBlazor.Tests.dll
2026-10-07T00:47:35.4262485Z   ExGrid.MudBlazor.Tests -> /home/runner/work/ex-grid/ex-grid/tests/ExGrid.MudBlazor.Tests/bin/Debug/net10.0/ExGrid.MudBlazor.Tests.dll
2026-10-07T00:47:43.9459602Z   ExGrid.DemoPages -> /home/runner/work/ex-grid/ex-grid/samples/ExGrid.DemoPages/bin/Debug/net10.0/ExGrid.DemoPages.dll
2026-10-07T00:47:43.9619284Z   ExGrid.Docs -> /home/runner/work/ex-grid/ex-grid/samples/ExGrid.Docs/bin/Debug/net10.0/ExGrid.Docs.dll
2026-10-07T00:47:43.9661137Z   ExGrid.Docs (Blazor output) -> /home/runner/work/ex-grid/ex-grid/samples/ExGrid.Docs/bin/Debug/net10.0/wwwroot
2026-10-07T00:47:45.4029962Z   ExGrid.DemoHost.Server -> /home/runner/work/ex-grid/ex-grid/samples/ExGrid.DemoHost.Server/bin/Debug/net10.0/ExGrid.DemoHost.Server.dll
2026-10-07T00:47:46.7463714Z   ExGrid.DemoHost -> /home/runner/work/ex-grid/ex-grid/samples/ExGrid.DemoHost/bin/Debug/net10.0/ExGrid.DemoHost.dll
2026-10-07T00:47:46.7472169Z   ExGrid.DemoHost (Blazor output) -> /home/runner/work/ex-grid/ex-grid/samples/ExGrid.DemoHost/bin/Debug/net10.0/wwwroot
2026-10-07T00:47:46.8162676Z
2026-10-07T00:47:46.8192250Z Build succeeded.
2026-10-07T00:47:46.8205506Z     0 Warning(s)
2026-10-07T00:47:46.8205907Z     0 Error(s)
2026-10-07T00:47:46.8206127Z
2026-10-07T00:47:46.8206704Z Time Elapsed 00:01:30.34
2026-10-07T00:47:46.8709076Z ##[group]Run dotnet test ExGrid.slnx --no-build -p:TestingPlatformCommandLineArguments="--coverage --coverage-output-format cobertura --coverage-output coverage.cobertura.xml --coverage-settings /home/runner/work/ex-grid/ex-grid/tests/coverage.settings.xml"
2026-10-07T00:47:46.8712615Z [36;1mdotnet test ExGrid.slnx --no-build -p:TestingPlatformCommandLineArguments="--coverage --coverage-output-format cobertura --coverage-output coverage.cobertura.xml --coverage-settings /home/runner/work/ex-grid/ex-grid/tests/coverage.settings.xml"[0m
2026-10-07T00:47:46.8785978Z shell: /usr/bin/bash -e {0}
2026-10-07T00:47:46.8786242Z env:
2026-10-07T00:47:46.8786448Z   DOTNET_CLI_TELEMETRY_OPTOUT: 1
2026-10-07T00:47:46.8786703Z   DOTNET_NOLOGO: 1
2026-10-07T00:47:46.8786908Z   LONG_RUN: false
2026-10-07T00:47:46.8787123Z   DOTNET_ROOT: /usr/share/dotnet
2026-10-07T00:47:46.8787363Z   EXGRID_ST1_MILLION:
2026-10-07T00:47:46.8787787Z ##[endgroup]
2026-10-07T00:47:48.7808395Z   Run tests: '/home/runner/work/ex-grid/ex-grid/tests/ExGrid.Components/bin/Debug/net10.0/ExGrid.Components.dll' [net10.0|x64]
2026-10-07T00:47:48.7840928Z   Run tests: '/home/runner/work/ex-grid/ex-grid/tests/ExGrid.Data.Tests/bin/Debug/net10.0/ExGrid.Data.Tests.dll' [net10.0|x64]
2026-10-07T00:47:48.8029955Z   Run tests: '/home/runner/work/ex-grid/ex-grid/tests/ExGrid.Data.Arrow.Tests/bin/Debug/net10.0/ExGrid.Data.Arrow.Tests.dll' [net10.0|x64]
2026-10-07T00:47:48.8739469Z   Run tests: '/home/runner/work/ex-grid/ex-grid/tests/ExGrid.DemoApi.Tests/bin/Debug/net10.0/ExGrid.DemoApi.Tests.dll' [net10.0|x64]
2026-10-07T00:47:55.1779463Z   Passed! - Failed: 0, Passed: 182, Skipped: 1, Total: 183, Duration: 3s 499ms - ExGrid.Data.Arrow.Tests.dll (net10.0|x64)
2026-10-07T00:47:56.0643424Z   Tests succeeded: '/home/runner/work/ex-grid/ex-grid/tests/ExGrid.Data.Arrow.Tests/bin/Debug/net10.0/ExGrid.Data.Arrow.Tests.dll' [net10.0|x64]
2026-10-07T00:47:56.2859941Z   Run tests: '/home/runner/work/ex-grid/ex-grid/tests/ExGrid.MudBlazor.Tests/bin/Debug/net10.0/ExGrid.MudBlazor.Tests.dll' [net10.0|x64]
2026-10-07T00:48:05.9459481Z   Passed! - Failed: 0, Passed: 365, Skipped: 2, Total: 367, Duration: 14s 044ms - ExGrid.Data.Tests.dll (net10.0|x64)
2026-10-07T00:48:06.5485044Z   Tests succeeded: '/home/runner/work/ex-grid/ex-grid/tests/ExGrid.Data.Tests/bin/Debug/net10.0/ExGrid.Data.Tests.dll' [net10.0|x64]
2026-10-07T00:48:06.7861086Z   Run tests: '/home/runner/work/ex-grid/ex-grid/tests/ExGrid.Tests/bin/Debug/net10.0/ExGrid.Tests.dll' [net10.0|x64]
2026-10-07T00:48:17.3939328Z   Passed! - Failed: 0, Passed: 221, Skipped: 0, Total: 221, Duration: 9s 937ms - ExGrid.MudBlazor.Tests.dll (net10.0|x64)
2026-10-07T00:48:18.5639607Z   Tests succeeded: '/home/runner/work/ex-grid/ex-grid/tests/ExGrid.MudBlazor.Tests/bin/Debug/net10.0/ExGrid.MudBlazor.Tests.dll' [net10.0|x64]
2026-10-07T00:48:18.9298505Z   Run tests: '/home/runner/work/ex-grid/ex-grid/tests/ExPivot.Components/bin/Debug/net10.0/ExPivot.Components.Tests.dll' [net10.0|x64]
2026-10-07T00:48:38.8142253Z /_/src/bunit/Rendering/BunitRenderer.cs(751): error test failed: ExPivot.Components.Tests.SlicedBuildTests.A_long_layout_of_the_answer_held_is_sliced_and_superseded (399ms): Bunit.Rendering.UnknownEventHandlerIdException : There is no event handler with ID '220' associated with the 'onclick' event in the current render tree. [/home/runner/work/ex-grid/ex-grid/tests/ExPivot.Components/ExPivot.Components.csproj]
2026-10-07T00:48:38.8146709Z /_/src/bunit/Rendering/BunitRenderer.cs(751): error test failed:  [/home/runner/work/ex-grid/ex-grid/tests/ExPivot.Components/ExPivot.Components.csproj]
2026-10-07T00:48:38.8213981Z /_/src/bunit/Rendering/BunitRenderer.cs(751): error test failed: This can happen, for example, when using `cut.FindAll()`, and calling event trigger methods on the found elements after a re-render of the render tree. The workaround is to use re-issue the `cut.FindAll()` call after each render of a component, this ensures you have the latest version of the render tree and DOM tree available in your test code. [/home/runner/work/ex-grid/ex-grid/tests/ExPivot.Components/ExPivot.Components.csproj]
2026-10-07T00:48:38.8239477Z /_/src/bunit/Rendering/BunitRenderer.cs(751): error test failed:  [/home/runner/work/ex-grid/ex-grid/tests/ExPivot.Components/ExPivot.Components.csproj]
2026-10-07T00:48:38.8282455Z /_/src/bunit/Rendering/BunitRenderer.cs(751): error test failed: This can happen with code like this, `cut.Find("button").Click()`, where the buttons event handler can be removed between the time button is found with the Find method and the Click method is triggered. The workaround is to use wrap the Find and Click method calls in InvokeAsync, i.e. `cut.InvokeAsync(() => cut.Find("button").Click());`. This ensures that there are no changes to the DOM between Find method and the Click method calls. [/home/runner/work/ex-grid/ex-grid/tests/ExPivot.Components/ExPivot.Components.csproj]
2026-10-07T00:48:38.8340437Z /_/src/bunit/Rendering/BunitRenderer.cs(751): error test failed: ---- System.ArgumentException : There is no event handler associated with this event. EventId: '220'. (Parameter 'eventHandlerId') [/home/runner/work/ex-grid/ex-grid/tests/ExPivot.Components/ExPivot.Components.csproj]
2026-10-07T00:48:38.8389515Z /_/src/bunit/Rendering/BunitRenderer.cs(751): error test failed: Stack Trace: [/home/runner/work/ex-grid/ex-grid/tests/ExPivot.Components/ExPivot.Components.csproj]
2026-10-07T00:48:38.8404610Z /_/src/bunit/Rendering/BunitRenderer.cs(751): error test failed:    at Bunit.Rendering.BunitRenderer.AssertNoUnhandledExceptions() in /_/src/bunit/Rendering/BunitRenderer.cs:line 751 [/home/runner/work/ex-grid/ex-grid/tests/ExPivot.Components/ExPivot.Components.csproj]
2026-10-07T00:48:38.8431957Z /_/src/bunit/Rendering/BunitRenderer.cs(751): error test failed:    at Bunit.Rendering.BunitRenderer.DispatchEventAsync(UInt64 eventHandlerId, EventFieldInfo fieldInfo, EventArgs eventArgs, Boolean ignoreUnknownEventHandlers) in /_/src/bunit/Rendering/BunitRenderer.cs:line 249 [/home/runner/work/ex-grid/ex-grid/tests/ExPivot.Components/ExPivot.Components.csproj]
2026-10-07T00:48:38.8462075Z /_/src/bunit/Rendering/BunitRenderer.cs(751): error test failed:    at Bunit.TriggerEventDispatchExtensions.GetDispatchEventTasks(BunitRenderer renderer, IElement element, String eventName, EventArgs eventArgs) in /_/src/bunit/EventDispatchExtensions/TriggerEventDispatchExtensions.cs:line 135 [/home/runner/work/ex-grid/ex-grid/tests/ExPivot.Components/ExPivot.Components.csproj]
2026-10-07T00:48:38.8491533Z /_/src/bunit/Rendering/BunitRenderer.cs(751): error test failed:    at Bunit.TriggerEventDispatchExtensions.TriggerBubblingEventAsync(BunitRenderer renderer, IElement element, String eventName, EventArgs eventArgs) in /_/src/bunit/EventDispatchExtensions/TriggerEventDispatchExtensions.cs:line 110 [/home/runner/work/ex-grid/ex-grid/tests/ExPivot.Components/ExPivot.Components.csproj]
2026-10-07T00:48:38.8521546Z /_/src/bunit/Rendering/BunitRenderer.cs(751): error test failed:    at Bunit.TriggerEventDispatchExtensions.TriggerEventsAsync(BunitRenderer renderer, IElement element, String eventName, EventArgs eventArgs) in /_/src/bunit/EventDispatchExtensions/TriggerEventDispatchExtensions.cs:line 86 [/home/runner/work/ex-grid/ex-grid/tests/ExPivot.Components/ExPivot.Components.csproj]
2026-10-07T00:48:38.8610925Z /_/src/bunit/Rendering/BunitRenderer.cs(751): error test failed:    at Bunit.TriggerEventDispatchExtensions.<>c__DisplayClass3_0.<TriggerEventAsync>b__0() in /_/src/bunit/EventDispatchExtensions/TriggerEventDispatchExtensions.cs:line 73 [/home/runner/work/ex-grid/ex-grid/tests/ExPivot.Components/ExPivot.Components.csproj]
2026-10-07T00:48:38.8670368Z /_/src/bunit/Rendering/BunitRenderer.cs(751): error test failed:    at Microsoft.AspNetCore.Components.Rendering.RendererSynchronizationContext.<>c.<<InvokeAsync>b__10_0>d.MoveNext() [/home/runner/work/ex-grid/ex-grid/tests/ExPivot.Components/ExPivot.Components.csproj]
2026-10-07T00:48:38.8700123Z /_/src/bunit/Rendering/BunitRenderer.cs(751): error test failed: --- End of stack trace from previous location --- [/home/runner/work/ex-grid/ex-grid/tests/ExPivot.Components/ExPivot.Components.csproj]
2026-10-07T00:48:38.8760713Z /_/src/bunit/Rendering/BunitRenderer.cs(751): error test failed:    at Bunit.TriggerEventDispatchExtensions.ThrowIfFailedSynchronously(Task result) in /_/src/bunit/EventDispatchExtensions/TriggerEventDispatchExtensions.cs:line 254 [/home/runner/work/ex-grid/ex-grid/tests/ExPivot.Components/ExPivot.Components.csproj]
2026-10-07T00:48:38.8791074Z /_/src/bunit/Rendering/BunitRenderer.cs(751): error test failed:    at Bunit.TriggerEventDispatchExtensions.TriggerEventAsync(IElement element, String eventName, EventArgs eventArgs) in /_/src/bunit/EventDispatchExtensions/TriggerEventDispatchExtensions.cs:line 75 [/home/runner/work/ex-grid/ex-grid/tests/ExPivot.Components/ExPivot.Components.csproj]
2026-10-07T00:48:38.8851842Z /_/src/bunit/Rendering/BunitRenderer.cs(751): error test failed:    at Bunit.EventHandlerDispatchExtensions.ClickAsync(IElement element, MouseEventArgs eventArgs) in /_/src/bunit/obj/Release/net10.0/bunit.generators.internal/Bunit.Blazor.EventDispatcherExtensionGenerator/EventHandlerDispatchExtensions.g.cs:line 1209 [/home/runner/work/ex-grid/ex-grid/tests/ExPivot.Components/ExPivot.Components.csproj]
2026-10-07T00:48:38.8910895Z /_/src/bunit/Rendering/BunitRenderer.cs(751): error test failed:    at ExPivot.Components.Tests.Support.PivotTestContext.OpenMenuAsync(IRenderedComponent`1 cut, String area, String caption) in /home/runner/work/ex-grid/ex-grid/tests/ExPivot.Components/Support/PivotTestContext.cs:line 195 [/home/runner/work/ex-grid/ex-grid/tests/ExPivot.Components/ExPivot.Components.csproj]
2026-10-07T00:48:38.8916616Z /_/src/bunit/Rendering/BunitRenderer.cs(751): error test failed:    at ExPivot.Components.Tests.SlicedBuildTests.A_long_layout_of_the_answer_held_is_sliced_and_superseded() in /home/runner/work/ex-grid/ex-grid/tests/ExPivot.Components/SlicedBuildTests.cs:line 284 [/home/runner/work/ex-grid/ex-grid/tests/ExPivot.Components/ExPivot.Components.csproj]
2026-10-07T00:48:38.8921102Z /_/src/bunit/Rendering/BunitRenderer.cs(751): error test failed: --- End of stack trace from previous location --- [/home/runner/work/ex-grid/ex-grid/tests/ExPivot.Components/ExPivot.Components.csproj]
2026-10-07T00:48:38.8985755Z /_/src/bunit/Rendering/BunitRenderer.cs(751): error test failed: ----- Inner Stack Trace ----- [/home/runner/work/ex-grid/ex-grid/tests/ExPivot.Components/ExPivot.Components.csproj]
2026-10-07T00:48:38.8989456Z /_/src/bunit/Rendering/BunitRenderer.cs(751): error test failed:    at Microsoft.AspNetCore.Components.RenderTree.Renderer.GetRequiredEventBindingEntry(UInt64 eventHandlerId) [/home/runner/work/ex-grid/ex-grid/tests/ExPivot.Components/ExPivot.Components.csproj]
2026-10-07T00:48:38.8993692Z /_/src/bunit/Rendering/BunitRenderer.cs(751): error test failed:    at Microsoft.AspNetCore.Components.RenderTree.Renderer.DispatchEventAsync(UInt64 eventHandlerId, EventFieldInfo fieldInfo, EventArgs eventArgs, Boolean waitForQuiescence) [/home/runner/work/ex-grid/ex-grid/tests/ExPivot.Components/ExPivot.Components.csproj]
2026-10-07T00:48:38.9028363Z /_/src/bunit/Rendering/BunitRenderer.cs(751): error test failed:    at Microsoft.AspNetCore.Components.RenderTree.Renderer.DispatchEventAsync(UInt64 eventHandlerId, EventFieldInfo fieldInfo, EventArgs eventArgs) [/home/runner/work/ex-grid/ex-grid/tests/ExPivot.Components/ExPivot.Components.csproj]
2026-10-07T00:48:38.9032474Z /_/src/bunit/Rendering/BunitRenderer.cs(751): error test failed:    at Bunit.Rendering.BunitRenderer.<>n__0(UInt64 eventHandlerId, EventFieldInfo fieldInfo, EventArgs eventArgs) [/home/runner/work/ex-grid/ex-grid/tests/ExPivot.Components/ExPivot.Components.csproj]
2026-10-07T00:48:38.9036630Z /_/src/bunit/Rendering/BunitRenderer.cs(751): error test failed:    at Bunit.Rendering.BunitRenderer.<>c__DisplayClass37_0.<DispatchEventAsync>b__0() in /_/src/bunit/Rendering/BunitRenderer.cs:line 230 [/home/runner/work/ex-grid/ex-grid/tests/ExPivot.Components/ExPivot.Components.csproj]
2026-10-07T00:48:38.9059848Z /_/src/bunit/Rendering/BunitRenderer.cs(751): error test failed:  [/home/runner/work/ex-grid/ex-grid/tests/ExPivot.Components/ExPivot.Components.csproj]
2026-10-07T00:48:42.1206606Z   Passed! - Failed: 0, Passed: 1678, Skipped: 1, Total: 1679, Duration: 46s 934ms - ExGrid.Components.dll (net10.0|x64)
2026-10-07T00:48:43.0450066Z   Tests succeeded: '/home/runner/work/ex-grid/ex-grid/tests/ExGrid.Components/bin/Debug/net10.0/ExGrid.Components.dll' [net10.0|x64]
2026-10-07T00:48:43.1253979Z   Run tests: '/home/runner/work/ex-grid/ex-grid/tests/ExPivot.Engine.Tests/bin/Debug/net10.0/ExPivot.Engine.Tests.dll' [net10.0|x64]
2026-10-07T00:48:45.9705487Z   Failed! - Failed: 1, Passed: 223, Skipped: 0, Total: 224, Duration: 15s 551ms - ExPivot.Components.Tests.dll (net10.0|x64)
2026-10-07T00:48:46.0124660Z   Passed! - Failed: 0, Passed: 142, Skipped: 0, Total: 142, Duration: 46s 453ms - ExGrid.DemoApi.Tests.dll (net10.0|x64)
2026-10-07T00:48:46.6908895Z /home/runner/work/ex-grid/ex-grid/tests/ExPivot.Components/bin/Debug/net10.0/ExPivot.Components.Tests.dll : error run failed: Tests failed: '/home/runner/work/ex-grid/ex-grid/tests/ExPivot.Components/bin/Debug/net10.0/TestResults/ExPivot.Components.Tests_net10.0_x64.log' [net10.0|x64] [/home/runner/work/ex-grid/ex-grid/tests/ExPivot.Components/ExPivot.Components.csproj]
2026-10-07T00:48:46.7317457Z   Run tests: '/home/runner/work/ex-grid/ex-grid/tests/ExPivot.MudBlazor.Tests/bin/Debug/net10.0/ExPivot.MudBlazor.Tests.dll' [net10.0|x64]
2026-10-07T00:48:46.7790552Z   Tests succeeded: '/home/runner/work/ex-grid/ex-grid/tests/ExGrid.DemoApi.Tests/bin/Debug/net10.0/ExGrid.DemoApi.Tests.dll' [net10.0|x64]
2026-10-07T00:48:46.8490282Z   Run tests: '/home/runner/work/ex-grid/ex-grid/tests/ExSheet.Components/bin/Debug/net10.0/ExSheet.Components.Tests.dll' [net10.0|x64]
2026-10-07T00:48:57.5100080Z   Passed! - Failed: 0, Passed: 1265, Skipped: 0, Total: 1265, Duration: 41s 218ms - ExGrid.Tests.dll (net10.0|x64)
2026-10-07T00:48:58.2229683Z   Tests succeeded: '/home/runner/work/ex-grid/ex-grid/tests/ExGrid.Tests/bin/Debug/net10.0/ExGrid.Tests.dll' [net10.0|x64]
2026-10-07T00:48:58.3802254Z   Run tests: '/home/runner/work/ex-grid/ex-grid/tests/ExSheet.Engine.Tests/bin/Debug/net10.0/ExSheet.Engine.Tests.dll' [net10.0|x64]
2026-10-07T00:49:07.4749253Z   Passed! - Failed: 0, Passed: 67, Skipped: 0, Total: 67, Duration: 12s 277ms - ExPivot.MudBlazor.Tests.dll (net10.0|x64)
2026-10-07T00:49:09.0058118Z   Tests succeeded: '/home/runner/work/ex-grid/ex-grid/tests/ExPivot.MudBlazor.Tests/bin/Debug/net10.0/ExPivot.MudBlazor.Tests.dll' [net10.0|x64]
2026-10-07T00:49:09.0571327Z   Run tests: '/home/runner/work/ex-grid/ex-grid/tests/ExSheet.MudBlazor.Tests/bin/Debug/net10.0/ExSheet.MudBlazor.Tests.dll' [net10.0|x64]
2026-10-07T00:49:20.9752341Z   Passed! - Failed: 0, Passed: 353, Skipped: 4, Total: 357, Duration: 32s 361ms - ExPivot.Engine.Tests.dll (net10.0|x64)
2026-10-07T00:49:21.5629688Z   Tests succeeded: '/home/runner/work/ex-grid/ex-grid/tests/ExPivot.Engine.Tests/bin/Debug/net10.0/ExPivot.Engine.Tests.dll' [net10.0|x64]
2026-10-07T00:49:28.0717519Z   Passed! - Failed: 0, Passed: 3870, Skipped: 0, Total: 3870, Duration: 22s 513ms - ExSheet.Engine.Tests.dll (net10.0|x64)
2026-10-07T00:49:28.6459696Z   Tests succeeded: '/home/runner/work/ex-grid/ex-grid/tests/ExSheet.Engine.Tests/bin/Debug/net10.0/ExSheet.Engine.Tests.dll' [net10.0|x64]
2026-10-07T00:49:44.1979357Z   Passed! - Failed: 0, Passed: 55, Skipped: 0, Total: 55, Duration: 21s 984ms - ExSheet.MudBlazor.Tests.dll (net10.0|x64)
2026-10-07T00:49:45.1220345Z   Tests succeeded: '/home/runner/work/ex-grid/ex-grid/tests/ExSheet.MudBlazor.Tests/bin/Debug/net10.0/ExSheet.MudBlazor.Tests.dll' [net10.0|x64]
2026-10-07T00:50:20.6970826Z   Passed! - Failed: 0, Passed: 694, Skipped: 0, Total: 694, Duration: 1m 25s 421ms - ExSheet.Components.Tests.dll (net10.0|x64)
2026-10-07T00:50:21.1559204Z   Tests succeeded: '/home/runner/work/ex-grid/ex-grid/tests/ExSheet.Components/bin/Debug/net10.0/ExSheet.Components.Tests.dll' [net10.0|x64]
2026-10-07T00:50:21.1985029Z ##[error]Process completed with exit code 1.
2026-10-07T00:50:21.2136695Z Post job cleanup.
2026-10-07T00:50:21.2966961Z [command]/usr/bin/git version
2026-10-07T00:50:21.3005391Z git version 2.55.0
2026-10-07T00:50:21.3041613Z Temporarily overriding HOME='/home/runner/work/_temp/f2730e48-3e5c-4f15-8127-f201d14c416c' before making global git config changes
2026-10-07T00:50:21.3043096Z Adding repository directory to the temporary git global config as a safe directory
2026-10-07T00:50:21.3047294Z [command]/usr/bin/git config --global --add safe.directory /home/runner/work/ex-grid/ex-grid
2026-10-07T00:50:21.3077753Z Removing SSH command configuration
2026-10-07T00:50:21.3083701Z [command]/usr/bin/git config --local --name-only --get-regexp core\.sshCommand
2026-10-07T00:50:21.3118351Z [command]/usr/bin/git submodule foreach --recursive sh -c "git config --local --name-only --get-regexp 'core\.sshCommand' && git config --local --unset-all 'core.sshCommand' || :"
2026-10-07T00:50:21.3350079Z Removing HTTP extra header
2026-10-07T00:50:21.3354969Z [command]/usr/bin/git config --local --name-only --get-regexp http\.https\:\/\/github\.com\/\.extraheader
2026-10-07T00:50:21.3386307Z [command]/usr/bin/git submodule foreach --recursive sh -c "git config --local --name-only --get-regexp 'http\.https\:\/\/github\.com\/\.extraheader' && git config --local --unset-all 'http.https://github.com/.extraheader' || :"
2026-10-07T00:50:21.3611066Z Removing includeIf entries pointing to credentials config files
2026-10-07T00:50:21.3617130Z [command]/usr/bin/git config --local --name-only --get-regexp ^includeIf\.gitdir:
2026-10-07T00:50:21.3644225Z includeif.gitdir:/home/runner/work/ex-grid/ex-grid/.git.path
2026-10-07T00:50:21.3645002Z includeif.gitdir:/home/runner/work/ex-grid/ex-grid/.git/worktrees/*.path
2026-10-07T00:50:21.3645474Z includeif.gitdir:/github/workspace/.git.path
2026-10-07T00:50:21.3645882Z includeif.gitdir:/github/workspace/.git/worktrees/*.path
2026-10-07T00:50:21.3652956Z [command]/usr/bin/git config --local --get-all includeif.gitdir:/home/runner/work/ex-grid/ex-grid/.git.path
2026-10-07T00:50:21.3674210Z /home/runner/work/_temp/git-credentials-99d86b71-d435-4f8d-ad0e-cba8046d4ad4.config
2026-10-07T00:50:21.3684076Z [command]/usr/bin/git config --local --unset includeif.gitdir:/home/runner/work/ex-grid/ex-grid/.git.path \/home\/runner\/work\/_temp\/git\-credentials\-99d86b71\-d435\-4f8d\-ad0e\-cba8046d4ad4\.config
2026-10-07T00:50:21.3718342Z [command]/usr/bin/git config --local --get-all includeif.gitdir:/home/runner/work/ex-grid/ex-grid/.git/worktrees/*.path
2026-10-07T00:50:21.3748322Z /home/runner/work/_temp/git-credentials-99d86b71-d435-4f8d-ad0e-cba8046d4ad4.config
2026-10-07T00:50:21.3756861Z [command]/usr/bin/git config --local --unset includeif.gitdir:/home/runner/work/ex-grid/ex-grid/.git/worktrees/*.path \/home\/runner\/work\/_temp\/git\-credentials\-99d86b71\-d435\-4f8d\-ad0e\-cba8046d4ad4\.config
2026-10-07T00:50:21.3800084Z [command]/usr/bin/git config --local --get-all includeif.gitdir:/github/workspace/.git.path
2026-10-07T00:50:21.3821444Z /github/runner_temp/git-credentials-99d86b71-d435-4f8d-ad0e-cba8046d4ad4.config
2026-10-07T00:50:21.3828821Z [command]/usr/bin/git config --local --unset includeif.gitdir:/github/workspace/.git.path \/github\/runner_temp\/git\-credentials\-99d86b71\-d435\-4f8d\-ad0e\-cba8046d4ad4\.config
2026-10-07T00:50:21.3859678Z [command]/usr/bin/git config --local --get-all includeif.gitdir:/github/workspace/.git/worktrees/*.path
2026-10-07T00:50:21.3880315Z /github/runner_temp/git-credentials-99d86b71-d435-4f8d-ad0e-cba8046d4ad4.config
2026-10-07T00:50:21.3919951Z [command]/usr/bin/git config --local --unset includeif.gitdir:/github/workspace/.git/worktrees/*.path \/github\/runner_temp\/git\-credentials\-99d86b71\-d435\-4f8d\-ad0e\-cba8046d4ad4\.config
2026-10-07T00:50:21.3951506Z [command]/usr/bin/git submodule foreach --recursive git config --local --show-origin --name-only --get-regexp remote.origin.url
2026-10-07T00:50:21.4176983Z Removing credentials config '/home/runner/work/_temp/git-credentials-99d86b71-d435-4f8d-ad0e-cba8046d4ad4.config'
2026-10-07T00:50:21.4336280Z Cleaning up orphan processes
2026-10-07T00:50:21.4629067Z Terminate orphan process: pid (2571) (dotnet)
2026-10-07T00:50:21.4651142Z Terminate orphan process: pid (2572) (dotnet)
2026-10-07T00:50:21.4714279Z Terminate orphan process: pid (2573) (dotnet)
2026-10-07T00:50:21.4752607Z Terminate orphan process: pid (2676) (VBCSCompiler)
