
Running 36 tests using 1 worker

  ✓   1 [chrome] › features.spec.mjs:44:1 › typing opens Overwrite containing the character, Enter commits and moves (ED-2/ED-4) (897ms)
  ✓   2 [chrome] › features.spec.mjs:64:1 › in Overwrite an arrow commits and moves; in Caret it moves the caret (ED-2) (660ms)
  ✓   3 [chrome] › features.spec.mjs:81:1 › Escape cancels the editor and never blurs the grid mid-edit (ED-3) (631ms)
  ✓   4 [chrome] › features.spec.mjs:96:1 › the clipboard carries both formats, and #### never reaches it (CP-4/CP-5/CP-6/CP-10) (606ms)
  ✓   5 [chrome] › features.spec.mjs:126:1 › a misaligned selection refuses and the clipboard stays untouched (CP-1/CP-3) (628ms)
  ✓   6 [chrome] › features.spec.mjs:140:1 › paste raises one intent shaped by the clipboard block (CP-14, PST-1) (626ms)
  ✓   7 [chrome] › features.spec.mjs:151:1 › Ctrl+PageDown is neither handled nor prevented (KB-15) (585ms)
  ✓   8 [chrome] › features.spec.mjs:167:1 › the grid is one tab stop (A11Y-4, KB-12) (651ms)
  ✓   9 [chrome] › features.spec.mjs:196:1 › two instances stay independent: no --ex-* on :root, no window global (DOM-4) (577ms)
  ✓  10 [chrome] › features.spec.mjs:215:1 › a header click sorts and the selection is untouched by it (SR-1) (598ms)
  ✓  11 [chrome] › features.spec.mjs:226:1 › popovers are not clipped by the scroll container and stay per instance (UX-11) (634ms)
  ✓  12 [chrome] › gestures.spec.mjs:41:1 › a leaf drag reorders within its group and clamps at its edge (HG-14/HG-15) (752ms)
  ✓  13 [chrome] › gestures.spec.mjs:60:1 › grabbing a group rectangle moves the whole group (HG-14) (672ms)
  ✓  14 [chrome] › gestures.spec.mjs:75:1 › a resize drag with a real mouse applies on release (ADR-0016) (641ms)
  ✓  15 [chrome] › gestures.spec.mjs:91:1 › pasting onto an off-screen selection works, and the indicator showed first (PST-3) (676ms)
  ✓  16 [chrome] › gestures.spec.mjs:107:1 › a ~10MB paste parses without freezing the grid (PST-5, PST-6 recorded) (3.5s)
  ✓  17 [chrome] › gestures.spec.mjs:141:1 › the focus outline holds 3:1 against the cell ground under the default theme (UX-9) (653ms)
  ✓  18 [chrome] › gestures.spec.mjs:163:1 › narrowing the scrollbar by token changes the gutter and the geometry follows (UX-10) (833ms)
  ✓  19 [chrome] › gestures.spec.mjs:194:1 › a composing IME keydown is never taken (ED-11, the listener guard) (666ms)
  ✓  20 [chrome] › gestures.spec.mjs:219:1 › observational numbers are recorded, never gated (DOM-5, BIG-7-shaped) (569ms)
  ✓  21 [chrome] › presentation.spec.mjs:36:1 › geometry tokens are inline and read-only: an ancestor or stylesheet cannot move them (UX-2) (591ms)
  ✓  22 [chrome] › presentation.spec.mjs:58:1 › the painted heights equal the declared metrics exactly (UX-3, ST-3) (536ms)
  ✓  23 [chrome] › presentation.spec.mjs:75:1 › a Visual Token set on an ancestor recolours the paint (UX-5, the paint half) (564ms)
  ✓  24 [chrome] › presentation.spec.mjs:90:1 › nothing inside the Viewport transitions or animates (UX-6) (557ms)
  ✓  25 [chrome] › presentation.spec.mjs:106:1 › forced colors keep every Cell State and Row Kind tellable (UX-7, on /cells) (569ms)
  ✓  26 [chrome] › presentation.spec.mjs:132:1 › under a dark scheme the untouched grid stays readable (UX-8) (562ms)
  ✓  27 [chrome] › presentation.spec.mjs:155:1 › inside an RTL ancestor the grid stays an LTR island (DIR-2/DIR-3) (586ms)
  ✓  28 [chrome] › presentation.spec.mjs:186:1 › the editor's box is exactly the cell's (ED-9) (623ms)
  ✓  29 [chrome] › presentation.spec.mjs:204:1 › the pointer leaving the grid stops the auto-scroll (SL-14/SL-15) (2.3s)
  ✓  30 [chrome] › presentation.spec.mjs:231:1 › the Blazor error UI never appears (CON-5) (594ms)
  ✓  31 [chrome] › scrollbar.spec.mjs:182:5 › the Focus is never behind a scrollbar (ADR-0012/0013) › with the platform's own scrollbars (651ms)
  ✓  32 [chrome] › scrollbar.spec.mjs:192:5 › the Focus is never behind a scrollbar (ADR-0012/0013) › with scrollbars that occupy layout (661ms)
  ✓  33 [chrome] › scrollbar.spec.mjs:212:5 › the Focus is never behind a scrollbar (ADR-0012/0013) › at every zoom level, after moving again (800ms)
  ✓  34 [chrome] › virtualisation.spec.mjs:31:1 › the far corner is reachable and painted at 100,000 rows (BIG-1-shaped, on /wide) (993ms)
  ✓  35 [chrome] › virtualisation.spec.mjs:47:1 › scrolling changes which rows exist, not how many elements do (VZ-1-shaped) (1.4s)
  ✓  36 [chrome] › virtualisation.spec.mjs:65:1 › the selection overlay is rectangles, not per-cell paint (SL-6/DOM-2-shaped) (606ms)

  36 passed (29.7s)
