| Leaves | RTT ms | Mode | Action | Frame median (min) ms | Parse ms | Compute ms | Server report min ms | gzip bytes |
|---:|---:|:---:|:---|---:|---:|---:|---:|---:|
| 2,976 | 0 | A | initial | 33.30 (24.90) | 12.90 | 0.80 | 0.00 | 41966.00 |
| 2,976 | 0 | A | visible 1 | 31.80 (8.20) | 0.10 | 0.00 | 0.00 | 126.00 |
| 2,976 | 0 | A | off-screen 1 | 31.90 (14.00) | 0.10 | 0.00 | 0.00 | 128.00 |
| 2,976 | 0 | A | visible 1000 | 31.50 (15.90) | 3.40 | 0.40 | 0.00 | 9231.00 |
| 2,976 | 0 | A | off-screen 1000 | 31.70 (16.30) | 3.60 | 0.40 | 0.00 | 9222.00 |
| 2,976 | 0 | A | collapse | 31.60 (16.80) | 0.00 | 0.00 | — | 0.00 |
| 2,976 | 0 | A | expand | 31.60 (16.00) | 0.00 | 0.00 | — | 0.00 |
| 2,976 | 0 | A | sort | 31.50 (16.50) | 0.00 | 1.90 | — | 0.00 |
| 2,976 | 0 | B | initial | 12.60 (7.90) | 0.70 | 0.00 | 0.06 | 744.00 |
| 2,976 | 0 | B | visible 1 | 31.60 (20.70) | 0.10 | 0.00 | 0.01 | 217.00 |
| 2,976 | 0 | B | off-screen 1 | 31.30 (20.30) | 0.10 | 0.00 | 0.01 | 96.00 |
| 2,976 | 0 | B | visible 1000 | 30.90 (20.90) | 0.10 | 0.00 | 0.04 | 216.00 |
| 2,976 | 0 | B | off-screen 1000 | 31.00 (21.80) | 0.10 | 0.00 | 0.04 | 96.00 |
| 2,976 | 0 | B | collapse | 31.20 (22.10) | 1.10 | 0.00 | 0.01 | 734.00 |
| 2,976 | 0 | B | expand | 30.90 (21.10) | 0.90 | 0.00 | 0.01 | 744.00 |
| 2,976 | 0 | B | sort | 31.10 (20.90) | 0.80 | 0.00 | 0.11 | 747.00 |
| 2,976 | 150 | A | initial | 207.00 (193.70) | 28.60 | 1.20 | 0.00 | 41966.00 |
| 2,976 | 150 | A | visible 1 | 170.90 (163.50) | 0.30 | 0.10 | 0.00 | 126.00 |
| 2,976 | 150 | A | off-screen 1 | 177.90 (163.00) | 0.20 | 0.00 | 0.00 | 128.00 |
| 2,976 | 150 | A | visible 1000 | 181.10 (175.60) | 7.80 | 0.80 | 0.00 | 9231.00 |
| 2,976 | 150 | A | off-screen 1000 | 180.70 (178.10) | 7.40 | 0.80 | 0.00 | 9222.00 |
| 2,976 | 150 | A | collapse | 30.40 (18.60) | 0.00 | 0.00 | — | 0.00 |
| 2,976 | 150 | A | expand | 30.80 (5.60) | 0.00 | 0.00 | — | 0.00 |
| 2,976 | 150 | A | sort | 30.70 (6.80) | 0.00 | 2.20 | — | 0.00 |
| 2,976 | 150 | B | initial | 176.50 (168.50) | 1.80 | 0.00 | 0.13 | 744.00 |
| 2,976 | 150 | B | visible 1 | 178.60 (164.70) | 0.40 | 0.00 | 0.04 | 217.00 |
| 2,976 | 150 | B | off-screen 1 | 177.70 (173.20) | 0.20 | 0.00 | 0.05 | 96.00 |
| 2,976 | 150 | B | visible 1000 | 177.30 (173.60) | 0.40 | 0.00 | 0.18 | 216.00 |
| 2,976 | 150 | B | off-screen 1000 | 177.60 (175.40) | 0.20 | 0.00 | 0.08 | 96.00 |
| 2,976 | 150 | B | collapse | 178.30 (175.80) | 2.30 | 0.00 | 0.03 | 734.00 |
| 2,976 | 150 | B | expand | 179.40 (176.90) | 2.70 | 0.00 | 0.02 | 744.00 |
| 2,976 | 150 | B | sort | 179.80 (172.60) | 2.30 | 0.00 | 0.24 | 747.00 |
| 100,000 | 0 | A | initial | 728.50 (708.30) | 435.70 | 18.70 | 0.00 | 1226290.00 |
| 100,000 | 0 | A | visible 1 | 31.30 (7.40) | 0.00 | 0.00 | 0.00 | 126.00 |
| 100,000 | 0 | A | off-screen 1 | 31.30 (8.00) | 0.10 | 0.00 | 0.00 | 130.00 |
| 100,000 | 0 | A | visible 1000 | 31.30 (19.10) | 3.30 | 0.40 | 0.00 | 7823.00 |
| 100,000 | 0 | A | off-screen 1000 | 31.10 (17.50) | 3.40 | 0.40 | 0.00 | 7822.00 |
| 100,000 | 0 | A | collapse | 31.10 (10.50) | 0.00 | 0.00 | — | 0.00 |
| 100,000 | 0 | A | expand | 31.10 (10.70) | 0.00 | 0.00 | — | 0.00 |
| 100,000 | 0 | A | sort | 64.20 (58.50) | 0.00 | 57.40 | — | 0.00 |
| 100,000 | 0 | B | initial | 16.20 (12.20) | 0.60 | 0.00 | 1.43 | 635.00 |
| 100,000 | 0 | B | visible 1 | 31.60 (13.90) | 0.10 | 0.00 | 0.01 | 217.00 |
| 100,000 | 0 | B | off-screen 1 | 31.30 (5.70) | 0.10 | 0.00 | 0.01 | 98.00 |
| 100,000 | 0 | B | visible 1000 | 31.10 (12.30) | 0.10 | 0.00 | 0.04 | 216.00 |
| 100,000 | 0 | B | off-screen 1000 | 30.70 (11.50) | 0.10 | 0.00 | 0.03 | 98.00 |
| 100,000 | 0 | B | collapse | 30.40 (11.30) | 1.00 | 0.00 | 0.00 | 662.00 |
| 100,000 | 0 | B | expand | 30.70 (9.20) | 1.30 | 0.00 | 0.01 | 636.00 |
| 100,000 | 0 | B | sort | 30.60 (10.40) | 0.80 | 0.00 | 3.12 | 637.00 |
| 100,000 | 150 | A | initial | 898.10 (887.90) | 437.10 | 18.70 | 0.00 | 1226290.00 |
| 100,000 | 150 | A | visible 1 | 164.80 (163.20) | 0.20 | 0.00 | 0.00 | 126.00 |
| 100,000 | 150 | A | off-screen 1 | 165.50 (161.30) | 0.20 | 0.00 | 0.00 | 130.00 |
| 100,000 | 150 | A | visible 1000 | 177.80 (176.70) | 7.20 | 0.80 | 0.00 | 7823.00 |
| 100,000 | 150 | A | off-screen 1000 | 179.30 (177.90) | 7.10 | 0.70 | 0.00 | 7822.00 |
| 100,000 | 150 | A | collapse | 28.20 (14.20) | 0.00 | 0.00 | — | 0.00 |
| 100,000 | 150 | A | expand | 27.60 (16.80) | 0.00 | 0.00 | — | 0.00 |
| 100,000 | 150 | A | sort | 80.50 (68.30) | 0.00 | 64.10 | — | 0.00 |
| 100,000 | 150 | B | initial | 196.60 (180.60) | 1.60 | 0.00 | 2.75 | 635.00 |
| 100,000 | 150 | B | visible 1 | 177.60 (162.90) | 0.30 | 0.00 | 0.02 | 217.00 |
| 100,000 | 150 | B | off-screen 1 | 174.60 (161.10) | 0.20 | 0.00 | 0.03 | 98.00 |
| 100,000 | 150 | B | visible 1000 | 176.80 (174.20) | 0.40 | 0.00 | 0.07 | 216.00 |
| 100,000 | 150 | B | off-screen 1000 | 176.70 (160.10) | 0.30 | 0.00 | 0.10 | 98.00 |
| 100,000 | 150 | B | collapse | 175.20 (174.10) | 2.70 | 0.00 | 0.02 | 662.00 |
| 100,000 | 150 | B | expand | 178.70 (173.40) | 3.00 | 0.00 | 0.02 | 636.00 |
| 100,000 | 150 | B | sort | 179.60 (177.70) | 1.90 | 0.00 | 7.48 | 637.00 |
| 400,000 | 0 | A | initial | 2814.30 (2774.60) | 1667.20 | 70.30 | 0.00 | 4853763.00 |
| 400,000 | 0 | A | visible 1 | 30.60 (18.40) | 0.00 | 0.00 | 0.00 | 125.00 |
| 400,000 | 0 | A | off-screen 1 | 30.90 (19.90) | 0.10 | 0.00 | 0.00 | 129.00 |
| 400,000 | 0 | A | visible 1000 | 30.70 (15.30) | 3.20 | 0.40 | 0.00 | 7969.00 |
| 400,000 | 0 | A | off-screen 1000 | 30.60 (14.80) | 3.30 | 0.40 | 0.00 | 7965.00 |
| 400,000 | 0 | A | collapse | 30.30 (19.10) | 0.00 | 0.00 | — | 0.00 |
| 400,000 | 0 | A | expand | 30.30 (6.60) | 0.00 | 0.00 | — | 0.00 |
| 400,000 | 0 | A | sort | 297.00 (288.40) | 0.00 | 283.60 | — | 0.00 |
| 400,000 | 0 | B | initial | 36.30 (29.70) | 0.60 | 0.00 | 6.14 | 637.00 |
| 400,000 | 0 | B | visible 1 | 30.90 (4.80) | 0.10 | 0.00 | 0.01 | 218.00 |
| 400,000 | 0 | B | off-screen 1 | 30.40 (5.70) | 0.00 | 0.00 | 0.02 | 98.00 |
| 400,000 | 0 | B | visible 1000 | 30.60 (10.60) | 0.10 | 0.00 | 0.03 | 217.00 |
| 400,000 | 0 | B | off-screen 1000 | 30.10 (11.80) | 0.10 | 0.00 | 0.04 | 98.00 |
| 400,000 | 0 | B | collapse | 30.10 (10.00) | 1.00 | 0.00 | 0.01 | 660.00 |
| 400,000 | 0 | B | expand | 29.60 (18.10) | 1.10 | 0.00 | 0.01 | 640.00 |
| 400,000 | 0 | B | sort | 30.50 (29.70) | 1.00 | 0.00 | 20.22 | 651.00 |
| 400,000 | 150 | A | initial | 2960.30 (2949.60) | 1670.30 | 72.00 | 0.00 | 4853763.00 |
| 400,000 | 150 | A | visible 1 | 162.70 (159.90) | 0.10 | 0.00 | 0.00 | 125.00 |
| 400,000 | 150 | A | off-screen 1 | 163.70 (158.60) | 0.20 | 0.00 | 0.00 | 129.00 |
| 400,000 | 150 | A | visible 1000 | 176.90 (161.60) | 7.50 | 0.70 | 0.00 | 7969.00 |
| 400,000 | 150 | A | off-screen 1000 | 180.30 (163.80) | 7.20 | 0.70 | 0.00 | 7965.00 |
| 400,000 | 150 | A | collapse | 30.70 (7.90) | 0.00 | 0.00 | — | 0.00 |
| 400,000 | 150 | A | expand | 27.50 (7.60) | 0.00 | 0.00 | — | 0.00 |
| 400,000 | 150 | A | sort | 295.50 (293.40) | 0.00 | 287.40 | — | 0.00 |
| 400,000 | 150 | B | initial | 217.30 (209.90) | 1.20 | 0.00 | 7.67 | 637.00 |
| 400,000 | 150 | B | visible 1 | 178.70 (162.60) | 0.30 | 0.00 | 0.02 | 218.00 |
| 400,000 | 150 | B | off-screen 1 | 175.40 (163.20) | 0.20 | 0.00 | 0.02 | 98.00 |
| 400,000 | 150 | B | visible 1000 | 174.70 (161.40) | 0.50 | 0.00 | 0.06 | 217.00 |
| 400,000 | 150 | B | off-screen 1000 | 177.80 (174.30) | 0.20 | 0.00 | 0.07 | 98.00 |
| 400,000 | 150 | B | collapse | 175.90 (172.60) | 2.30 | 0.00 | 0.02 | 660.00 |
| 400,000 | 150 | B | expand | 177.80 (175.80) | 2.70 | 0.00 | 0.01 | 640.00 |
| 400,000 | 150 | B | sort | 211.20 (194.50) | 1.80 | 0.00 | 26.65 | 651.00 |
