
Running 10 tests using 1 worker

  ok  1 [msedge] › mud-app.spec.mjs:447:1 › WR-6: Striped paints the palette's table-stripe colour in both schemes, and a switch re-renders no row (ADR-0038/0030, RR-1) (564ms)
  ok  2 [msedge] › mud-app.spec.mjs:447:1 › WR-6: Striped paints the palette's table-stripe colour in both schemes, and a switch re-renders no row (ADR-0038/0030, RR-1) (600ms)
  ok  3 [msedge] › mud-app.spec.mjs:447:1 › WR-6: Striped paints the palette's table-stripe colour in both schemes, and a switch re-renders no row (ADR-0038/0030, RR-1) (750ms)
  ok  4 [msedge] › mud-app.spec.mjs:447:1 › WR-6: Striped paints the palette's table-stripe colour in both schemes, and a switch re-renders no row (ADR-0038/0030, RR-1) (637ms)
  ok  5 [msedge] › mud-app.spec.mjs:447:1 › WR-6: Striped paints the palette's table-stripe colour in both schemes, and a switch re-renders no row (ADR-0038/0030, RR-1) (624ms)
  ok  6 [msedge] › mud-app.spec.mjs:447:1 › WR-6: Striped paints the palette's table-stripe colour in both schemes, and a switch re-renders no row (ADR-0038/0030, RR-1) (596ms)
  ok  7 [msedge] › mud-app.spec.mjs:447:1 › WR-6: Striped paints the palette's table-stripe colour in both schemes, and a switch re-renders no row (ADR-0038/0030, RR-1) (622ms)
  ok  8 [msedge] › mud-app.spec.mjs:447:1 › WR-6: Striped paints the palette's table-stripe colour in both schemes, and a switch re-renders no row (ADR-0038/0030, RR-1) (638ms)
  ok  9 [msedge] › mud-app.spec.mjs:447:1 › WR-6: Striped paints the palette's table-stripe colour in both schemes, and a switch re-renders no row (ADR-0038/0030, RR-1) (611ms)
  x  10 [msedge] › mud-app.spec.mjs:447:1 › WR-6: Striped paints the palette's table-stripe colour in both schemes, and a switch re-renders no row (ADR-0038/0030, RR-1) (608ms)


  1) [msedge] › mud-app.spec.mjs:447:1 › WR-6: Striped paints the palette's table-stripe colour in both schemes, and a switch re-renders no row (ADR-0038/0030, RR-1) 

    Error: expect(received).toEqual(expected) // deep equality

    - Expected  - 1
    + Received  + 0

    @@ -6,7 +6,6 @@
        "4",
        "5",
        "6",
        "7",
        "8",
    -   "9",
      ]

      488 |     expect(dark.rowImage).toContain(dark.token);
      489 |     const probes = await positions(page).evaluate((root) => [...root.querySelectorAll('.ex-row')].map((row) => row.dataset.probe));
    > 490 |     expect(probes).toEqual([...Array(count).keys()].map(String));
          |                    ^
      491 | });
      492 |
        at C:\Users\amisa\AppData\Local\exgrid-layer3\run-2026-09-29-5\tests\ExGrid.Browser\mud-app.spec.mjs:490:20

    Error Context: test-results-rep10-wr6-server-msedge\mud-app-WR-6-Striped-paint-137c0--no-row-ADR-0038-0030-RR-1--msedge-repeat9\error-context.md

    attachment #2: trace (application/zip) ─────────────────────────────────────────────────────────
    test-results-rep10-wr6-server-msedge\mud-app-WR-6-Striped-paint-137c0--no-row-ADR-0038-0030-RR-1--msedge-repeat9\trace.zip
    Usage:

        npx playwright show-trace test-results-rep10-wr6-server-msedge\mud-app-WR-6-Striped-paint-137c0--no-row-ADR-0038-0030-RR-1--msedge-repeat9\trace.zip

    ────────────────────────────────────────────────────────────────────────────────────────────────

  1 failed
    [msedge] › mud-app.spec.mjs:447:1 › WR-6: Striped paints the palette's table-stripe colour in both schemes, and a switch re-renders no row (ADR-0038/0030, RR-1) 
  9 passed (16.0s)
