
Running 3 tests using 1 worker

  x  1 [msedge] › declarations.spec.mjs:596:1 › DC-13: the edge auto-scroll carries a fill past the bottom of the Viewport (4.4s)
  ok 2 [msedge] › declarations.spec.mjs:596:1 › DC-13: the edge auto-scroll carries a fill past the bottom of the Viewport (4.6s)
  ok 3 [msedge] › declarations.spec.mjs:596:1 › DC-13: the edge auto-scroll carries a fill past the bottom of the Viewport (4.5s)


  1) [msedge] › declarations.spec.mjs:596:1 › DC-13: the edge auto-scroll carries a fill past the bottom of the Viewport 

    Error: expect(received).toBeGreaterThan(expected)

    Expected: > 20
    Received:   2

      627 |     const end = await nameBox(grid).inputValue();
      628 |     const last = Number(end.slice(1));
    > 629 |     expect(last).toBeGreaterThan(20);
          |                  ^
      630 |     await expect(cell(grid, end)).toHaveText(String(last - 1));
      631 | });
      632 |
        at C:\Users\amisa\AppData\Local\exgrid-layer3\run-2026-09-29-5\tests\ExGrid.Browser\declarations.spec.mjs:629:18

    Error Context: test-results-rerun-dc13-server-msedge\declarations-DC-13-the-edg-303c4--the-bottom-of-the-Viewport-msedge\error-context.md

    attachment #2: trace (application/zip) ─────────────────────────────────────────────────────────
    test-results-rerun-dc13-server-msedge\declarations-DC-13-the-edg-303c4--the-bottom-of-the-Viewport-msedge\trace.zip
    Usage:

        npx playwright show-trace test-results-rerun-dc13-server-msedge\declarations-DC-13-the-edg-303c4--the-bottom-of-the-Viewport-msedge\trace.zip

    ────────────────────────────────────────────────────────────────────────────────────────────────

  1 failed
    [msedge] › declarations.spec.mjs:596:1 › DC-13: the edge auto-scroll carries a fill past the bottom of the Viewport 
  2 passed (17.3s)
