Running 140 tests using 1 worker
  ok   1 [chrome] › features.spec.mjs:44:1 › typing opens Overwrite containing the character, Enter commits and moves (ED-2/ED-4) (852ms)
  ok   2 [chrome] › features.spec.mjs:64:1 › in Overwrite an arrow commits and moves; in Caret it moves the caret (ED-2) (823ms)
  ok   3 [chrome] › features.spec.mjs:81:1 › Escape cancels the editor and never blurs the grid mid-edit (ED-3) (859ms)
  ok   4 [chrome] › features.spec.mjs:96:1 › the clipboard carries both formats, and #### never reaches it (CP-4/CP-5/CP-6/CP-10) (788ms)
  ok   5 [chrome] › features.spec.mjs:126:1 › a misaligned selection refuses and the clipboard stays untouched (CP-1/CP-3) (856ms)
  ok   6 [chrome] › features.spec.mjs:140:1 › paste raises one intent shaped by the clipboard block (CP-14, PST-1) (870ms)
  ok   7 [chrome] › features.spec.mjs:151:1 › a paste covering a non-editable column is refused whole (CP-16, ADR-0035) (799ms)
  ok   8 [chrome] › features.spec.mjs:166:1 › Ctrl+Enter fill across a non-editable column is refused, and says so (CP-16, ADR-0035) (796ms)
  ok   9 [chrome] › features.spec.mjs:187:1 › a refusal is announced, not only painted (A11Y-16, ADR-0035) (853ms)
  ok  10 [chrome] › features.spec.mjs:208:1 › a secondary click opens the grid's menu, not the browser's (CTX-1/CTX-5, ADR-0036) (803ms)
  ok  11 [chrome] › features.spec.mjs:223:1 › a secondary click outside the selection moves it first (CTX-1, ADR-0036) (857ms)
  ok  12 [chrome] › features.spec.mjs:234:1 › a Consumer command receives the clicked row and the selection (CTX-3, ADR-0036) (853ms)
  ok  13 [chrome] › features.spec.mjs:244:1 › the ContextMenu key opens it on the Focus (CTX-4, ADR-0036) (803ms)
  ok  14 [chrome] › features.spec.mjs:255:1 › a menu copy writes without a prompt, and with headers (CP-19/CP-17, ADR-0005/0036) (874ms)
  ok  15 [chrome] › features.spec.mjs:271:1 › a Reject holds the editor with real keys, and Escape is the way out (ED-15, ADR-0034) (828ms)
  ok  16 [chrome] › features.spec.mjs:290:1 › a Flag applies and is marked, and its message opens on the Focus (ED-16/ED-17, ADR-0034) (1.7s)
  ok  17 [chrome] › features.spec.mjs:307:1 › a flagged cell says why when the pointer rests on it (ED-17b, ADR-0021/0034) (1.7s)
  ok  18 [chrome] › features.spec.mjs:327:1 › a pasted value wears the same mark as a typed one (ADR-0034) (834ms)
  ok  19 [chrome] › features.spec.mjs:337:1 › Ctrl+PageDown is neither handled nor prevented (KB-15) (833ms)
  ok  20 [chrome] › features.spec.mjs:360:1 › the grid is one tab stop (A11Y-4, KB-12) (837ms)
  ok  21 [chrome] › features.spec.mjs:389:1 › two instances stay independent: no --ex-* on :root, no window global (DOM-4) (797ms)
  ok  22 [chrome] › features.spec.mjs:408:1 › a header click sorts and the selection is untouched by it (SR-1) (769ms)
  ok  23 [chrome] › features.spec.mjs:419:1 › popovers are not clipped by the scroll container and stay per instance (UX-11) (897ms)
  ok  24 [chrome] › features.spec.mjs:444:1 › a display-only grid does not take printable keys away from the page (ADR-0010/0020) (1.3s)
  ok  25 [chrome] › features.spec.mjs:466:1 › Escape returns the keyboard from a descendant control to the grid (ADR-0020/0012) (1.3s)
  ok  26 [chrome] › features.spec.mjs:501:1 › Space enters a cell with several actions; the arrows choose and Space fires once (KB-20/KB-21, ADR-0037) (1.5s)
  ok  27 [chrome] › features.spec.mjs:528:1 › inside a cell Enter never fires: it leaves and moves down (KB-22, ADR-0020/0037) (1.4s)
  ok  28 [chrome] › features.spec.mjs:540:1 › Escape leaves an Interactive cell and the grid keeps the keyboard (KB-22, ADR-0037) (1.3s)
  ok  29 [chrome] › features.spec.mjs:551:1 › Space puts the caret in a Template cell's field, and Escape brings the keyboard back (KB-23/KB-24, ADR-0037) (1.3s)
  ok  30 [chrome] › features.spec.mjs:568:1 › a held Space fires a one-action cell once (KB-26, ADR-0037) (1.3s)
  ok  31 [chrome] › features.spec.mjs:582:1 › holding Space to enter a cell fires nothing (KB-26, ADR-0037) (1.4s)
  ok  32 [chrome] › features.spec.mjs:596:1 › Shift+Tab from after the grid lands on the root, not on a button inside it (A11Y-17, ADR-0037) (1.3s)
  ok  33 [chrome] › features.spec.mjs:615:1 › the chosen action is outlined, with and without forced colors (UX-14, ADR-0029/0037) (1.9s)
  ok  34 [chrome] › features.spec.mjs:628:1 › a press dragged off an action leaves no button holding the keyboard, and Enter fires nothing (KB-27, ADR-0020/0037) (1.3s)
  ok  35 [chrome] › gestures.spec.mjs:75:1 › a leaf drag reorders within its group and clamps at its edge (HG-14/HG-15) (889ms)
  ok  36 [chrome] › gestures.spec.mjs:94:1 › grabbing a group rectangle moves the whole group (HG-14) (917ms)
  ok  37 [chrome] › gestures.spec.mjs:109:1 › a resize drag with a real mouse applies on release (ADR-0016) (877ms)
  ok  38 [chrome] › gestures.spec.mjs:125:1 › pasting onto an off-screen selection works, and the indicator showed first (PST-3) (811ms)
  ok  39 [chrome] › gestures.spec.mjs:141:1 › a ~10MB paste parses without freezing the grid (PST-5, PST-6 recorded) (3.3s)
  ok  40 [chrome] › gestures.spec.mjs:173:1 › the focus outline holds 3:1 against the cell ground under the default theme (UX-9) (756ms)
  ok  41 [chrome] › gestures.spec.mjs:195:1 › narrowing the scrollbar by token changes the gutter and the geometry follows (UX-10) (997ms)
  ok  42 [chrome] › gestures.spec.mjs:226:1 › a composing IME keydown is never taken (ED-11, the listener guard) (768ms)
  ok  43 [chrome] › gestures.spec.mjs:251:1 › observational numbers are recorded, never gated (DOM-5, BIG-7-shaped) (763ms)
  ok  44 [chrome] › mud.spec.mjs:60:1 › the painted geometry equals the declared metrics under the real Wrapper stylesheet (UX-3) (890ms)
  ok  45 [chrome] › mud.spec.mjs:81:1 › nothing under the Viewport transitions or animates with the Wrapper loaded (UX-6) (861ms)
  ok  46 [chrome] › mud.spec.mjs:99:1 › the focus outline and the selection fill stay visible under the Wrapper theme, light and dark (UX-9) (910ms)
  ok  47 [chrome] › mud.spec.mjs:126:1 › a loss is painted in the palette's error colour by the Consumer's tone rule, and only there (ADR-0006, FN-7a) (798ms)
  ok  48 [chrome] › mud.spec.mjs:148:1 › a theme switch re-renders nothing inside the grid: the rows are the same elements (RR-1) (901ms)
  ok  49 [chrome] › mud.spec.mjs:166:1 › the row under the pointer is highlighted by an overlay band, in the hovered instance only (UX-13) (916ms)
  ok  50 [chrome] › mud.spec.mjs:191:1 › the Wrapper's editor opens inside the core's box with the typed character, and commits (ED-4, ADR-0030) (904ms)
  ok  51 [chrome] › mud.spec.mjs:222:1 › the loading bar is a MudProgressLinear where the core places its seam, only while loading (941ms)
  ok  52 [chrome] › mud.spec.mjs:234:1 › the paper's corners: rounded with an inset, square flush; the grid's own box is untouched (936ms)
  ok  53 [chrome] › presentation.spec.mjs:36:1 › geometry tokens are inline and read-only: an ancestor or stylesheet cannot move them (UX-2) (834ms)
  ok  54 [chrome] › presentation.spec.mjs:58:1 › the painted heights equal the declared metrics exactly (UX-3, ST-3) (757ms)
  ok  55 [chrome] › presentation.spec.mjs:75:1 › a Visual Token set on an ancestor recolours the paint (UX-5, the paint half) (805ms)
  ok  56 [chrome] › presentation.spec.mjs:90:1 › nothing inside the Viewport transitions or animates (UX-6) (794ms)
  ok  57 [chrome] › presentation.spec.mjs:106:1 › forced colors keep every Cell State and Row Kind tellable (UX-7, on /cells) (745ms)
  ok  58 [chrome] › presentation.spec.mjs:132:1 › under a dark scheme the untouched grid stays readable (UX-8) (789ms)
  ok  59 [chrome] › presentation.spec.mjs:155:1 › inside an RTL ancestor the grid stays an LTR island (DIR-2/DIR-3) (844ms)
  ok  60 [chrome] › presentation.spec.mjs:186:1 › a Header Group label is centred, and nothing aligns it vertically (HG-13, ADR-0032) (769ms)
  ok  61 [chrome] › presentation.spec.mjs:203:1 › the editor's box is exactly the cell's (ED-9) (849ms)
  ok  62 [chrome] › presentation.spec.mjs:221:1 › the pointer leaving the grid stops the auto-scroll (SL-14/SL-15) (2.5s)
  ok  63 [chrome] › presentation.spec.mjs:248:1 › the Blazor error UI never appears (CON-5) (812ms)
  ok  64 [chrome] › scrollbar.spec.mjs:213:5 › the Focus is never behind a scrollbar (ADR-0012/0013) › with the platform's own scrollbars (821ms)
  ok  65 [chrome] › scrollbar.spec.mjs:223:5 › the Focus is never behind a scrollbar (ADR-0012/0013) › with scrollbars that occupy layout (847ms)
  ok  66 [chrome] › scrollbar.spec.mjs:249:5 › the Focus is never behind a scrollbar (ADR-0012/0013) › at every zoom level, after moving again (978ms)
  ok  67 [chrome] › scrollbar.spec.mjs:324:5 › on a Windows desktop at fractional display scaling (VZ-14) › the Focus stays readable with the OS doing the scaling (819ms)
  ok  68 [chrome] › virtualisation.spec.mjs:31:1 › the far corner is reachable and painted at 100,000 rows (BIG-1-shaped, on /wide) (1.2s)
  ok  69 [chrome] › virtualisation.spec.mjs:47:1 › scrolling changes which rows exist, not how many elements do (VZ-1-shaped) (1.6s)
  ok  70 [chrome] › virtualisation.spec.mjs:65:1 › the selection overlay is rectangles, not per-cell paint (SL-6/DOM-2-shaped) (811ms)
  ok  71 [msedge] › features.spec.mjs:44:1 › typing opens Overwrite containing the character, Enter commits and moves (ED-2/ED-4) (907ms)
  ok  72 [msedge] › features.spec.mjs:64:1 › in Overwrite an arrow commits and moves; in Caret it moves the caret (ED-2) (923ms)
  ok  73 [msedge] › features.spec.mjs:81:1 › Escape cancels the editor and never blurs the grid mid-edit (ED-3) (899ms)
  ok  74 [msedge] › features.spec.mjs:96:1 › the clipboard carries both formats, and #### never reaches it (CP-4/CP-5/CP-6/CP-10) (880ms)
  ok  75 [msedge] › features.spec.mjs:126:1 › a misaligned selection refuses and the clipboard stays untouched (CP-1/CP-3) (880ms)
  ok  76 [msedge] › features.spec.mjs:140:1 › paste raises one intent shaped by the clipboard block (CP-14, PST-1) (873ms)
  ok  77 [msedge] › features.spec.mjs:151:1 › a paste covering a non-editable column is refused whole (CP-16, ADR-0035) (882ms)
  ok  78 [msedge] › features.spec.mjs:166:1 › Ctrl+Enter fill across a non-editable column is refused, and says so (CP-16, ADR-0035) (891ms)
  ok  79 [msedge] › features.spec.mjs:187:1 › a refusal is announced, not only painted (A11Y-16, ADR-0035) (897ms)
  ok  80 [msedge] › features.spec.mjs:208:1 › a secondary click opens the grid's menu, not the browser's (CTX-1/CTX-5, ADR-0036) (867ms)
  ok  81 [msedge] › features.spec.mjs:223:1 › a secondary click outside the selection moves it first (CTX-1, ADR-0036) (866ms)
  ok  82 [msedge] › features.spec.mjs:234:1 › a Consumer command receives the clicked row and the selection (CTX-3, ADR-0036) (856ms)
  ok  83 [msedge] › features.spec.mjs:244:1 › the ContextMenu key opens it on the Focus (CTX-4, ADR-0036) (820ms)
  ok  84 [msedge] › features.spec.mjs:255:1 › a menu copy writes without a prompt, and with headers (CP-19/CP-17, ADR-0005/0036) (829ms)
  ok  85 [msedge] › features.spec.mjs:271:1 › a Reject holds the editor with real keys, and Escape is the way out (ED-15, ADR-0034) (844ms)
  ok  86 [msedge] › features.spec.mjs:290:1 › a Flag applies and is marked, and its message opens on the Focus (ED-16/ED-17, ADR-0034) (1.6s)
  ok  87 [msedge] › features.spec.mjs:307:1 › a flagged cell says why when the pointer rests on it (ED-17b, ADR-0021/0034) (1.7s)
  ok  88 [msedge] › features.spec.mjs:327:1 › a pasted value wears the same mark as a typed one (ADR-0034) (852ms)
  ok  89 [msedge] › features.spec.mjs:337:1 › Ctrl+PageDown is neither handled nor prevented (KB-15) (849ms)
  ok  90 [msedge] › features.spec.mjs:360:1 › the grid is one tab stop (A11Y-4, KB-12) (848ms)
  ok  91 [msedge] › features.spec.mjs:389:1 › two instances stay independent: no --ex-* on :root, no window global (DOM-4) (815ms)
  ok  92 [msedge] › features.spec.mjs:408:1 › a header click sorts and the selection is untouched by it (SR-1) (820ms)
  ok  93 [msedge] › features.spec.mjs:419:1 › popovers are not clipped by the scroll container and stay per instance (UX-11) (920ms)
  ok  94 [msedge] › features.spec.mjs:444:1 › a display-only grid does not take printable keys away from the page (ADR-0010/0020) (1.4s)
  ok  95 [msedge] › features.spec.mjs:466:1 › Escape returns the keyboard from a descendant control to the grid (ADR-0020/0012) (1.5s)
  ok  96 [msedge] › features.spec.mjs:501:1 › Space enters a cell with several actions; the arrows choose and Space fires once (KB-20/KB-21, ADR-0037) (1.4s)
  ok  97 [msedge] › features.spec.mjs:528:1 › inside a cell Enter never fires: it leaves and moves down (KB-22, ADR-0020/0037) (1.4s)
  ok  98 [msedge] › features.spec.mjs:540:1 › Escape leaves an Interactive cell and the grid keeps the keyboard (KB-22, ADR-0037) (1.4s)
  ok  99 [msedge] › features.spec.mjs:551:1 › Space puts the caret in a Template cell's field, and Escape brings the keyboard back (KB-23/KB-24, ADR-0037) (1.4s)
  ok 100 [msedge] › features.spec.mjs:568:1 › a held Space fires a one-action cell once (KB-26, ADR-0037) (1.4s)
  ok 101 [msedge] › features.spec.mjs:582:1 › holding Space to enter a cell fires nothing (KB-26, ADR-0037) (1.4s)
  ok 102 [msedge] › features.spec.mjs:596:1 › Shift+Tab from after the grid lands on the root, not on a button inside it (A11Y-17, ADR-0037) (1.4s)
  ok 103 [msedge] › features.spec.mjs:615:1 › the chosen action is outlined, with and without forced colors (UX-14, ADR-0029/0037) (2.0s)
  ok 104 [msedge] › features.spec.mjs:628:1 › a press dragged off an action leaves no button holding the keyboard, and Enter fires nothing (KB-27, ADR-0020/0037) (1.5s)
  ok 105 [msedge] › gestures.spec.mjs:75:1 › a leaf drag reorders within its group and clamps at its edge (HG-14/HG-15) (921ms)
  ok 106 [msedge] › gestures.spec.mjs:94:1 › grabbing a group rectangle moves the whole group (HG-14) (949ms)
  ok 107 [msedge] › gestures.spec.mjs:109:1 › a resize drag with a real mouse applies on release (ADR-0016) (925ms)
  ok 108 [msedge] › gestures.spec.mjs:125:1 › pasting onto an off-screen selection works, and the indicator showed first (PST-3) (929ms)
  ok 109 [msedge] › gestures.spec.mjs:141:1 › a ~10MB paste parses without freezing the grid (PST-5, PST-6 recorded) (3.2s)
  ok 110 [msedge] › gestures.spec.mjs:173:1 › the focus outline holds 3:1 against the cell ground under the default theme (UX-9) (848ms)
  ok 111 [msedge] › gestures.spec.mjs:195:1 › narrowing the scrollbar by token changes the gutter and the geometry follows (UX-10) (1.0s)
  ok 112 [msedge] › gestures.spec.mjs:226:1 › a composing IME keydown is never taken (ED-11, the listener guard) (863ms)
  ok 113 [msedge] › gestures.spec.mjs:251:1 › observational numbers are recorded, never gated (DOM-5, BIG-7-shaped) (808ms)
  ok 114 [msedge] › mud.spec.mjs:60:1 › the painted geometry equals the declared metrics under the real Wrapper stylesheet (UX-3) (910ms)
  ok 115 [msedge] › mud.spec.mjs:81:1 › nothing under the Viewport transitions or animates with the Wrapper loaded (UX-6) (818ms)
  ok 116 [msedge] › mud.spec.mjs:99:1 › the focus outline and the selection fill stay visible under the Wrapper theme, light and dark (UX-9) (969ms)
  ok 117 [msedge] › mud.spec.mjs:126:1 › a loss is painted in the palette's error colour by the Consumer's tone rule, and only there (ADR-0006, FN-7a) (872ms)
  ok 118 [msedge] › mud.spec.mjs:148:1 › a theme switch re-renders nothing inside the grid: the rows are the same elements (RR-1) (922ms)
  ok 119 [msedge] › mud.spec.mjs:166:1 › the row under the pointer is highlighted by an overlay band, in the hovered instance only (UX-13) (941ms)
  ok 120 [msedge] › mud.spec.mjs:191:1 › the Wrapper's editor opens inside the core's box with the typed character, and commits (ED-4, ADR-0030) (938ms)
  ok 121 [msedge] › mud.spec.mjs:222:1 › the loading bar is a MudProgressLinear where the core places its seam, only while loading (942ms)
  ok 122 [msedge] › mud.spec.mjs:234:1 › the paper's corners: rounded with an inset, square flush; the grid's own box is untouched (910ms)
  ok 123 [msedge] › presentation.spec.mjs:36:1 › geometry tokens are inline and read-only: an ancestor or stylesheet cannot move them (UX-2) (788ms)
  ok 124 [msedge] › presentation.spec.mjs:58:1 › the painted heights equal the declared metrics exactly (UX-3, ST-3) (830ms)
  ok 125 [msedge] › presentation.spec.mjs:75:1 › a Visual Token set on an ancestor recolours the paint (UX-5, the paint half) (834ms)
  ok 126 [msedge] › presentation.spec.mjs:90:1 › nothing inside the Viewport transitions or animates (UX-6) (830ms)
  ok 127 [msedge] › presentation.spec.mjs:106:1 › forced colors keep every Cell State and Row Kind tellable (UX-7, on /cells) (814ms)
  ok 128 [msedge] › presentation.spec.mjs:132:1 › under a dark scheme the untouched grid stays readable (UX-8) (821ms)
  ok 129 [msedge] › presentation.spec.mjs:155:1 › inside an RTL ancestor the grid stays an LTR island (DIR-2/DIR-3) (846ms)
  ok 130 [msedge] › presentation.spec.mjs:186:1 › a Header Group label is centred, and nothing aligns it vertically (HG-13, ADR-0032) (776ms)
  ok 131 [msedge] › presentation.spec.mjs:203:1 › the editor's box is exactly the cell's (ED-9) (864ms)
  ok 132 [msedge] › presentation.spec.mjs:221:1 › the pointer leaving the grid stops the auto-scroll (SL-14/SL-15) (2.5s)
  ok 133 [msedge] › presentation.spec.mjs:248:1 › the Blazor error UI never appears (CON-5) (827ms)
  ok 134 [msedge] › scrollbar.spec.mjs:213:5 › the Focus is never behind a scrollbar (ADR-0012/0013) › with the platform's own scrollbars (873ms)
  ok 135 [msedge] › scrollbar.spec.mjs:223:5 › the Focus is never behind a scrollbar (ADR-0012/0013) › with scrollbars that occupy layout (886ms)
  ok 136 [msedge] › scrollbar.spec.mjs:249:5 › the Focus is never behind a scrollbar (ADR-0012/0013) › at every zoom level, after moving again (1.0s)
  ok 137 [msedge] › scrollbar.spec.mjs:324:5 › on a Windows desktop at fractional display scaling (VZ-14) › the Focus stays readable with the OS doing the scaling (889ms)
  ok 138 [msedge] › virtualisation.spec.mjs:31:1 › the far corner is reachable and painted at 100,000 rows (BIG-1-shaped, on /wide) (1.2s)
  ok 139 [msedge] › virtualisation.spec.mjs:47:1 › scrolling changes which rows exist, not how many elements do (VZ-1-shaped) (1.6s)
  ok 140 [msedge] › virtualisation.spec.mjs:65:1 › the selection overlay is rectangles, not per-cell paint (SL-6/DOM-2-shaped) (842ms)
  140 passed (2.5m)
exit=0
