{
 "label": "live-1-v0 (v0, contended no)",
 "base": "http://localhost:5799",
 "at": "2026-10-06T20:00:14.514Z",
 "rows": 1000000,
 "batch": 1000,
 "load": "1,000,000 trades made in 1,770 ms; GridSource.From took 1,143 ms.",
 "warmup": 3,
 "appliedMs": {
  "median": 29.5,
  "min": 16.8,
  "max": 88,
  "n": 15
 },
 "applyToFrameMs": {
  "median": 29.6,
  "min": 16.9,
  "max": 88.2,
  "n": 15
 },
 "applyToPaintedMs": {
  "median": 30.6,
  "min": 17.6,
  "max": 89.1,
  "n": 15
 },
 "frameToPaintedMs": {
  "median": 1,
  "min": 0.7,
  "max": 2.7,
  "n": 15
 },
 "endOfTaskToFrameMs": {
  "median": 0.1,
  "min": 0,
  "max": 0.2,
  "n": 15
 },
 "taskStartToFrameMs": {
  "median": 85,
  "min": 84,
  "max": 94,
  "n": 3
 },
 "longestTaskMs": {
  "median": 0,
  "min": 0,
  "max": 94,
  "n": 15
 },
 "gridChanged": 15,
 "consoleErrors": []
}
