start 2026-09-27 12:41:26 BST

Running 418 tests using 1 worker

  ok   1 [chrome] › circuit.spec.mjs:34:5 › keys typed faster than the round trip are neither lost nor reordered (ED-22, SRV-5) › a number typed at full speed is committed whole (887ms)
  ok   2 [chrome] › circuit.spec.mjs:43:5 › keys typed faster than the round trip are neither lost nor reordered (ED-22, SRV-5) › continuous entry puts each value in its own cell (829ms)
  ok   3 [chrome] › circuit.spec.mjs:54:5 › keys typed faster than the round trip are neither lost nor reordered (ED-22, SRV-5) › keys held behind a key that opened nothing replay as ordinary keys (930ms)
  ok   4 [chrome] › circuit.spec.mjs:64:1 › a paste past a Server hub's message limit arrives whole (CP-21) (991ms)
  ok   5 [chrome] › circuit.spec.mjs:89:1 › a clipboard write the browser rejects is refused by name (CP-23) (872ms)
  ok   6 [chrome] › circuit.spec.mjs:107:1 › keys typed together in a menu run the item the keys chose (ADR-0039, SRV-5) (890ms)
  ok   7 [chrome] › circuit.spec.mjs:129:1 › keys typed straight after a key that opens a menu reach the menu (KB-33, ADR-0010/0039) (794ms)
  ok   8 [chrome] › circuit.spec.mjs:147:5 › a search typed straight after E lands whole in the search box, and Enter applies it (ADR-0044, ADR-0010, SRV-5, builtin) (892ms)
  ok   9 [chrome] › circuit.spec.mjs:147:5 › a search typed straight after E lands whole in the search box, and Enter applies it (ADR-0044, ADR-0010, SRV-5, mud) (1.1s)
  ok  10 [chrome] › circuit.spec.mjs:174:1 › a key typed straight after a letter that runs a command waits for the popover to close (ADR-0010/0044, SRV-5) (1.5s)
  ok  11 [chrome] › circuit.spec.mjs:193:1 › a held Tab that script cannot perform stops the held typing there, rather than letting it land in the wrong field (ADR-0010/0044, SRV-5) (1.5s)
  ok  12 [chrome] › circuit.spec.mjs:225:5 › an Escape pressed straight after the operator list opens is not the grid's (KB-35, ADR-0039) (1.9s)
  ok  13 [chrome] › circuit.spec.mjs:225:5 › an Escape pressed straight after the date calendar opens is not the grid's (KB-35, ADR-0039) (1.8s)
  ok  14 [chrome] › circuit.spec.mjs:274:1 › a value typed and Enter pressed at once apply the condition (KB-31, SRV-5) (1.3s)
  ok  15 [chrome] › circuit.spec.mjs:293:1 › Escape, Escape straight after an Inner Popup closes it and then the panel (ADR-0039, SRV-5) (1.5s)
  ok  16 [chrome] › circuit.spec.mjs:310:1 › a menu taking the keyboard a round trip late keeps the scroll the user gave it (ADR-0039/0040, SRV-5) (1.7s)
  -   17 [chrome] › circuit.spec.mjs:329:1 › a Prerendered grid is busy and takes no tab stop until its circuit connects (A11Y-20)
  -   18 [chrome] › circuit.spec.mjs:350:5 › two users, one store (SRV-3, ADR-0018) › a store change reaches both, a sort reaches one, and a shared source is refused
  ok  19 [chrome] › features.spec.mjs:28:1 › typing opens Overwrite containing the character, Enter commits and moves (ED-2/ED-4) (851ms)
  ok  20 [chrome] › features.spec.mjs:48:1 › in Overwrite an arrow commits and moves; in Caret it moves the caret (ED-2) (865ms)
  ok  21 [chrome] › features.spec.mjs:65:1 › Escape cancels the editor and never blurs the grid mid-edit (ED-3) (834ms)
  ok  22 [chrome] › features.spec.mjs:80:1 › the clipboard carries both formats, and #### never reaches it (CP-4/CP-5/CP-6/CP-10) (815ms)
  ok  23 [chrome] › features.spec.mjs:127:1 › a misaligned selection refuses and the clipboard stays untouched (CP-1/CP-3) (855ms)
  ok  24 [chrome] › features.spec.mjs:141:1 › paste raises one intent shaped by the clipboard block (CP-14, PST-1) (881ms)
  ok  25 [chrome] › features.spec.mjs:152:1 › a paste covering a non-editable column is refused whole (CP-16, ADR-0035) (879ms)
  ok  26 [chrome] › features.spec.mjs:167:1 › Ctrl+Enter fill across a non-editable column is refused, and says so (CP-16, ADR-0035) (836ms)
  ok  27 [chrome] › features.spec.mjs:188:1 › a refusal is announced, not only painted (A11Y-16, ADR-0035) (868ms)
  ok  28 [chrome] › features.spec.mjs:209:1 › a menu copy writes without a prompt, and with headers (CP-19/CP-17, ADR-0005/0036) (879ms)
  ok  29 [chrome] › features.spec.mjs:225:1 › a Reject holds the editor with real keys, and Escape is the way out (ED-15, ADR-0034) (853ms)
  ok  30 [chrome] › features.spec.mjs:244:1 › a Flag applies and is marked, and its message opens on the Focus (ED-16/ED-17, ADR-0034) (1.6s)
  ok  31 [chrome] › features.spec.mjs:261:1 › a flagged cell says why when the pointer rests on it (ED-17b, ADR-0021/0034) (1.6s)
  ok  32 [chrome] › features.spec.mjs:281:1 › a pasted value wears the same mark as a typed one (ADR-0034) (863ms)
  ok  33 [chrome] › features.spec.mjs:291:1 › Ctrl+PageDown is neither handled nor prevented (KB-15) (822ms)
  ok  34 [chrome] › features.spec.mjs:317:1 › the grid is one tab stop (A11Y-4, KB-12) (786ms)
  ok  35 [chrome] › features.spec.mjs:346:1 › two instances stay independent: no --ex-* on :root, no window global (DOM-4) (797ms)
  ok  36 [chrome] › features.spec.mjs:365:1 › a header click sorts and the selection is untouched by it (SR-1) (821ms)
  ok  37 [chrome] › features.spec.mjs:379:1 › a display-only grid does not take printable keys away from the page (ADR-0010/0020) (1.3s)
  ok  38 [chrome] › features.spec.mjs:401:1 › Escape returns the keyboard from a descendant control to the grid (ADR-0020/0012) (1.3s)
  ok  39 [chrome] › features.spec.mjs:436:1 › Space enters a cell with several actions; the arrows choose and Space fires once (KB-20/KB-21, ADR-0037) (1.4s)
  ok  40 [chrome] › features.spec.mjs:463:1 › inside a cell Enter never fires: it leaves and moves down (KB-22, ADR-0020/0037) (1.4s)
  ok  41 [chrome] › features.spec.mjs:475:1 › Escape leaves an Interactive cell and the grid keeps the keyboard (KB-22, ADR-0037) (1.3s)
  ok  42 [chrome] › features.spec.mjs:486:1 › Space puts the caret in a Template cell's field, and Escape brings the keyboard back (KB-23/KB-24, ADR-0037) (1.3s)
  ok  43 [chrome] › features.spec.mjs:503:1 › a held Space fires a one-action cell once (KB-26, ADR-0037) (1.3s)
  ok  44 [chrome] › features.spec.mjs:517:1 › holding Space to enter a cell fires nothing (KB-26, ADR-0037) (1.4s)
  ok  45 [chrome] › features.spec.mjs:531:1 › Shift+Tab from after the grid lands on the root, not on a button inside it (A11Y-17, ADR-0037) (1.3s)
  ok  46 [chrome] › features.spec.mjs:550:1 › the chosen action is outlined, with and without forced colors (UX-14, ADR-0029/0037) (1.9s)
  ok  47 [chrome] › features.spec.mjs:566:1 › a press dragged off an action leaves no button holding the keyboard, and Enter fires nothing (KB-27, ADR-0020/0037) (1.4s)
  ok  48 [chrome] › fill.spec.mjs:26:5 › in parents with a definite height › a sized box: the grid is the box, rows reach its bottom, and the DOM is the box's (VZ-12a, ADR-0028) (904ms)
  ok  49 [chrome] › fill.spec.mjs:38:5 › in parents with a definite height › the rest of a flex column: the grid starts under the toolbar and ends with the column (VZ-12a, ADR-0028) (841ms)
  ok  50 [chrome] › fill.spec.mjs:47:5 › in parents with a definite height › inside the paper: the Fill grid takes what the toolbar leaves; a declared grid is unchanged (WR-7a, ADR-0030) (835ms)
  ok  51 [chrome] › fill.spec.mjs:65:5 › in a parent with no height › nothing is painted and the grid names the parent (VZ-12b, ADR-0028) (1.3s)
  ok  52 [chrome] › fill.spec.mjs:80:5 › in a box that follows the window › the Viewport follows the window, both ways (VZ-12a, ADR-0028/0045) (915ms)
  ok  53 [chrome] › fill.spec.mjs:88:5 › in a box that follows the window › a column that cannot be filtered shows its commands alone, and Tab closes them as a Cancel (KB-30, ADR-0039/0044) (854ms)
  ok  54 [chrome] › fill.spec.mjs:106:5 › in a box that follows the window › a column menu with less than a row of room closes, and the keyboard is the grid's (UX-11a, ADR-0040) (897ms)
  ok  55 [chrome] › gestures.spec.mjs:21:1 › a leaf drag reorders within its group and clamps at its edge (HG-14/HG-15) (882ms)
  ok  56 [chrome] › gestures.spec.mjs:40:1 › grabbing a group rectangle moves the whole group (HG-14) (878ms)
  ok  57 [chrome] › gestures.spec.mjs:55:1 › a resize drag with a real mouse applies on release (ADR-0016) (850ms)
  ok  58 [chrome] › gestures.spec.mjs:71:1 › a drag past MaxWidth is recorded as it came and painted at that width (ADR-0016, FN-12) (876ms)
  ok  59 [chrome] › gestures.spec.mjs:88:1 › pasting onto an off-screen selection works, and the indicator showed first (PST-3) (891ms)
  ok  60 [chrome] › gestures.spec.mjs:104:1 › a ~10MB paste parses without freezing the grid (PST-5, PST-6 recorded) (3.6s)
  ok  61 [chrome] › gestures.spec.mjs:136:1 › the focus outline holds 3:1 against the cell ground under the default theme (UX-9) (809ms)
  ok  62 [chrome] › gestures.spec.mjs:161:1 › narrowing the scrollbar by token changes the gutter and the geometry follows (UX-10) (1.0s)
  ok  63 [chrome] › gestures.spec.mjs:192:1 › a composing IME keydown is never taken (ED-11, the listener guard) (807ms)
  ok  64 [chrome] › inspector-edits.spec.mjs:44:1 › RI-16: an approval from the inspector reaches the grid as a new instance, and the inspector shows it without a banner (ADR-0003) (838ms)
  ok  65 [chrome] › inspector-edits.spec.mjs:56:1 › RI-17: a change elsewhere raises the banner with the new value, keeps the old one shown, and disables the actions until reloaded (887ms)
  ok  66 [chrome] › inspector-edits.spec.mjs:76:1 › RI-18: a row deleted elsewhere says so, and its inspector acts on nothing (849ms)
  ok  67 [chrome] › inspector-edits.spec.mjs:86:1 › RI-19: an approval pressed before the news of a change arrives is refused by the store, and says why (848ms)
  ok  68 [chrome] › inspector-edits.spec.mjs:109:1 › RI-24: a deletion stays said, whatever news about the trade arrives after it (889ms)
  ok  69 [chrome] › inspector-edits.spec.mjs:125:1 › RI-25: an inspector opened while news is held back shows what the grid showed, and learns of the change when it is announced (860ms)
  ok  70 [chrome] › inspector-edits.spec.mjs:137:1 › RI-20: a note records the version it was written against, and is marked once the trade has moved on (908ms)
  ok  71 [chrome] › inspector-edits.spec.mjs:154:1 › RI-21: the inspector follows its trade by key when an approval moves it under the sort (818ms)
  ok  72 [chrome] › inspector-edits.spec.mjs:171:1 › RI-22: on WebAssembly the page says there is nobody to share the store with (761ms)
  -   73 [chrome] › inspector-edits.spec.mjs:177:1 › RI-23: on the Server host, an approval in another tab raises the banner in this one (ADR-0018)
  ok  74 [chrome] › inspectors.spec.mjs:88:5 › RI-4: modal, by click, handler returning once the dialog is shown: the keyboard is in the inspector, and back in the grid when it closes (ADR-0020/0037) (1.2s)
  ok  75 [chrome] › inspectors.spec.mjs:105:5 › RI-26: modal, by click from outside the grid, handler returning once the dialog is shown: closing gives the keyboard back to where it was, not to the grid (ADR-0037) (1.2s)
  ok  76 [chrome] › inspectors.spec.mjs:116:5 › RI-5: modal, by Space, handler returning once the dialog is shown: the keyboard is in the inspector (ADR-0020/0037) (1.2s)
  ok  77 [chrome] › inspectors.spec.mjs:88:5 › RI-4: modal, by click, handler awaiting the dialog's result: the keyboard is in the inspector, and back in the grid when it closes (ADR-0020/0037) (1.3s)
  ok  78 [chrome] › inspectors.spec.mjs:105:5 › RI-26: modal, by click from outside the grid, handler awaiting the dialog's result: closing gives the keyboard back to where it was, not to the grid (ADR-0037) (1.2s)
  ok  79 [chrome] › inspectors.spec.mjs:116:5 › RI-5: modal, by Space, handler awaiting the dialog's result: the keyboard is in the inspector (ADR-0020/0037) (1.2s)
  ok  80 [chrome] › inspectors.spec.mjs:124:1 › RI-6: floating, by click: the keyboard is in the inspector just opened (ADR-0020/0037) (1.5s)
  ok  81 [chrome] › inspectors.spec.mjs:136:1 › RI-7: floating, by Space: the keyboard is in the inspector (ADR-0020/0037) (1.1s)
  ok  82 [chrome] › inspectors.spec.mjs:144:1 › RI-8: floating: a row whose inspector is open brings it to the front instead of opening another (941ms)
  ok  83 [chrome] › inspectors.spec.mjs:157:1 › RI-9: floating: an inspector is dragged by its title bar, and closes on its own (1.1s)
  ok  84 [chrome] › inspectors.spec.mjs:183:1 › RI-10: the marked rows open as inspectors, one each, and the count names the ones outside the filter (ADR-0043) (1.0s)
  ok  85 [chrome] › inspectors.spec.mjs:202:1 › RI-11: the marks survive a sort, so the rows opened are the rows ticked (ADR-0043) (988ms)
  ok  86 [chrome] › inspectors.spec.mjs:217:1 › RI-12: above the cap the marked rows are refused by count, and nothing opens (870ms)
  ok  87 [chrome] › inspectors.spec.mjs:230:1 › RI-13: modal: the marked rows open one after another, and Escape ends the queue (2.0s)
  ok  88 [chrome] › inspectors.spec.mjs:255:1 › RI-14: Enter on the Inspect cell moves down and opens nothing (ADR-0020) (1.2s)
  ok  89 [chrome] › inspectors.spec.mjs:266:1 › RI-15: while a modal inspector stands, the grid behind it cannot be pressed (1.4s)
  ok  90 [chrome] › marks.spec.mjs:42:1 › after "mark all", rows scrolled to far away paint ticked (MK-6) (1.7s)
  ok  91 [chrome] › marks.spec.mjs:57:1 › a filter keeps the marks and names the ones outside it (MK-7) (3.0s)
  ok  92 [chrome] › marks.spec.mjs:73:1 › Space in the Mark Column brings the selected rows into line (MK-1) (1.9s)
  ok  93 [chrome] › marks.spec.mjs:96:1 › a row arriving after "mark all" is not marked, and the header turns to "some" (MK-8) (1.7s)
  ok  94 [chrome] › marks.spec.mjs:107:1 › an action over a mark whose row was deleted elsewhere reports it as gone (ADR-0043) (1.9s)
  -   95 [chrome] › measure.spec.mjs:32:1 › what the pointer reports cost on a circuit, at 0, 50 and 150 ms round trip (SRV-6)
  -   96 [chrome] › measure.spec.mjs:111:1 › how long the stale band stands while the window is dragged over a Fill grid, at 0, 50 and 150 ms round trip (§21.9, ADR-0028)
  ok  97 [chrome] › memory.spec.mjs:75:1 › mounting and disposing the grid fifty times returns nodes and listeners to baseline (MEM-2) (3.9s)
  x   98 [chrome] › memory.spec.mjs:110:1 › disposal takes the module's listeners off the root, and the count comes back (MEM-4) (1.8s)
  -   99 [chrome] › memory.spec.mjs:136:1 › a ten-minute scripted scroll does not grow the JS heap (MEM-5, MEM-6)
  ok 100 [chrome] › mud-app.spec.mjs:111:1 › WR-7: a grid in a tab that was hidden paints correctly once its tab is shown (ADR-0028) (1.5s)
  ok 101 [chrome] › mud-app.spec.mjs:165:1 › WR-7: a Drawer toggle resizes the Fill grid and its geometry follows (ADR-0028) (2.2s)
  ok 102 [chrome] › mud-app.spec.mjs:212:1 › WR-7: the two grids on the main area stay independent (DOM-4, ADR-0018) (1.3s)
  ok 103 [chrome] › mud-app.spec.mjs:258:1 › WR-7: the toolbar's MudSelect and the grids never interfere (ADR-0018/0039) (1.5s)
  ok 104 [chrome] › mud-app.spec.mjs:318:1 › WR-7: a grid in a MudDialog opens its popovers whole inside its box, and its Inner Popups above the dialog (ADR-0040/0039) (1.9s)
  ok 105 [chrome] › mud-app.spec.mjs:384:1 › WR-9: the application's own controls — theme, tabs, dialog — keep the console clean (CON-1/2/3/6) (1.6s)
  ok 106 [chrome] › mud-app.spec.mjs:403:1 › WR-5 (setup): /features?chrome=mud runs its grids under MudGridChrome, and the column menu opens (FN-17, UX-11) (1.1s)
  ok 107 [chrome] › mud-app.spec.mjs:430:1 › WR-6: Striped paints the palette's table-stripe colour in both schemes, and a switch re-renders no row (ADR-0038/0030, RR-1) (1.2s)
  ok 108 [chrome] › mud.spec.mjs:41:1 › the painted geometry equals the declared metrics under the real Wrapper stylesheet (UX-3) (849ms)
  ok 109 [chrome] › mud.spec.mjs:62:1 › nothing under the Viewport transitions or animates with the Wrapper loaded (UX-6) (817ms)
  ok 110 [chrome] › mud.spec.mjs:80:1 › the focus outline and the selection fill stay visible under the Wrapper theme, light and dark (UX-9) (913ms)
  ok 111 [chrome] › mud.spec.mjs:110:1 › a loss is painted in the palette's error colour by the Consumer's tone rule, and only there (ADR-0006, FN-7a) (831ms)
  ok 112 [chrome] › mud.spec.mjs:132:1 › a theme switch re-renders nothing inside the grid: the rows are the same elements (RR-1) (846ms)
  ok 113 [chrome] › mud.spec.mjs:150:1 › the row under the pointer is highlighted by an overlay band, in the hovered instance only (UX-13) (865ms)
  ok 114 [chrome] › mud.spec.mjs:175:1 › the Wrapper's editor opens inside the core's box with the typed character, and commits (ED-4, ADR-0030) (911ms)
  ok 115 [chrome] › mud.spec.mjs:206:1 › the loading bar is a MudProgressLinear where the core places its seam, only while loading (890ms)
  ok 116 [chrome] › mud.spec.mjs:218:1 › the paper's corners: rounded with an inset, square flush; the grid's own box is untouched (842ms)
  x  117 [chrome] › navigation.spec.mjs:33:1 › RI-1: the index at / lists every routed page, once (1.4s)
  ok 118 [chrome] › navigation.spec.mjs:47:1 › RI-2: the Row Identity demo that was at / is at /identity (759ms)
  x  119 [chrome] › navigation.spec.mjs:54:1 › RI-3: every page opens from the index, names itself, and leads back to it (clean console) (1.3s)
  ok 120 [chrome] › observational.spec.mjs:128:1 › mount to first painted row at 10⁶ rows (BIG-7) (784ms)
  ok 121 [chrome] › observational.spec.mjs:140:1 › the DOM, the settle repaint and the frame intervals, virtualised and not (DOM-5, PF-6, BIG-6) (18.1s)
  ok 122 [chrome] › observational.spec.mjs:182:1 › a selection drag, one row a step, costs this much per step (PF-7) (1.9s)
  ok 123 [chrome] › popovers.spec.mjs:118:9 › under the builtin Chrome › a secondary click opens the grid's menu, not the browser's (CTX-1/CTX-5, ADR-0036) (812ms)
  ok 124 [chrome] › popovers.spec.mjs:133:9 › under the builtin Chrome › a secondary click outside the selection moves it first (CTX-1, ADR-0036) (775ms)
  ok 125 [chrome] › popovers.spec.mjs:144:9 › under the builtin Chrome › a Consumer command receives the clicked row and the selection (CTX-3, ADR-0036) (858ms)
  ok 126 [chrome] › popovers.spec.mjs:154:9 › under the builtin Chrome › the ContextMenu key opens it on the Focus (CTX-4, ADR-0036) (834ms)
  ok 127 [chrome] › popovers.spec.mjs:165:9 › under the builtin Chrome › popovers are not clipped by the scroll container and stay per instance (UX-11) (836ms)
  ok 128 [chrome] › popovers.spec.mjs:187:9 › under the builtin Chrome › a popover taller than its grid stays inside the grid's box and scrolls (UX-11, ADR-0040) (805ms)
  ok 129 [chrome] › popovers.spec.mjs:205:9 › under the builtin Chrome › Alt+↓ opens the Focus column's menu, and the menu takes the keyboard (KB-28/KB-29, ADR-0039) (846ms)
  ok 130 [chrome] › popovers.spec.mjs:216:9 › under the builtin Chrome › every popover takes the keyboard when it opens, by pointer or by key (KB-29, ADR-0039) (874ms)
  ok 131 [chrome] › popovers.spec.mjs:238:9 › under the builtin Chrome › however a popover closes, the keyboard is back on the grid and the arrows move the Focus (KB-32, ADR-0039) (1.0s)
  ok 132 [chrome] › popovers.spec.mjs:277:9 › under the builtin Chrome › in a menu the arrows, Home and End move among the enabled items and wrap (KB-30, ADR-0039) (907ms)
  ok 133 [chrome] › popovers.spec.mjs:305:13 › under the builtin Chrome › in a menu Enter runs the item and closes it (KB-30, ADR-0039) (861ms)
  ok 134 [chrome] › popovers.spec.mjs:305:13 › under the builtin Chrome › in a menu Space runs the item and closes it (KB-30, ADR-0039) (814ms)
  ok 135 [chrome] › popovers.spec.mjs:321:13 › under the builtin Chrome › over a filter, Tab on a command moves to the search box — nothing runs, nothing closes (FL-12, KB-30, ADR-0044) (853ms)
  ok 136 [chrome] › popovers.spec.mjs:321:13 › under the builtin Chrome › over a filter, Shift+Tab on a command moves to Cancel — nothing runs, nothing closes (FL-12, KB-30, ADR-0044) (862ms)
  ok 137 [chrome] › popovers.spec.mjs:339:9 › under the builtin Chrome › the Context Menu answers the same keys, and Tab closes it (KB-30, ADR-0039) (863ms)
  ok 138 [chrome] › popovers.spec.mjs:354:9 › under the builtin Chrome › Tab and Shift+Tab wrap through both halves of the popover (KB-31, FL-12, ADR-0044) (3.8s)
  ok 139 [chrome] › popovers.spec.mjs:384:9 › under the builtin Chrome › the letters: S sorts, E goes to the search box where "e" is text, C clears (FL-15, FL-16, ADR-0044) (1.1s)
  ok 140 [chrome] › popovers.spec.mjs:428:9 › under the builtin Chrome › on the value list the letters act too: E goes back to the search box, O sorts (FL-15, ADR-0044) (945ms)
  ok 141 [chrome] › popovers.spec.mjs:463:9 › under the builtin Chrome › where no value list stands, E goes to the condition's value, where a search is typed (FL-15, ADR-0044) (872ms)
  ok 142 [chrome] › popovers.spec.mjs:480:9 › under the builtin Chrome › E on a checkbox outside the value list holds nothing: a Space after it ticks at once (ADR-0010/0044) (994ms)
  ok 143 [chrome] › popovers.spec.mjs:511:9 › under the builtin Chrome › Enter in the value field applies exactly what OK applies (KB-31, ADR-0039) (1.6s)
  ok 144 [chrome] › popovers.spec.mjs:520:9 › under the builtin Chrome › a pointer-down elsewhere in the instance dismisses a popover and keeps its own meaning (KB-17, ADR-0010/0039) (883ms)
  ok 145 [chrome] › popovers.spec.mjs:537:9 › under the builtin Chrome › a column's popover is a dialog holding a menu, both named by its header; the Context Menu a menu (A11Y-19, ADR-0039/0044) (905ms)
  ok 146 [chrome] › popovers.spec.mjs:118:9 › under the mud Chrome › a secondary click opens the grid's menu, not the browser's (CTX-1/CTX-5, ADR-0036) (899ms)
  ok 147 [chrome] › popovers.spec.mjs:133:9 › under the mud Chrome › a secondary click outside the selection moves it first (CTX-1, ADR-0036) (902ms)
  ok 148 [chrome] › popovers.spec.mjs:144:9 › under the mud Chrome › a Consumer command receives the clicked row and the selection (CTX-3, ADR-0036) (940ms)
  ok 149 [chrome] › popovers.spec.mjs:154:9 › under the mud Chrome › the ContextMenu key opens it on the Focus (CTX-4, ADR-0036) (868ms)
  ok 150 [chrome] › popovers.spec.mjs:165:9 › under the mud Chrome › popovers are not clipped by the scroll container and stay per instance (UX-11) (1.1s)
  ok 151 [chrome] › popovers.spec.mjs:187:9 › under the mud Chrome › a popover taller than its grid stays inside the grid's box and scrolls (UX-11, ADR-0040) (1.0s)
  ok 152 [chrome] › popovers.spec.mjs:205:9 › under the mud Chrome › Alt+↓ opens the Focus column's menu, and the menu takes the keyboard (KB-28/KB-29, ADR-0039) (1.0s)
  ok 153 [chrome] › popovers.spec.mjs:216:9 › under the mud Chrome › every popover takes the keyboard when it opens, by pointer or by key (KB-29, ADR-0039) (1.0s)
  ok 154 [chrome] › popovers.spec.mjs:238:9 › under the mud Chrome › however a popover closes, the keyboard is back on the grid and the arrows move the Focus (KB-32, ADR-0039) (1.3s)
  ok 155 [chrome] › popovers.spec.mjs:277:9 › under the mud Chrome › in a menu the arrows, Home and End move among the enabled items and wrap (KB-30, ADR-0039) (1.2s)
  ok 156 [chrome] › popovers.spec.mjs:305:13 › under the mud Chrome › in a menu Enter runs the item and closes it (KB-30, ADR-0039) (978ms)
  ok 157 [chrome] › popovers.spec.mjs:305:13 › under the mud Chrome › in a menu Space runs the item and closes it (KB-30, ADR-0039) (1.0s)
  ok 158 [chrome] › popovers.spec.mjs:321:13 › under the mud Chrome › over a filter, Tab on a command moves to the search box — nothing runs, nothing closes (FL-12, KB-30, ADR-0044) (1.0s)
  ok 159 [chrome] › popovers.spec.mjs:321:13 › under the mud Chrome › over a filter, Shift+Tab on a command moves to Cancel — nothing runs, nothing closes (FL-12, KB-30, ADR-0044) (1.0s)
  ok 160 [chrome] › popovers.spec.mjs:339:9 › under the mud Chrome › the Context Menu answers the same keys, and Tab closes it (KB-30, ADR-0039) (952ms)
  ok 161 [chrome] › popovers.spec.mjs:354:9 › under the mud Chrome › Tab and Shift+Tab wrap through both halves of the popover (KB-31, FL-12, ADR-0044) (1.3s)
  ok 162 [chrome] › popovers.spec.mjs:384:9 › under the mud Chrome › the letters: S sorts, E goes to the search box where "e" is text, C clears (FL-15, FL-16, ADR-0044) (1.2s)
  ok 163 [chrome] › popovers.spec.mjs:428:9 › under the mud Chrome › on the value list the letters act too: E goes back to the search box, O sorts (FL-15, ADR-0044) (1.1s)
  ok 164 [chrome] › popovers.spec.mjs:463:9 › under the mud Chrome › where no value list stands, E goes to the condition's value, where a search is typed (FL-15, ADR-0044) (1.2s)
  ok 165 [chrome] › popovers.spec.mjs:480:9 › under the mud Chrome › E on a checkbox outside the value list holds nothing: a Space after it ticks at once (ADR-0010/0044) (1.3s)
  ok 166 [chrome] › popovers.spec.mjs:511:9 › under the mud Chrome › Enter in the value field applies exactly what OK applies (KB-31, ADR-0039) (2.5s)
  ok 167 [chrome] › popovers.spec.mjs:520:9 › under the mud Chrome › a pointer-down elsewhere in the instance dismisses a popover and keeps its own meaning (KB-17, ADR-0010/0039) (1.0s)
  ok 168 [chrome] › popovers.spec.mjs:537:9 › under the mud Chrome › a column's popover is a dialog holding a menu, both named by its header; the Context Menu a menu (A11Y-19, ADR-0039/0044) (1.0s)
  ok 169 [chrome] › popovers.spec.mjs:586:5 › Inner Popups under the mud Chrome › an Inner Popup is drawn outside the root, and opening it disturbs neither grid (FN-21) (1.3s)
  ok 170 [chrome] › popovers.spec.mjs:612:9 › Inner Popups under the mud Chrome › a pointer-down elsewhere in the instance closes the operator list and the panel, and keeps its meaning (FN-21, ModalOverlay off) (1.3s)
  ok 171 [chrome] › popovers.spec.mjs:612:9 › Inner Popups under the mud Chrome › a pointer-down elsewhere in the instance closes the date calendar and the panel, and keeps its meaning (FN-21, ModalOverlay off) (1.3s)
  ok 172 [chrome] › popovers.spec.mjs:640:9 › Inner Popups under the mud Chrome › Escape closes the operator list first, and the next Escape the panel (FN-21, KB-32) (1.3s)
  ok 173 [chrome] › popovers.spec.mjs:640:9 › Inner Popups under the mud Chrome › Escape closes the date calendar first, and the next Escape the panel (FN-21, KB-32) (1.2s)
  ok 174 [chrome] › popovers.spec.mjs:662:5 › Inner Popups under the mud Chrome › under ModalOverlay the press is the overlay's: only the Inner Popup closes, and Escape then closes the panel (FN-21) (1.8s)
  ok 175 [chrome] › popovers.spec.mjs:687:5 › Inner Popups under the mud Chrome › choosing from an Inner Popup keeps the panel, and applying hands the keyboard back to the root (FN-21, KB-32) (1.3s)
  ok 176 [chrome] › presentation.spec.mjs:17:1 › geometry tokens are inline and read-only: an ancestor or stylesheet cannot move them (UX-2) (787ms)
  ok 177 [chrome] › presentation.spec.mjs:39:1 › the painted heights equal the declared metrics exactly (UX-3, ST-3) (779ms)
  ok 178 [chrome] › presentation.spec.mjs:56:1 › a Visual Token set on an ancestor recolours the paint (UX-5, the paint half) (745ms)
  ok 179 [chrome] › presentation.spec.mjs:71:1 › nothing inside the Viewport transitions or animates (UX-6) (780ms)
  ok 180 [chrome] › presentation.spec.mjs:87:1 › forced colors keep every Cell State and Row Kind tellable (UX-7, on /cells) (779ms)
  ok 181 [chrome] › presentation.spec.mjs:113:1 › under a dark scheme the untouched grid stays readable (UX-8) (790ms)
  ok 182 [chrome] › presentation.spec.mjs:136:1 › inside an RTL ancestor the grid stays an LTR island (DIR-2/DIR-3) (821ms)
  ok 183 [chrome] › presentation.spec.mjs:169:1 › a Header Group label is centred, and nothing aligns it vertically (HG-13, ADR-0032) (791ms)
  ok 184 [chrome] › presentation.spec.mjs:186:1 › the editor's box is exactly the cell's (ED-9) (817ms)
  ok 185 [chrome] › presentation.spec.mjs:206:1 › the pointer leaving the grid stops the auto-scroll (SL-14/SL-15) (2.5s)
  ok 186 [chrome] › presentation.spec.mjs:233:1 › the Blazor error UI never appears (CON-5) (760ms)
  x  187 [chrome] › scrollbar.spec.mjs:213:5 › the Focus is never behind a scrollbar (ADR-0012/0013) › with the platform's own scrollbars (1.7s)
  x  188 [chrome] › scrollbar.spec.mjs:223:5 › the Focus is never behind a scrollbar (ADR-0012/0013) › with scrollbars that occupy layout (1.7s)
  x  189 [chrome] › scrollbar.spec.mjs:249:5 › the Focus is never behind a scrollbar (ADR-0012/0013) › at every zoom level, after moving again (1.7s)
  x  190 [chrome] › scrollbar.spec.mjs:328:5 › on a Windows desktop at fractional display scaling (VZ-14) › the Focus stays readable with the OS doing the scaling (1.7s)
  ok 191 [chrome] › sizing.spec.mjs:47:1 › a sorted Auto header and a Japanese Auto header paint whole (FN-12d, ADR-0016) (838ms)
  ok 192 [chrome] › sizing.spec.mjs:53:1 › a Japanese header double-clicked to fit paints whole at its fitted width (FN-12d, ADR-0016) (877ms)
  ok 193 [chrome] › sizing.spec.mjs:62:1 › a bold total the estimate fits paints whole, and a #### run fits its cell (FN-12e, ADR-0016) (1.0s)
  ok 194 [chrome] › sizing.spec.mjs:77:1 › a double-click on an edge fits a value the Viewport has not painted (FN-12a, ADR-0016) (1.4s)
  ok 195 [chrome] › sizing.spec.mjs:93:1 › a press on an edge that does not move reports no width and sorts nothing (FN-12b, ADR-0016) (868ms)
  ok 196 [chrome] › sizing.spec.mjs:101:1 › Shift+click on a header selects whole columns and does not sort (SR-2a, ADR-0012) (822ms)
  ok 197 [chrome] › sizing.spec.mjs:110:1 › dragging the edge of one of several whole columns resizes them all (FN-12c, ADR-0016) (887ms)
  ok 198 [chrome] › sizing.spec.mjs:125:1 › columns narrower than a wide box are not stretched, and a resize changes no column width (UX-11b, ADR-0045) (841ms)
  ok 199 [chrome] › sizing.spec.mjs:145:1 › a window narrower than the pinned block suspends pinning, and widening restores it (FN-6a, ADR-0045) (1.1s)
  ok 200 [chrome] › stripes.spec.mjs:60:1 › a pinned and a scrollable cell of one striped row paint the same ground (UX-15) (1.1s)
  ok 201 [chrome] › stripes.spec.mjs:84:1 › a group or total row paints its own ground over the stripe and still counts (UX-16) (946ms)
  ok 202 [chrome] › stripes.spec.mjs:105:1 › a Cell State ground and the overlays paint over the stripe (UX-16) (1.2s)
  ok 203 [chrome] › stripes.spec.mjs:129:1 › under forced colours no stripe is painted (UX-16) (885ms)
  x  204 [chrome] › virtualisation.spec.mjs:39:1 › the far corner is reachable and painted at 10⁶ rows (BIG-1) (16.6s)
  ok 205 [chrome] › virtualisation.spec.mjs:53:1 › the element count is the same at 10³, 10⁵ and 10⁶ rows (VZ-1, BIG-2, DOM-1) (3.0s)
  x  206 [chrome] › virtualisation.spec.mjs:66:1 › the first and the last row paint their own data, there and back again (BIG-5) (16.6s)
  ok 207 [chrome] › virtualisation.spec.mjs:85:1 › scrolling changes which rows exist, not how many elements do (ADR-0004 P1, across a scroll) (1.6s)
  ok 208 [chrome] › virtualisation.spec.mjs:101:1 › Ctrl+A over 10⁶ × 100 is one rectangle, counted as 10⁸, and the next key is answered (BIG-3, SL-6, DOM-2) (810ms)
  ok 209 [chrome] › virtualisation.spec.mjs:202:1 › a scroll frame makes at most one interop call, whatever is painted (PF-1) (4.2s)
  ok 210 [msedge] › circuit.spec.mjs:34:5 › keys typed faster than the round trip are neither lost nor reordered (ED-22, SRV-5) › a number typed at full speed is committed whole (962ms)
  ok 211 [msedge] › circuit.spec.mjs:43:5 › keys typed faster than the round trip are neither lost nor reordered (ED-22, SRV-5) › continuous entry puts each value in its own cell (917ms)
  ok 212 [msedge] › circuit.spec.mjs:54:5 › keys typed faster than the round trip are neither lost nor reordered (ED-22, SRV-5) › keys held behind a key that opened nothing replay as ordinary keys (857ms)
  ok 213 [msedge] › circuit.spec.mjs:64:1 › a paste past a Server hub's message limit arrives whole (CP-21) (1.0s)
  ok 214 [msedge] › circuit.spec.mjs:89:1 › a clipboard write the browser rejects is refused by name (CP-23) (844ms)
  ok 215 [msedge] › circuit.spec.mjs:107:1 › keys typed together in a menu run the item the keys chose (ADR-0039, SRV-5) (1.0s)
  ok 216 [msedge] › circuit.spec.mjs:129:1 › keys typed straight after a key that opens a menu reach the menu (KB-33, ADR-0010/0039) (874ms)
  ok 217 [msedge] › circuit.spec.mjs:147:5 › a search typed straight after E lands whole in the search box, and Enter applies it (ADR-0044, ADR-0010, SRV-5, builtin) (918ms)
  ok 218 [msedge] › circuit.spec.mjs:147:5 › a search typed straight after E lands whole in the search box, and Enter applies it (ADR-0044, ADR-0010, SRV-5, mud) (1.1s)
  ok 219 [msedge] › circuit.spec.mjs:174:1 › a key typed straight after a letter that runs a command waits for the popover to close (ADR-0010/0044, SRV-5) (1.5s)
  ok 220 [msedge] › circuit.spec.mjs:193:1 › a held Tab that script cannot perform stops the held typing there, rather than letting it land in the wrong field (ADR-0010/0044, SRV-5) (1.5s)
  ok 221 [msedge] › circuit.spec.mjs:225:5 › an Escape pressed straight after the operator list opens is not the grid's (KB-35, ADR-0039) (1.8s)
  ok 222 [msedge] › circuit.spec.mjs:225:5 › an Escape pressed straight after the date calendar opens is not the grid's (KB-35, ADR-0039) (1.9s)
  ok 223 [msedge] › circuit.spec.mjs:274:1 › a value typed and Enter pressed at once apply the condition (KB-31, SRV-5) (1.4s)
  ok 224 [msedge] › circuit.spec.mjs:293:1 › Escape, Escape straight after an Inner Popup closes it and then the panel (ADR-0039, SRV-5) (1.6s)
  ok 225 [msedge] › circuit.spec.mjs:310:1 › a menu taking the keyboard a round trip late keeps the scroll the user gave it (ADR-0039/0040, SRV-5) (1.7s)
  -  226 [msedge] › circuit.spec.mjs:329:1 › a Prerendered grid is busy and takes no tab stop until its circuit connects (A11Y-20)
  -  227 [msedge] › circuit.spec.mjs:350:5 › two users, one store (SRV-3, ADR-0018) › a store change reaches both, a sort reaches one, and a shared source is refused
  ok 228 [msedge] › features.spec.mjs:28:1 › typing opens Overwrite containing the character, Enter commits and moves (ED-2/ED-4) (879ms)
  ok 229 [msedge] › features.spec.mjs:48:1 › in Overwrite an arrow commits and moves; in Caret it moves the caret (ED-2) (836ms)
  ok 230 [msedge] › features.spec.mjs:65:1 › Escape cancels the editor and never blurs the grid mid-edit (ED-3) (861ms)
  ok 231 [msedge] › features.spec.mjs:80:1 › the clipboard carries both formats, and #### never reaches it (CP-4/CP-5/CP-6/CP-10) (893ms)
  ok 232 [msedge] › features.spec.mjs:127:1 › a misaligned selection refuses and the clipboard stays untouched (CP-1/CP-3) (883ms)
  ok 233 [msedge] › features.spec.mjs:141:1 › paste raises one intent shaped by the clipboard block (CP-14, PST-1) (912ms)
  ok 234 [msedge] › features.spec.mjs:152:1 › a paste covering a non-editable column is refused whole (CP-16, ADR-0035) (898ms)
  ok 235 [msedge] › features.spec.mjs:167:1 › Ctrl+Enter fill across a non-editable column is refused, and says so (CP-16, ADR-0035) (829ms)
  ok 236 [msedge] › features.spec.mjs:188:1 › a refusal is announced, not only painted (A11Y-16, ADR-0035) (921ms)
  ok 237 [msedge] › features.spec.mjs:209:1 › a menu copy writes without a prompt, and with headers (CP-19/CP-17, ADR-0005/0036) (905ms)
  ok 238 [msedge] › features.spec.mjs:225:1 › a Reject holds the editor with real keys, and Escape is the way out (ED-15, ADR-0034) (879ms)
  ok 239 [msedge] › features.spec.mjs:244:1 › a Flag applies and is marked, and its message opens on the Focus (ED-16/ED-17, ADR-0034) (1.7s)
  ok 240 [msedge] › features.spec.mjs:261:1 › a flagged cell says why when the pointer rests on it (ED-17b, ADR-0021/0034) (1.7s)
  ok 241 [msedge] › features.spec.mjs:281:1 › a pasted value wears the same mark as a typed one (ADR-0034) (895ms)
  ok 242 [msedge] › features.spec.mjs:291:1 › Ctrl+PageDown is neither handled nor prevented (KB-15) (845ms)
  ok 243 [msedge] › features.spec.mjs:317:1 › the grid is one tab stop (A11Y-4, KB-12) (861ms)
  ok 244 [msedge] › features.spec.mjs:346:1 › two instances stay independent: no --ex-* on :root, no window global (DOM-4) (815ms)
  ok 245 [msedge] › features.spec.mjs:365:1 › a header click sorts and the selection is untouched by it (SR-1) (853ms)
  ok 246 [msedge] › features.spec.mjs:379:1 › a display-only grid does not take printable keys away from the page (ADR-0010/0020) (1.4s)
  ok 247 [msedge] › features.spec.mjs:401:1 › Escape returns the keyboard from a descendant control to the grid (ADR-0020/0012) (1.4s)
  ok 248 [msedge] › features.spec.mjs:436:1 › Space enters a cell with several actions; the arrows choose and Space fires once (KB-20/KB-21, ADR-0037) (1.4s)
  ok 249 [msedge] › features.spec.mjs:463:1 › inside a cell Enter never fires: it leaves and moves down (KB-22, ADR-0020/0037) (1.5s)
  ok 250 [msedge] › features.spec.mjs:475:1 › Escape leaves an Interactive cell and the grid keeps the keyboard (KB-22, ADR-0037) (1.4s)
  ok 251 [msedge] › features.spec.mjs:486:1 › Space puts the caret in a Template cell's field, and Escape brings the keyboard back (KB-23/KB-24, ADR-0037) (1.5s)
  ok 252 [msedge] › features.spec.mjs:503:1 › a held Space fires a one-action cell once (KB-26, ADR-0037) (1.4s)
  ok 253 [msedge] › features.spec.mjs:517:1 › holding Space to enter a cell fires nothing (KB-26, ADR-0037) (1.3s)
  ok 254 [msedge] › features.spec.mjs:531:1 › Shift+Tab from after the grid lands on the root, not on a button inside it (A11Y-17, ADR-0037) (1.3s)
  ok 255 [msedge] › features.spec.mjs:550:1 › the chosen action is outlined, with and without forced colors (UX-14, ADR-0029/0037) (2.0s)
  ok 256 [msedge] › features.spec.mjs:566:1 › a press dragged off an action leaves no button holding the keyboard, and Enter fires nothing (KB-27, ADR-0020/0037) (1.5s)
  ok 257 [msedge] › fill.spec.mjs:26:5 › in parents with a definite height › a sized box: the grid is the box, rows reach its bottom, and the DOM is the box's (VZ-12a, ADR-0028) (925ms)
  ok 258 [msedge] › fill.spec.mjs:38:5 › in parents with a definite height › the rest of a flex column: the grid starts under the toolbar and ends with the column (VZ-12a, ADR-0028) (873ms)
  ok 259 [msedge] › fill.spec.mjs:47:5 › in parents with a definite height › inside the paper: the Fill grid takes what the toolbar leaves; a declared grid is unchanged (WR-7a, ADR-0030) (874ms)
  ok 260 [msedge] › fill.spec.mjs:65:5 › in a parent with no height › nothing is painted and the grid names the parent (VZ-12b, ADR-0028) (1.3s)
  ok 261 [msedge] › fill.spec.mjs:80:5 › in a box that follows the window › the Viewport follows the window, both ways (VZ-12a, ADR-0028/0045) (946ms)
  ok 262 [msedge] › fill.spec.mjs:88:5 › in a box that follows the window › a column that cannot be filtered shows its commands alone, and Tab closes them as a Cancel (KB-30, ADR-0039/0044) (891ms)
  ok 263 [msedge] › fill.spec.mjs:106:5 › in a box that follows the window › a column menu with less than a row of room closes, and the keyboard is the grid's (UX-11a, ADR-0040) (939ms)
  ok 264 [msedge] › gestures.spec.mjs:21:1 › a leaf drag reorders within its group and clamps at its edge (HG-14/HG-15) (904ms)
  ok 265 [msedge] › gestures.spec.mjs:40:1 › grabbing a group rectangle moves the whole group (HG-14) (911ms)
  ok 266 [msedge] › gestures.spec.mjs:55:1 › a resize drag with a real mouse applies on release (ADR-0016) (892ms)
  ok 267 [msedge] › gestures.spec.mjs:71:1 › a drag past MaxWidth is recorded as it came and painted at that width (ADR-0016, FN-12) (895ms)
  ok 268 [msedge] › gestures.spec.mjs:88:1 › pasting onto an off-screen selection works, and the indicator showed first (PST-3) (931ms)
  ok 269 [msedge] › gestures.spec.mjs:104:1 › a ~10MB paste parses without freezing the grid (PST-5, PST-6 recorded) (3.6s)
  ok 270 [msedge] › gestures.spec.mjs:136:1 › the focus outline holds 3:1 against the cell ground under the default theme (UX-9) (778ms)
  ok 271 [msedge] › gestures.spec.mjs:161:1 › narrowing the scrollbar by token changes the gutter and the geometry follows (UX-10) (1.1s)
  ok 272 [msedge] › gestures.spec.mjs:192:1 › a composing IME keydown is never taken (ED-11, the listener guard) (840ms)
  ok 273 [msedge] › inspector-edits.spec.mjs:44:1 › RI-16: an approval from the inspector reaches the grid as a new instance, and the inspector shows it without a banner (ADR-0003) (822ms)
  ok 274 [msedge] › inspector-edits.spec.mjs:56:1 › RI-17: a change elsewhere raises the banner with the new value, keeps the old one shown, and disables the actions until reloaded (934ms)
  ok 275 [msedge] › inspector-edits.spec.mjs:76:1 › RI-18: a row deleted elsewhere says so, and its inspector acts on nothing (886ms)
  ok 276 [msedge] › inspector-edits.spec.mjs:86:1 › RI-19: an approval pressed before the news of a change arrives is refused by the store, and says why (950ms)
  ok 277 [msedge] › inspector-edits.spec.mjs:109:1 › RI-24: a deletion stays said, whatever news about the trade arrives after it (921ms)
  ok 278 [msedge] › inspector-edits.spec.mjs:125:1 › RI-25: an inspector opened while news is held back shows what the grid showed, and learns of the change when it is announced (843ms)
  ok 279 [msedge] › inspector-edits.spec.mjs:137:1 › RI-20: a note records the version it was written against, and is marked once the trade has moved on (930ms)
  ok 280 [msedge] › inspector-edits.spec.mjs:154:1 › RI-21: the inspector follows its trade by key when an approval moves it under the sort (921ms)
  ok 281 [msedge] › inspector-edits.spec.mjs:171:1 › RI-22: on WebAssembly the page says there is nobody to share the store with (801ms)
  -  282 [msedge] › inspector-edits.spec.mjs:177:1 › RI-23: on the Server host, an approval in another tab raises the banner in this one (ADR-0018)
  ok 283 [msedge] › inspectors.spec.mjs:88:5 › RI-4: modal, by click, handler returning once the dialog is shown: the keyboard is in the inspector, and back in the grid when it closes (ADR-0020/0037) (1.3s)
  ok 284 [msedge] › inspectors.spec.mjs:105:5 › RI-26: modal, by click from outside the grid, handler returning once the dialog is shown: closing gives the keyboard back to where it was, not to the grid (ADR-0037) (1.3s)
  ok 285 [msedge] › inspectors.spec.mjs:116:5 › RI-5: modal, by Space, handler returning once the dialog is shown: the keyboard is in the inspector (ADR-0020/0037) (1.3s)
  ok 286 [msedge] › inspectors.spec.mjs:88:5 › RI-4: modal, by click, handler awaiting the dialog's result: the keyboard is in the inspector, and back in the grid when it closes (ADR-0020/0037) (1.2s)
  ok 287 [msedge] › inspectors.spec.mjs:105:5 › RI-26: modal, by click from outside the grid, handler awaiting the dialog's result: closing gives the keyboard back to where it was, not to the grid (ADR-0037) (1.3s)
  ok 288 [msedge] › inspectors.spec.mjs:116:5 › RI-5: modal, by Space, handler awaiting the dialog's result: the keyboard is in the inspector (ADR-0020/0037) (1.3s)
  ok 289 [msedge] › inspectors.spec.mjs:124:1 › RI-6: floating, by click: the keyboard is in the inspector just opened (ADR-0020/0037) (1.6s)
  ok 290 [msedge] › inspectors.spec.mjs:136:1 › RI-7: floating, by Space: the keyboard is in the inspector (ADR-0020/0037) (1.2s)
  ok 291 [msedge] › inspectors.spec.mjs:144:1 › RI-8: floating: a row whose inspector is open brings it to the front instead of opening another (968ms)
  ok 292 [msedge] › inspectors.spec.mjs:157:1 › RI-9: floating: an inspector is dragged by its title bar, and closes on its own (1.1s)
  ok 293 [msedge] › inspectors.spec.mjs:183:1 › RI-10: the marked rows open as inspectors, one each, and the count names the ones outside the filter (ADR-0043) (1.0s)
  ok 294 [msedge] › inspectors.spec.mjs:202:1 › RI-11: the marks survive a sort, so the rows opened are the rows ticked (ADR-0043) (1.0s)
  ok 295 [msedge] › inspectors.spec.mjs:217:1 › RI-12: above the cap the marked rows are refused by count, and nothing opens (946ms)
  ok 296 [msedge] › inspectors.spec.mjs:230:1 › RI-13: modal: the marked rows open one after another, and Escape ends the queue (2.1s)
  ok 297 [msedge] › inspectors.spec.mjs:255:1 › RI-14: Enter on the Inspect cell moves down and opens nothing (ADR-0020) (1.2s)
  ok 298 [msedge] › inspectors.spec.mjs:266:1 › RI-15: while a modal inspector stands, the grid behind it cannot be pressed (1.5s)
  ok 299 [msedge] › marks.spec.mjs:42:1 › after "mark all", rows scrolled to far away paint ticked (MK-6) (1.7s)
  ok 300 [msedge] › marks.spec.mjs:57:1 › a filter keeps the marks and names the ones outside it (MK-7) (3.1s)
  ok 301 [msedge] › marks.spec.mjs:73:1 › Space in the Mark Column brings the selected rows into line (MK-1) (1.9s)
  ok 302 [msedge] › marks.spec.mjs:96:1 › a row arriving after "mark all" is not marked, and the header turns to "some" (MK-8) (1.8s)
  ok 303 [msedge] › marks.spec.mjs:107:1 › an action over a mark whose row was deleted elsewhere reports it as gone (ADR-0043) (1.8s)
  -  304 [msedge] › measure.spec.mjs:32:1 › what the pointer reports cost on a circuit, at 0, 50 and 150 ms round trip (SRV-6)
  -  305 [msedge] › measure.spec.mjs:111:1 › how long the stale band stands while the window is dragged over a Fill grid, at 0, 50 and 150 ms round trip (§21.9, ADR-0028)
  ok 306 [msedge] › memory.spec.mjs:75:1 › mounting and disposing the grid fifty times returns nodes and listeners to baseline (MEM-2) (4.0s)
  x  307 [msedge] › memory.spec.mjs:110:1 › disposal takes the module's listeners off the root, and the count comes back (MEM-4) (1.9s)
  -  308 [msedge] › memory.spec.mjs:136:1 › a ten-minute scripted scroll does not grow the JS heap (MEM-5, MEM-6)
  ok 309 [msedge] › mud-app.spec.mjs:111:1 › WR-7: a grid in a tab that was hidden paints correctly once its tab is shown (ADR-0028) (1.6s)
  ok 310 [msedge] › mud-app.spec.mjs:165:1 › WR-7: a Drawer toggle resizes the Fill grid and its geometry follows (ADR-0028) (2.2s)
  ok 311 [msedge] › mud-app.spec.mjs:212:1 › WR-7: the two grids on the main area stay independent (DOM-4, ADR-0018) (1.3s)
  ok 312 [msedge] › mud-app.spec.mjs:258:1 › WR-7: the toolbar's MudSelect and the grids never interfere (ADR-0018/0039) (1.5s)
  ok 313 [msedge] › mud-app.spec.mjs:318:1 › WR-7: a grid in a MudDialog opens its popovers whole inside its box, and its Inner Popups above the dialog (ADR-0040/0039) (1.9s)
  ok 314 [msedge] › mud-app.spec.mjs:384:1 › WR-9: the application's own controls — theme, tabs, dialog — keep the console clean (CON-1/2/3/6) (1.7s)
  ok 315 [msedge] › mud-app.spec.mjs:403:1 › WR-5 (setup): /features?chrome=mud runs its grids under MudGridChrome, and the column menu opens (FN-17, UX-11) (1.2s)
  ok 316 [msedge] › mud-app.spec.mjs:430:1 › WR-6: Striped paints the palette's table-stripe colour in both schemes, and a switch re-renders no row (ADR-0038/0030, RR-1) (1.2s)
  ok 317 [msedge] › mud.spec.mjs:41:1 › the painted geometry equals the declared metrics under the real Wrapper stylesheet (UX-3) (879ms)
  ok 318 [msedge] › mud.spec.mjs:62:1 › nothing under the Viewport transitions or animates with the Wrapper loaded (UX-6) (846ms)
  ok 319 [msedge] › mud.spec.mjs:80:1 › the focus outline and the selection fill stay visible under the Wrapper theme, light and dark (UX-9) (944ms)
  ok 320 [msedge] › mud.spec.mjs:110:1 › a loss is painted in the palette's error colour by the Consumer's tone rule, and only there (ADR-0006, FN-7a) (857ms)
  ok 321 [msedge] › mud.spec.mjs:132:1 › a theme switch re-renders nothing inside the grid: the rows are the same elements (RR-1) (896ms)
  ok 322 [msedge] › mud.spec.mjs:150:1 › the row under the pointer is highlighted by an overlay band, in the hovered instance only (UX-13) (913ms)
  ok 323 [msedge] › mud.spec.mjs:175:1 › the Wrapper's editor opens inside the core's box with the typed character, and commits (ED-4, ADR-0030) (936ms)
  ok 324 [msedge] › mud.spec.mjs:206:1 › the loading bar is a MudProgressLinear where the core places its seam, only while loading (913ms)
  ok 325 [msedge] › mud.spec.mjs:218:1 › the paper's corners: rounded with an inset, square flush; the grid's own box is untouched (886ms)
  x  326 [msedge] › navigation.spec.mjs:33:1 › RI-1: the index at / lists every routed page, once (1.5s)
  ok 327 [msedge] › navigation.spec.mjs:47:1 › RI-2: the Row Identity demo that was at / is at /identity (877ms)
  x  328 [msedge] › navigation.spec.mjs:54:1 › RI-3: every page opens from the index, names itself, and leads back to it (clean console) (1.4s)
  ok 329 [msedge] › observational.spec.mjs:128:1 › mount to first painted row at 10⁶ rows (BIG-7) (851ms)
  ok 330 [msedge] › observational.spec.mjs:140:1 › the DOM, the settle repaint and the frame intervals, virtualised and not (DOM-5, PF-6, BIG-6) (18.0s)
  ok 331 [msedge] › observational.spec.mjs:182:1 › a selection drag, one row a step, costs this much per step (PF-7) (1.9s)
  ok 332 [msedge] › popovers.spec.mjs:118:9 › under the builtin Chrome › a secondary click opens the grid's menu, not the browser's (CTX-1/CTX-5, ADR-0036) (835ms)
  ok 333 [msedge] › popovers.spec.mjs:133:9 › under the builtin Chrome › a secondary click outside the selection moves it first (CTX-1, ADR-0036) (855ms)
  ok 334 [msedge] › popovers.spec.mjs:144:9 › under the builtin Chrome › a Consumer command receives the clicked row and the selection (CTX-3, ADR-0036) (881ms)
  ok 335 [msedge] › popovers.spec.mjs:154:9 › under the builtin Chrome › the ContextMenu key opens it on the Focus (CTX-4, ADR-0036) (861ms)
  ok 336 [msedge] › popovers.spec.mjs:165:9 › under the builtin Chrome › popovers are not clipped by the scroll container and stay per instance (UX-11) (928ms)
  ok 337 [msedge] › popovers.spec.mjs:187:9 › under the builtin Chrome › a popover taller than its grid stays inside the grid's box and scrolls (UX-11, ADR-0040) (882ms)
  ok 338 [msedge] › popovers.spec.mjs:205:9 › under the builtin Chrome › Alt+↓ opens the Focus column's menu, and the menu takes the keyboard (KB-28/KB-29, ADR-0039) (864ms)
  ok 339 [msedge] › popovers.spec.mjs:216:9 › under the builtin Chrome › every popover takes the keyboard when it opens, by pointer or by key (KB-29, ADR-0039) (899ms)
  ok 340 [msedge] › popovers.spec.mjs:238:9 › under the builtin Chrome › however a popover closes, the keyboard is back on the grid and the arrows move the Focus (KB-32, ADR-0039) (1.1s)
  ok 341 [msedge] › popovers.spec.mjs:277:9 › under the builtin Chrome › in a menu the arrows, Home and End move among the enabled items and wrap (KB-30, ADR-0039) (952ms)
  ok 342 [msedge] › popovers.spec.mjs:305:13 › under the builtin Chrome › in a menu Enter runs the item and closes it (KB-30, ADR-0039) (893ms)
  ok 343 [msedge] › popovers.spec.mjs:305:13 › under the builtin Chrome › in a menu Space runs the item and closes it (KB-30, ADR-0039) (895ms)
  ok 344 [msedge] › popovers.spec.mjs:321:13 › under the builtin Chrome › over a filter, Tab on a command moves to the search box — nothing runs, nothing closes (FL-12, KB-30, ADR-0044) (884ms)
  ok 345 [msedge] › popovers.spec.mjs:321:13 › under the builtin Chrome › over a filter, Shift+Tab on a command moves to Cancel — nothing runs, nothing closes (FL-12, KB-30, ADR-0044) (883ms)
  ok 346 [msedge] › popovers.spec.mjs:339:9 › under the builtin Chrome › the Context Menu answers the same keys, and Tab closes it (KB-30, ADR-0039) (894ms)
  ok 347 [msedge] › popovers.spec.mjs:354:9 › under the builtin Chrome › Tab and Shift+Tab wrap through both halves of the popover (KB-31, FL-12, ADR-0044) (973ms)
  ok 348 [msedge] › popovers.spec.mjs:384:9 › under the builtin Chrome › the letters: S sorts, E goes to the search box where "e" is text, C clears (FL-15, FL-16, ADR-0044) (1.0s)
  ok 349 [msedge] › popovers.spec.mjs:428:9 › under the builtin Chrome › on the value list the letters act too: E goes back to the search box, O sorts (FL-15, ADR-0044) (945ms)
  ok 350 [msedge] › popovers.spec.mjs:463:9 › under the builtin Chrome › where no value list stands, E goes to the condition's value, where a search is typed (FL-15, ADR-0044) (872ms)
  ok 351 [msedge] › popovers.spec.mjs:480:9 › under the builtin Chrome › E on a checkbox outside the value list holds nothing: a Space after it ticks at once (ADR-0010/0044) (990ms)
  ok 352 [msedge] › popovers.spec.mjs:511:9 › under the builtin Chrome › Enter in the value field applies exactly what OK applies (KB-31, ADR-0039) (1.5s)
  ok 353 [msedge] › popovers.spec.mjs:520:9 › under the builtin Chrome › a pointer-down elsewhere in the instance dismisses a popover and keeps its own meaning (KB-17, ADR-0010/0039) (885ms)
  ok 354 [msedge] › popovers.spec.mjs:537:9 › under the builtin Chrome › a column's popover is a dialog holding a menu, both named by its header; the Context Menu a menu (A11Y-19, ADR-0039/0044) (895ms)
  ok 355 [msedge] › popovers.spec.mjs:118:9 › under the mud Chrome › a secondary click opens the grid's menu, not the browser's (CTX-1/CTX-5, ADR-0036) (896ms)
  ok 356 [msedge] › popovers.spec.mjs:133:9 › under the mud Chrome › a secondary click outside the selection moves it first (CTX-1, ADR-0036) (900ms)
  ok 357 [msedge] › popovers.spec.mjs:144:9 › under the mud Chrome › a Consumer command receives the clicked row and the selection (CTX-3, ADR-0036) (883ms)
  ok 358 [msedge] › popovers.spec.mjs:154:9 › under the mud Chrome › the ContextMenu key opens it on the Focus (CTX-4, ADR-0036) (920ms)
  ok 359 [msedge] › popovers.spec.mjs:165:9 › under the mud Chrome › popovers are not clipped by the scroll container and stay per instance (UX-11) (1.2s)
  ok 360 [msedge] › popovers.spec.mjs:187:9 › under the mud Chrome › a popover taller than its grid stays inside the grid's box and scrolls (UX-11, ADR-0040) (1.1s)
  ok 361 [msedge] › popovers.spec.mjs:205:9 › under the mud Chrome › Alt+↓ opens the Focus column's menu, and the menu takes the keyboard (KB-28/KB-29, ADR-0039) (980ms)
  ok 362 [msedge] › popovers.spec.mjs:216:9 › under the mud Chrome › every popover takes the keyboard when it opens, by pointer or by key (KB-29, ADR-0039) (1.1s)
  ok 363 [msedge] › popovers.spec.mjs:238:9 › under the mud Chrome › however a popover closes, the keyboard is back on the grid and the arrows move the Focus (KB-32, ADR-0039) (1.2s)
  ok 364 [msedge] › popovers.spec.mjs:277:9 › under the mud Chrome › in a menu the arrows, Home and End move among the enabled items and wrap (KB-30, ADR-0039) (1.1s)
  ok 365 [msedge] › popovers.spec.mjs:305:13 › under the mud Chrome › in a menu Enter runs the item and closes it (KB-30, ADR-0039) (1.0s)
  ok 366 [msedge] › popovers.spec.mjs:305:13 › under the mud Chrome › in a menu Space runs the item and closes it (KB-30, ADR-0039) (966ms)
  ok 367 [msedge] › popovers.spec.mjs:321:13 › under the mud Chrome › over a filter, Tab on a command moves to the search box — nothing runs, nothing closes (FL-12, KB-30, ADR-0044) (1.0s)
  ok 368 [msedge] › popovers.spec.mjs:321:13 › under the mud Chrome › over a filter, Shift+Tab on a command moves to Cancel — nothing runs, nothing closes (FL-12, KB-30, ADR-0044) (1.0s)
  ok 369 [msedge] › popovers.spec.mjs:339:9 › under the mud Chrome › the Context Menu answers the same keys, and Tab closes it (KB-30, ADR-0039) (974ms)
  ok 370 [msedge] › popovers.spec.mjs:354:9 › under the mud Chrome › Tab and Shift+Tab wrap through both halves of the popover (KB-31, FL-12, ADR-0044) (1.3s)
  ok 371 [msedge] › popovers.spec.mjs:384:9 › under the mud Chrome › the letters: S sorts, E goes to the search box where "e" is text, C clears (FL-15, FL-16, ADR-0044) (1.3s)
  ok 372 [msedge] › popovers.spec.mjs:428:9 › under the mud Chrome › on the value list the letters act too: E goes back to the search box, O sorts (FL-15, ADR-0044) (1.1s)
  ok 373 [msedge] › popovers.spec.mjs:463:9 › under the mud Chrome › where no value list stands, E goes to the condition's value, where a search is typed (FL-15, ADR-0044) (1.2s)
  ok 374 [msedge] › popovers.spec.mjs:480:9 › under the mud Chrome › E on a checkbox outside the value list holds nothing: a Space after it ticks at once (ADR-0010/0044) (1.3s)
  ok 375 [msedge] › popovers.spec.mjs:511:9 › under the mud Chrome › Enter in the value field applies exactly what OK applies (KB-31, ADR-0039) (2.4s)
  ok 376 [msedge] › popovers.spec.mjs:520:9 › under the mud Chrome › a pointer-down elsewhere in the instance dismisses a popover and keeps its own meaning (KB-17, ADR-0010/0039) (1.0s)
  ok 377 [msedge] › popovers.spec.mjs:537:9 › under the mud Chrome › a column's popover is a dialog holding a menu, both named by its header; the Context Menu a menu (A11Y-19, ADR-0039/0044) (1.0s)
  ok 378 [msedge] › popovers.spec.mjs:586:5 › Inner Popups under the mud Chrome › an Inner Popup is drawn outside the root, and opening it disturbs neither grid (FN-21) (1.2s)
  ok 379 [msedge] › popovers.spec.mjs:612:9 › Inner Popups under the mud Chrome › a pointer-down elsewhere in the instance closes the operator list and the panel, and keeps its meaning (FN-21, ModalOverlay off) (1.3s)
  ok 380 [msedge] › popovers.spec.mjs:612:9 › Inner Popups under the mud Chrome › a pointer-down elsewhere in the instance closes the date calendar and the panel, and keeps its meaning (FN-21, ModalOverlay off) (1.3s)
  ok 381 [msedge] › popovers.spec.mjs:640:9 › Inner Popups under the mud Chrome › Escape closes the operator list first, and the next Escape the panel (FN-21, KB-32) (1.3s)
  ok 382 [msedge] › popovers.spec.mjs:640:9 › Inner Popups under the mud Chrome › Escape closes the date calendar first, and the next Escape the panel (FN-21, KB-32) (1.3s)
  ok 383 [msedge] › popovers.spec.mjs:662:5 › Inner Popups under the mud Chrome › under ModalOverlay the press is the overlay's: only the Inner Popup closes, and Escape then closes the panel (FN-21) (1.9s)
  ok 384 [msedge] › popovers.spec.mjs:687:5 › Inner Popups under the mud Chrome › choosing from an Inner Popup keeps the panel, and applying hands the keyboard back to the root (FN-21, KB-32) (1.3s)
  ok 385 [msedge] › presentation.spec.mjs:17:1 › geometry tokens are inline and read-only: an ancestor or stylesheet cannot move them (UX-2) (822ms)
  ok 386 [msedge] › presentation.spec.mjs:39:1 › the painted heights equal the declared metrics exactly (UX-3, ST-3) (801ms)
  ok 387 [msedge] › presentation.spec.mjs:56:1 › a Visual Token set on an ancestor recolours the paint (UX-5, the paint half) (826ms)
  ok 388 [msedge] › presentation.spec.mjs:71:1 › nothing inside the Viewport transitions or animates (UX-6) (801ms)
  ok 389 [msedge] › presentation.spec.mjs:87:1 › forced colors keep every Cell State and Row Kind tellable (UX-7, on /cells) (808ms)
  ok 390 [msedge] › presentation.spec.mjs:113:1 › under a dark scheme the untouched grid stays readable (UX-8) (812ms)
  ok 391 [msedge] › presentation.spec.mjs:136:1 › inside an RTL ancestor the grid stays an LTR island (DIR-2/DIR-3) (854ms)
  ok 392 [msedge] › presentation.spec.mjs:169:1 › a Header Group label is centred, and nothing aligns it vertically (HG-13, ADR-0032) (826ms)
  ok 393 [msedge] › presentation.spec.mjs:186:1 › the editor's box is exactly the cell's (ED-9) (853ms)
  ok 394 [msedge] › presentation.spec.mjs:206:1 › the pointer leaving the grid stops the auto-scroll (SL-14/SL-15) (2.5s)
  ok 395 [msedge] › presentation.spec.mjs:233:1 › the Blazor error UI never appears (CON-5) (776ms)
  x  396 [msedge] › scrollbar.spec.mjs:213:5 › the Focus is never behind a scrollbar (ADR-0012/0013) › with the platform's own scrollbars (1.7s)
  x  397 [msedge] › scrollbar.spec.mjs:223:5 › the Focus is never behind a scrollbar (ADR-0012/0013) › with scrollbars that occupy layout (1.7s)
  x  398 [msedge] › scrollbar.spec.mjs:249:5 › the Focus is never behind a scrollbar (ADR-0012/0013) › at every zoom level, after moving again (1.7s)
  x  399 [msedge] › scrollbar.spec.mjs:328:5 › on a Windows desktop at fractional display scaling (VZ-14) › the Focus stays readable with the OS doing the scaling (1.7s)
  ok 400 [msedge] › sizing.spec.mjs:47:1 › a sorted Auto header and a Japanese Auto header paint whole (FN-12d, ADR-0016) (854ms)
  ok 401 [msedge] › sizing.spec.mjs:53:1 › a Japanese header double-clicked to fit paints whole at its fitted width (FN-12d, ADR-0016) (823ms)
  ok 402 [msedge] › sizing.spec.mjs:62:1 › a bold total the estimate fits paints whole, and a #### run fits its cell (FN-12e, ADR-0016) (1.0s)
  ok 403 [msedge] › sizing.spec.mjs:77:1 › a double-click on an edge fits a value the Viewport has not painted (FN-12a, ADR-0016) (1.3s)
  ok 404 [msedge] › sizing.spec.mjs:93:1 › a press on an edge that does not move reports no width and sorts nothing (FN-12b, ADR-0016) (857ms)
  ok 405 [msedge] › sizing.spec.mjs:101:1 › Shift+click on a header selects whole columns and does not sort (SR-2a, ADR-0012) (821ms)
  ok 406 [msedge] › sizing.spec.mjs:110:1 › dragging the edge of one of several whole columns resizes them all (FN-12c, ADR-0016) (891ms)
  ok 407 [msedge] › sizing.spec.mjs:125:1 › columns narrower than a wide box are not stretched, and a resize changes no column width (UX-11b, ADR-0045) (828ms)
  ok 408 [msedge] › sizing.spec.mjs:145:1 › a window narrower than the pinned block suspends pinning, and widening restores it (FN-6a, ADR-0045) (1.1s)
  ok 409 [msedge] › stripes.spec.mjs:60:1 › a pinned and a scrollable cell of one striped row paint the same ground (UX-15) (1.1s)
  ok 410 [msedge] › stripes.spec.mjs:84:1 › a group or total row paints its own ground over the stripe and still counts (UX-16) (913ms)
  ok 411 [msedge] › stripes.spec.mjs:105:1 › a Cell State ground and the overlays paint over the stripe (UX-16) (1.2s)
  ok 412 [msedge] › stripes.spec.mjs:129:1 › under forced colours no stripe is painted (UX-16) (888ms)
  x  413 [msedge] › virtualisation.spec.mjs:39:1 › the far corner is reachable and painted at 10⁶ rows (BIG-1) (16.7s)
  ok 414 [msedge] › virtualisation.spec.mjs:53:1 › the element count is the same at 10³, 10⁵ and 10⁶ rows (VZ-1, BIG-2, DOM-1) (3.1s)
  x  415 [msedge] › virtualisation.spec.mjs:66:1 › the first and the last row paint their own data, there and back again (BIG-5) (16.6s)
  ok 416 [msedge] › virtualisation.spec.mjs:85:1 › scrolling changes which rows exist, not how many elements do (ADR-0004 P1, across a scroll) (1.7s)
  ok 417 [msedge] › virtualisation.spec.mjs:101:1 › Ctrl+A over 10⁶ × 100 is one rectangle, counted as 10⁸, and the next key is answered (BIG-3, SL-6, DOM-2) (853ms)
  ok 418 [msedge] › virtualisation.spec.mjs:202:1 › a scroll frame makes at most one interop call, whatever is painted (PF-1) (4.1s)


  1) [chrome] › memory.spec.mjs:110:1 › disposal takes the module's listeners off the root, and the count comes back (MEM-4) 

    Error: expect(received).toEqual(expected) // deep equality

    - Expected  - 4
    + Received  + 5

      Array [
        StringMatching /^copy @ex-grid(\.\w+)?\.js$/,
    -   StringMatching /^keydown \(capture\) @ex-grid(\.\w+)?\.js$/,
    -   StringMatching /^mouseleave @ex-grid(\.\w+)?\.js$/,
    -   StringMatching /^mousemove @ex-grid(\.\w+)?\.js$/,
    -   StringMatching /^paste @ex-grid(\.\w+)?\.js$/,
    +   "input (capture) @ex-grid.1wtimfx4pa.js",
    +   "keydown (capture) @ex-grid.1wtimfx4pa.js",
    +   "mouseleave @ex-grid.1wtimfx4pa.js",
    +   "mousemove @ex-grid.1wtimfx4pa.js",
    +   "paste @ex-grid.1wtimfx4pa.js",
      ]

      118 |     // The per-instance handle's five, on the instance root and nowhere else (ADR-0018):
      119 |     // the capture-phase keys, the pointer report and the two clipboard events.
    > 120 |     expect(attached).toEqual([
          |                      ^
      121 |         'copy', 'keydown (capture)', 'mouseleave', 'mousemove', 'paste',
      122 |     ].map((t) => expect.stringMatching(new RegExp(`^${t.replace(/[()]/g, '\\$&')} @ex-grid(\\.\\w+)?\\.js$`))));
      123 |
        at C:\Users\amisa\AppData\Local\exgrid-layer3\run-2026-09-27\tests\ExGrid.Browser\memory.spec.mjs:120:22

    Error Context: test-results\memory-disposal-takes-the--03383-the-count-comes-back-MEM-4--chrome\error-context.md

    attachment #2: trace (application/zip) ─────────────────────────────────────────────────────────
    test-results\memory-disposal-takes-the--03383-the-count-comes-back-MEM-4--chrome\trace.zip
    Usage:

        npx playwright show-trace test-results\memory-disposal-takes-the--03383-the-count-comes-back-MEM-4--chrome\trace.zip

    ────────────────────────────────────────────────────────────────────────────────────────────────

  2) [chrome] › navigation.spec.mjs:33:1 › RI-1: the index at / lists every routed page, once ──────

    Error: ENOENT: no such file or directory, scandir 'C:\Users\amisa\AppData\Local\exgrid-layer3\run-2026-09-27\samples\ExGrid.DemoPages\Pages'

      14 | function routedPages() {
      15 |     const routes = new Set();
    > 16 |     for (const file of fs.readdirSync(PAGES).filter((name) => name.endsWith('.razor'))) {
         |                           ^
      17 |         const text = fs.readFileSync(path.join(PAGES, file), 'utf8');
      18 |         for (const match of text.matchAll(/^@page\s+"\/([^"]*)"/gm)) {
      19 |             routes.add(match[1]);
        at routedPages (C:\Users\amisa\AppData\Local\exgrid-layer3\run-2026-09-27\tests\ExGrid.Browser\navigation.spec.mjs:16:27)
        at C:\Users\amisa\AppData\Local\exgrid-layer3\run-2026-09-27\tests\ExGrid.Browser\navigation.spec.mjs:37:40

    Error Context: test-results\navigation-RI-1-the-index-at-lists-every-routed-page-once-chrome\error-context.md

    attachment #2: trace (application/zip) ─────────────────────────────────────────────────────────
    test-results\navigation-RI-1-the-index-at-lists-every-routed-page-once-chrome\trace.zip
    Usage:

        npx playwright show-trace test-results\navigation-RI-1-the-index-at-lists-every-routed-page-once-chrome\trace.zip

    ────────────────────────────────────────────────────────────────────────────────────────────────

  3) [chrome] › navigation.spec.mjs:54:1 › RI-3: every page opens from the index, names itself, and leads back to it (clean console) 

    Error: ENOENT: no such file or directory, scandir 'C:\Users\amisa\AppData\Local\exgrid-layer3\run-2026-09-27\samples\ExGrid.DemoPages\Pages'

      14 | function routedPages() {
      15 |     const routes = new Set();
    > 16 |     for (const file of fs.readdirSync(PAGES).filter((name) => name.endsWith('.razor'))) {
         |                           ^
      17 |         const text = fs.readFileSync(path.join(PAGES, file), 'utf8');
      18 |         for (const match of text.matchAll(/^@page\s+"\/([^"]*)"/gm)) {
      19 |             routes.add(match[1]);
        at routedPages (C:\Users\amisa\AppData\Local\exgrid-layer3\run-2026-09-27\tests\ExGrid.Browser\navigation.spec.mjs:16:27)
        at C:\Users\amisa\AppData\Local\exgrid-layer3\run-2026-09-27\tests\ExGrid.Browser\navigation.spec.mjs:57:33

    Error Context: test-results\navigation-RI-3-every-page-5f1ec-s-back-to-it-clean-console--chrome\error-context.md

    attachment #2: trace (application/zip) ─────────────────────────────────────────────────────────
    test-results\navigation-RI-3-every-page-5f1ec-s-back-to-it-clean-console--chrome\trace.zip
    Usage:

        npx playwright show-trace test-results\navigation-RI-3-every-page-5f1ec-s-back-to-it-clean-console--chrome\trace.zip

    ────────────────────────────────────────────────────────────────────────────────────────────────

  4) [chrome] › scrollbar.spec.mjs:213:5 › the Focus is never behind a scrollbar (ADR-0012/0013) › with the platform's own scrollbars 

    Error: the Focus is behind the horizontal scrollbar

    expect(received).toBeLessThanOrEqual(expected)

    Expected: <= 872.2083435058594
    Received:    898.1979370117188

      90 |     expect(focus.top, 'the Focus is above the readable area').toBeGreaterThanOrEqual(client.top - SLACK_PX);
      91 |     expect(focus.right, 'the Focus is behind the vertical scrollbar').toBeLessThanOrEqual(client.right + SLACK_PX);
    > 92 |     expect(focus.bottom, 'the Focus is behind the horizontal scrollbar').toBeLessThanOrEqual(client.bottom + SLACK_PX);
         |                                                                          ^
      93 | }
      94 |
      95 | /**
        at expectFocusInsideClientBox (C:\Users\amisa\AppData\Local\exgrid-layer3\run-2026-09-27\tests\ExGrid.Browser\scrollbar.spec.mjs:92:74)
        at C:\Users\amisa\AppData\Local\exgrid-layer3\run-2026-09-27\tests\ExGrid.Browser\scrollbar.spec.mjs:217:9

    Error Context: test-results\scrollbar-the-Focus-is-nev-8a104-e-platform-s-own-scrollbars-chrome\error-context.md

    attachment #2: trace (application/zip) ─────────────────────────────────────────────────────────
    test-results\scrollbar-the-Focus-is-nev-8a104-e-platform-s-own-scrollbars-chrome\trace.zip
    Usage:

        npx playwright show-trace test-results\scrollbar-the-Focus-is-nev-8a104-e-platform-s-own-scrollbars-chrome\trace.zip

    ────────────────────────────────────────────────────────────────────────────────────────────────

  5) [chrome] › scrollbar.spec.mjs:223:5 › the Focus is never behind a scrollbar (ADR-0012/0013) › with scrollbars that occupy layout 

    Error: the Focus is behind the horizontal scrollbar

    expect(received).toBeLessThanOrEqual(expected)

    Expected: <= 872.2083435058594
    Received:    899.53125

      90 |     expect(focus.top, 'the Focus is above the readable area').toBeGreaterThanOrEqual(client.top - SLACK_PX);
      91 |     expect(focus.right, 'the Focus is behind the vertical scrollbar').toBeLessThanOrEqual(client.right + SLACK_PX);
    > 92 |     expect(focus.bottom, 'the Focus is behind the horizontal scrollbar').toBeLessThanOrEqual(client.bottom + SLACK_PX);
         |                                                                          ^
      93 | }
      94 |
      95 | /**
        at expectFocusInsideClientBox (C:\Users\amisa\AppData\Local\exgrid-layer3\run-2026-09-27\tests\ExGrid.Browser\scrollbar.spec.mjs:92:74)
        at C:\Users\amisa\AppData\Local\exgrid-layer3\run-2026-09-27\tests\ExGrid.Browser\scrollbar.spec.mjs:229:9

    Error Context: test-results\scrollbar-the-Focus-is-nev-c4074-rollbars-that-occupy-layout-chrome\error-context.md

    attachment #2: trace (application/zip) ─────────────────────────────────────────────────────────
    test-results\scrollbar-the-Focus-is-nev-c4074-rollbars-that-occupy-layout-chrome\trace.zip
    Usage:

        npx playwright show-trace test-results\scrollbar-the-Focus-is-nev-c4074-rollbars-that-occupy-layout-chrome\trace.zip

    ────────────────────────────────────────────────────────────────────────────────────────────────

  6) [chrome] › scrollbar.spec.mjs:249:5 › the Focus is never behind a scrollbar (ADR-0012/0013) › at every zoom level, after moving again 

    Error: the Focus is behind the horizontal scrollbar

    expect(received).toBeLessThanOrEqual(expected)

    Expected: <= 872.2083435058594
    Received:    899.53125

      90 |     expect(focus.top, 'the Focus is above the readable area').toBeGreaterThanOrEqual(client.top - SLACK_PX);
      91 |     expect(focus.right, 'the Focus is behind the vertical scrollbar').toBeLessThanOrEqual(client.right + SLACK_PX);
    > 92 |     expect(focus.bottom, 'the Focus is behind the horizontal scrollbar').toBeLessThanOrEqual(client.bottom + SLACK_PX);
         |                                                                          ^
      93 | }
      94 |
      95 | /**
        at expectFocusInsideClientBox (C:\Users\amisa\AppData\Local\exgrid-layer3\run-2026-09-27\tests\ExGrid.Browser\scrollbar.spec.mjs:92:74)
        at C:\Users\amisa\AppData\Local\exgrid-layer3\run-2026-09-27\tests\ExGrid.Browser\scrollbar.spec.mjs:278:13

    Error Context: test-results\scrollbar-the-Focus-is-nev-7cc92-om-level-after-moving-again-chrome\error-context.md

    attachment #2: trace (application/zip) ─────────────────────────────────────────────────────────
    test-results\scrollbar-the-Focus-is-nev-7cc92-om-level-after-moving-again-chrome\trace.zip
    Usage:

        npx playwright show-trace test-results\scrollbar-the-Focus-is-nev-7cc92-om-level-after-moving-again-chrome\trace.zip

    ────────────────────────────────────────────────────────────────────────────────────────────────

  7) [chrome] › scrollbar.spec.mjs:328:5 › on a Windows desktop at fractional display scaling (VZ-14) › the Focus stays readable with the OS doing the scaling 

    Error: the Focus is behind the horizontal scrollbar

    expect(received).toBeLessThanOrEqual(expected)

    Expected: <= 872.2083435058594
    Received:    898.1979370117188

      90 |     expect(focus.top, 'the Focus is above the readable area').toBeGreaterThanOrEqual(client.top - SLACK_PX);
      91 |     expect(focus.right, 'the Focus is behind the vertical scrollbar').toBeLessThanOrEqual(client.right + SLACK_PX);
    > 92 |     expect(focus.bottom, 'the Focus is behind the horizontal scrollbar').toBeLessThanOrEqual(client.bottom + SLACK_PX);
         |                                                                          ^
      93 | }
      94 |
      95 | /**
        at expectFocusInsideClientBox (C:\Users\amisa\AppData\Local\exgrid-layer3\run-2026-09-27\tests\ExGrid.Browser\scrollbar.spec.mjs:92:74)
        at C:\Users\amisa\AppData\Local\exgrid-layer3\run-2026-09-27\tests\ExGrid.Browser\scrollbar.spec.mjs:348:9

    Error Context: test-results\scrollbar-on-a-Windows-des-51cba-th-the-OS-doing-the-scaling-chrome\error-context.md

    attachment #2: trace (application/zip) ─────────────────────────────────────────────────────────
    test-results\scrollbar-on-a-Windows-des-51cba-th-the-OS-doing-the-scaling-chrome\trace.zip
    Usage:

        npx playwright show-trace test-results\scrollbar-on-a-Windows-des-51cba-th-the-OS-doing-the-scaling-chrome\trace.zip

    ────────────────────────────────────────────────────────────────────────────────────────────────

  8) [chrome] › virtualisation.spec.mjs:39:1 › the far corner is reachable and painted at 10⁶ rows (BIG-1) 

    Error: expect(locator).toBeVisible() failed

    Locator: locator('.ex-grid [id$=\'-r999999c99\']')
    Expected: visible
    Timeout: 15000ms
    Error: element(s) not found

    Call log:
      - Expect "toBeVisible" with timeout 15000ms
      - waiting for locator('.ex-grid [id$=\'-r999999c99\']')


      44 |
      45 |     // The last row lands and paints real cells; the pinned columns are present.
    > 46 |     await expect(cell(page, ROWS - 1, 99)).toBeVisible({ timeout: 15_000 });
         |                                            ^
      47 |     await expect(grid.locator('.ex-cell.ex-pinned').first()).toBeVisible();
      48 |
      49 |     await page.keyboard.press('ControlOrMeta+Home');
        at C:\Users\amisa\AppData\Local\exgrid-layer3\run-2026-09-27\tests\ExGrid.Browser\virtualisation.spec.mjs:46:44

    Error Context: test-results\virtualisation-the-far-cor-ca327--painted-at-10⁶-rows-BIG-1--chrome\error-context.md

    attachment #2: trace (application/zip) ─────────────────────────────────────────────────────────
    test-results\virtualisation-the-far-cor-ca327--painted-at-10⁶-rows-BIG-1--chrome\trace.zip
    Usage:

        npx playwright show-trace test-results\virtualisation-the-far-cor-ca327--painted-at-10⁶-rows-BIG-1--chrome\trace.zip

    ────────────────────────────────────────────────────────────────────────────────────────────────

  9) [chrome] › virtualisation.spec.mjs:66:1 › the first and the last row paint their own data, there and back again (BIG-5) 

    Error: expect(locator).toHaveText(expected) failed

    Locator: locator('.ex-grid [id$=\'-r999999c0\']')
    Expected: "K-999999"
    Timeout: 15000ms
    Error: element(s) not found

    Call log:
      - Expect "toHaveText" with timeout 15000ms
      - waiting for locator('.ex-grid [id$=\'-r999999c0\']')


      22 | /** What /wide's data says a row holds (DemoData.WideColumns), checked against what is painted. */
      23 | async function expectRowPainted(page, row) {
    > 24 |     await expect(cell(page, row, 0)).toHaveText(`K-${String(row).padStart(6, '0')}`, { timeout: 15_000 });
         |                                      ^
      25 |     await expect(cell(page, row, 1)).toHaveText(BOOKS[row % BOOKS.length]);
      26 |     // M01, the first scrollable column: ((row·7919 + 2·104729) mod 1,999,999) / 100.
      27 |     const expected = ((row * 7919 + 2 * 104729) % 1_999_999) / 100;
        at expectRowPainted (C:\Users\amisa\AppData\Local\exgrid-layer3\run-2026-09-27\tests\ExGrid.Browser\virtualisation.spec.mjs:24:38)
        at C:\Users\amisa\AppData\Local\exgrid-layer3\run-2026-09-27\tests\ExGrid.Browser\virtualisation.spec.mjs:73:11

    Error Context: test-results\virtualisation-the-first-a-bd6fb-there-and-back-again-BIG-5--chrome\error-context.md

    attachment #2: trace (application/zip) ─────────────────────────────────────────────────────────
    test-results\virtualisation-the-first-a-bd6fb-there-and-back-again-BIG-5--chrome\trace.zip
    Usage:

        npx playwright show-trace test-results\virtualisation-the-first-a-bd6fb-there-and-back-again-BIG-5--chrome\trace.zip

    ────────────────────────────────────────────────────────────────────────────────────────────────

  10) [msedge] › memory.spec.mjs:110:1 › disposal takes the module's listeners off the root, and the count comes back (MEM-4) 

    Error: expect(received).toEqual(expected) // deep equality

    - Expected  - 4
    + Received  + 5

      Array [
        StringMatching /^copy @ex-grid(\.\w+)?\.js$/,
    -   StringMatching /^keydown \(capture\) @ex-grid(\.\w+)?\.js$/,
    -   StringMatching /^mouseleave @ex-grid(\.\w+)?\.js$/,
    -   StringMatching /^mousemove @ex-grid(\.\w+)?\.js$/,
    -   StringMatching /^paste @ex-grid(\.\w+)?\.js$/,
    +   "input (capture) @ex-grid.1wtimfx4pa.js",
    +   "keydown (capture) @ex-grid.1wtimfx4pa.js",
    +   "mouseleave @ex-grid.1wtimfx4pa.js",
    +   "mousemove @ex-grid.1wtimfx4pa.js",
    +   "paste @ex-grid.1wtimfx4pa.js",
      ]

      118 |     // The per-instance handle's five, on the instance root and nowhere else (ADR-0018):
      119 |     // the capture-phase keys, the pointer report and the two clipboard events.
    > 120 |     expect(attached).toEqual([
          |                      ^
      121 |         'copy', 'keydown (capture)', 'mouseleave', 'mousemove', 'paste',
      122 |     ].map((t) => expect.stringMatching(new RegExp(`^${t.replace(/[()]/g, '\\$&')} @ex-grid(\\.\\w+)?\\.js$`))));
      123 |
        at C:\Users\amisa\AppData\Local\exgrid-layer3\run-2026-09-27\tests\ExGrid.Browser\memory.spec.mjs:120:22

    Error Context: test-results\memory-disposal-takes-the--03383-the-count-comes-back-MEM-4--msedge\error-context.md

    attachment #2: trace (application/zip) ─────────────────────────────────────────────────────────
    test-results\memory-disposal-takes-the--03383-the-count-comes-back-MEM-4--msedge\trace.zip
    Usage:

        npx playwright show-trace test-results\memory-disposal-takes-the--03383-the-count-comes-back-MEM-4--msedge\trace.zip

    ────────────────────────────────────────────────────────────────────────────────────────────────

  11) [msedge] › navigation.spec.mjs:33:1 › RI-1: the index at / lists every routed page, once ─────

    Error: ENOENT: no such file or directory, scandir 'C:\Users\amisa\AppData\Local\exgrid-layer3\run-2026-09-27\samples\ExGrid.DemoPages\Pages'

      14 | function routedPages() {
      15 |     const routes = new Set();
    > 16 |     for (const file of fs.readdirSync(PAGES).filter((name) => name.endsWith('.razor'))) {
         |                           ^
      17 |         const text = fs.readFileSync(path.join(PAGES, file), 'utf8');
      18 |         for (const match of text.matchAll(/^@page\s+"\/([^"]*)"/gm)) {
      19 |             routes.add(match[1]);
        at routedPages (C:\Users\amisa\AppData\Local\exgrid-layer3\run-2026-09-27\tests\ExGrid.Browser\navigation.spec.mjs:16:27)
        at C:\Users\amisa\AppData\Local\exgrid-layer3\run-2026-09-27\tests\ExGrid.Browser\navigation.spec.mjs:37:40

    Error Context: test-results\navigation-RI-1-the-index-at-lists-every-routed-page-once-msedge\error-context.md

    attachment #2: trace (application/zip) ─────────────────────────────────────────────────────────
    test-results\navigation-RI-1-the-index-at-lists-every-routed-page-once-msedge\trace.zip
    Usage:

        npx playwright show-trace test-results\navigation-RI-1-the-index-at-lists-every-routed-page-once-msedge\trace.zip

    ────────────────────────────────────────────────────────────────────────────────────────────────

  12) [msedge] › navigation.spec.mjs:54:1 › RI-3: every page opens from the index, names itself, and leads back to it (clean console) 

    Error: ENOENT: no such file or directory, scandir 'C:\Users\amisa\AppData\Local\exgrid-layer3\run-2026-09-27\samples\ExGrid.DemoPages\Pages'

      14 | function routedPages() {
      15 |     const routes = new Set();
    > 16 |     for (const file of fs.readdirSync(PAGES).filter((name) => name.endsWith('.razor'))) {
         |                           ^
      17 |         const text = fs.readFileSync(path.join(PAGES, file), 'utf8');
      18 |         for (const match of text.matchAll(/^@page\s+"\/([^"]*)"/gm)) {
      19 |             routes.add(match[1]);
        at routedPages (C:\Users\amisa\AppData\Local\exgrid-layer3\run-2026-09-27\tests\ExGrid.Browser\navigation.spec.mjs:16:27)
        at C:\Users\amisa\AppData\Local\exgrid-layer3\run-2026-09-27\tests\ExGrid.Browser\navigation.spec.mjs:57:33

    Error Context: test-results\navigation-RI-3-every-page-5f1ec-s-back-to-it-clean-console--msedge\error-context.md

    attachment #2: trace (application/zip) ─────────────────────────────────────────────────────────
    test-results\navigation-RI-3-every-page-5f1ec-s-back-to-it-clean-console--msedge\trace.zip
    Usage:

        npx playwright show-trace test-results\navigation-RI-3-every-page-5f1ec-s-back-to-it-clean-console--msedge\trace.zip

    ────────────────────────────────────────────────────────────────────────────────────────────────

  13) [msedge] › scrollbar.spec.mjs:213:5 › the Focus is never behind a scrollbar (ADR-0012/0013) › with the platform's own scrollbars 

    Error: the Focus is behind the horizontal scrollbar

    expect(received).toBeLessThanOrEqual(expected)

    Expected: <= 872.2083435058594
    Received:    898.1979370117188

      90 |     expect(focus.top, 'the Focus is above the readable area').toBeGreaterThanOrEqual(client.top - SLACK_PX);
      91 |     expect(focus.right, 'the Focus is behind the vertical scrollbar').toBeLessThanOrEqual(client.right + SLACK_PX);
    > 92 |     expect(focus.bottom, 'the Focus is behind the horizontal scrollbar').toBeLessThanOrEqual(client.bottom + SLACK_PX);
         |                                                                          ^
      93 | }
      94 |
      95 | /**
        at expectFocusInsideClientBox (C:\Users\amisa\AppData\Local\exgrid-layer3\run-2026-09-27\tests\ExGrid.Browser\scrollbar.spec.mjs:92:74)
        at C:\Users\amisa\AppData\Local\exgrid-layer3\run-2026-09-27\tests\ExGrid.Browser\scrollbar.spec.mjs:217:9

    Error Context: test-results\scrollbar-the-Focus-is-nev-8a104-e-platform-s-own-scrollbars-msedge\error-context.md

    attachment #2: trace (application/zip) ─────────────────────────────────────────────────────────
    test-results\scrollbar-the-Focus-is-nev-8a104-e-platform-s-own-scrollbars-msedge\trace.zip
    Usage:

        npx playwright show-trace test-results\scrollbar-the-Focus-is-nev-8a104-e-platform-s-own-scrollbars-msedge\trace.zip

    ────────────────────────────────────────────────────────────────────────────────────────────────

  14) [msedge] › scrollbar.spec.mjs:223:5 › the Focus is never behind a scrollbar (ADR-0012/0013) › with scrollbars that occupy layout 

    Error: the Focus is behind the horizontal scrollbar

    expect(received).toBeLessThanOrEqual(expected)

    Expected: <= 872.2083435058594
    Received:    899.53125

      90 |     expect(focus.top, 'the Focus is above the readable area').toBeGreaterThanOrEqual(client.top - SLACK_PX);
      91 |     expect(focus.right, 'the Focus is behind the vertical scrollbar').toBeLessThanOrEqual(client.right + SLACK_PX);
    > 92 |     expect(focus.bottom, 'the Focus is behind the horizontal scrollbar').toBeLessThanOrEqual(client.bottom + SLACK_PX);
         |                                                                          ^
      93 | }
      94 |
      95 | /**
        at expectFocusInsideClientBox (C:\Users\amisa\AppData\Local\exgrid-layer3\run-2026-09-27\tests\ExGrid.Browser\scrollbar.spec.mjs:92:74)
        at C:\Users\amisa\AppData\Local\exgrid-layer3\run-2026-09-27\tests\ExGrid.Browser\scrollbar.spec.mjs:229:9

    Error Context: test-results\scrollbar-the-Focus-is-nev-c4074-rollbars-that-occupy-layout-msedge\error-context.md

    attachment #2: trace (application/zip) ─────────────────────────────────────────────────────────
    test-results\scrollbar-the-Focus-is-nev-c4074-rollbars-that-occupy-layout-msedge\trace.zip
    Usage:

        npx playwright show-trace test-results\scrollbar-the-Focus-is-nev-c4074-rollbars-that-occupy-layout-msedge\trace.zip

    ────────────────────────────────────────────────────────────────────────────────────────────────

  15) [msedge] › scrollbar.spec.mjs:249:5 › the Focus is never behind a scrollbar (ADR-0012/0013) › at every zoom level, after moving again 

    Error: the Focus is behind the horizontal scrollbar

    expect(received).toBeLessThanOrEqual(expected)

    Expected: <= 872.2083435058594
    Received:    899.53125

      90 |     expect(focus.top, 'the Focus is above the readable area').toBeGreaterThanOrEqual(client.top - SLACK_PX);
      91 |     expect(focus.right, 'the Focus is behind the vertical scrollbar').toBeLessThanOrEqual(client.right + SLACK_PX);
    > 92 |     expect(focus.bottom, 'the Focus is behind the horizontal scrollbar').toBeLessThanOrEqual(client.bottom + SLACK_PX);
         |                                                                          ^
      93 | }
      94 |
      95 | /**
        at expectFocusInsideClientBox (C:\Users\amisa\AppData\Local\exgrid-layer3\run-2026-09-27\tests\ExGrid.Browser\scrollbar.spec.mjs:92:74)
        at C:\Users\amisa\AppData\Local\exgrid-layer3\run-2026-09-27\tests\ExGrid.Browser\scrollbar.spec.mjs:278:13

    Error Context: test-results\scrollbar-the-Focus-is-nev-7cc92-om-level-after-moving-again-msedge\error-context.md

    attachment #2: trace (application/zip) ─────────────────────────────────────────────────────────
    test-results\scrollbar-the-Focus-is-nev-7cc92-om-level-after-moving-again-msedge\trace.zip
    Usage:

        npx playwright show-trace test-results\scrollbar-the-Focus-is-nev-7cc92-om-level-after-moving-again-msedge\trace.zip

    ────────────────────────────────────────────────────────────────────────────────────────────────

  16) [msedge] › scrollbar.spec.mjs:328:5 › on a Windows desktop at fractional display scaling (VZ-14) › the Focus stays readable with the OS doing the scaling 

    Error: the Focus is behind the horizontal scrollbar

    expect(received).toBeLessThanOrEqual(expected)

    Expected: <= 872.2083435058594
    Received:    898.1979370117188

      90 |     expect(focus.top, 'the Focus is above the readable area').toBeGreaterThanOrEqual(client.top - SLACK_PX);
      91 |     expect(focus.right, 'the Focus is behind the vertical scrollbar').toBeLessThanOrEqual(client.right + SLACK_PX);
    > 92 |     expect(focus.bottom, 'the Focus is behind the horizontal scrollbar').toBeLessThanOrEqual(client.bottom + SLACK_PX);
         |                                                                          ^
      93 | }
      94 |
      95 | /**
        at expectFocusInsideClientBox (C:\Users\amisa\AppData\Local\exgrid-layer3\run-2026-09-27\tests\ExGrid.Browser\scrollbar.spec.mjs:92:74)
        at C:\Users\amisa\AppData\Local\exgrid-layer3\run-2026-09-27\tests\ExGrid.Browser\scrollbar.spec.mjs:348:9

    Error Context: test-results\scrollbar-on-a-Windows-des-51cba-th-the-OS-doing-the-scaling-msedge\error-context.md

    attachment #2: trace (application/zip) ─────────────────────────────────────────────────────────
    test-results\scrollbar-on-a-Windows-des-51cba-th-the-OS-doing-the-scaling-msedge\trace.zip
    Usage:

        npx playwright show-trace test-results\scrollbar-on-a-Windows-des-51cba-th-the-OS-doing-the-scaling-msedge\trace.zip

    ────────────────────────────────────────────────────────────────────────────────────────────────

  17) [msedge] › virtualisation.spec.mjs:39:1 › the far corner is reachable and painted at 10⁶ rows (BIG-1) 

    Error: expect(locator).toBeVisible() failed

    Locator: locator('.ex-grid [id$=\'-r999999c99\']')
    Expected: visible
    Timeout: 15000ms
    Error: element(s) not found

    Call log:
      - Expect "toBeVisible" with timeout 15000ms
      - waiting for locator('.ex-grid [id$=\'-r999999c99\']')


      44 |
      45 |     // The last row lands and paints real cells; the pinned columns are present.
    > 46 |     await expect(cell(page, ROWS - 1, 99)).toBeVisible({ timeout: 15_000 });
         |                                            ^
      47 |     await expect(grid.locator('.ex-cell.ex-pinned').first()).toBeVisible();
      48 |
      49 |     await page.keyboard.press('ControlOrMeta+Home');
        at C:\Users\amisa\AppData\Local\exgrid-layer3\run-2026-09-27\tests\ExGrid.Browser\virtualisation.spec.mjs:46:44

    Error Context: test-results\virtualisation-the-far-cor-ca327--painted-at-10⁶-rows-BIG-1--msedge\error-context.md

    attachment #2: trace (application/zip) ─────────────────────────────────────────────────────────
    test-results\virtualisation-the-far-cor-ca327--painted-at-10⁶-rows-BIG-1--msedge\trace.zip
    Usage:

        npx playwright show-trace test-results\virtualisation-the-far-cor-ca327--painted-at-10⁶-rows-BIG-1--msedge\trace.zip

    ────────────────────────────────────────────────────────────────────────────────────────────────

  18) [msedge] › virtualisation.spec.mjs:66:1 › the first and the last row paint their own data, there and back again (BIG-5) 

    Error: expect(locator).toHaveText(expected) failed

    Locator: locator('.ex-grid [id$=\'-r999999c0\']')
    Expected: "K-999999"
    Timeout: 15000ms
    Error: element(s) not found

    Call log:
      - Expect "toHaveText" with timeout 15000ms
      - waiting for locator('.ex-grid [id$=\'-r999999c0\']')


      22 | /** What /wide's data says a row holds (DemoData.WideColumns), checked against what is painted. */
      23 | async function expectRowPainted(page, row) {
    > 24 |     await expect(cell(page, row, 0)).toHaveText(`K-${String(row).padStart(6, '0')}`, { timeout: 15_000 });
         |                                      ^
      25 |     await expect(cell(page, row, 1)).toHaveText(BOOKS[row % BOOKS.length]);
      26 |     // M01, the first scrollable column: ((row·7919 + 2·104729) mod 1,999,999) / 100.
      27 |     const expected = ((row * 7919 + 2 * 104729) % 1_999_999) / 100;
        at expectRowPainted (C:\Users\amisa\AppData\Local\exgrid-layer3\run-2026-09-27\tests\ExGrid.Browser\virtualisation.spec.mjs:24:38)
        at C:\Users\amisa\AppData\Local\exgrid-layer3\run-2026-09-27\tests\ExGrid.Browser\virtualisation.spec.mjs:73:11

    Error Context: test-results\virtualisation-the-first-a-bd6fb-there-and-back-again-BIG-5--msedge\error-context.md

    attachment #2: trace (application/zip) ─────────────────────────────────────────────────────────
    test-results\virtualisation-the-first-a-bd6fb-there-and-back-again-BIG-5--msedge\trace.zip
    Usage:

        npx playwright show-trace test-results\virtualisation-the-first-a-bd6fb-there-and-back-again-BIG-5--msedge\trace.zip

    ────────────────────────────────────────────────────────────────────────────────────────────────

  18 failed
    [chrome] › memory.spec.mjs:110:1 › disposal takes the module's listeners off the root, and the count comes back (MEM-4) 
    [chrome] › navigation.spec.mjs:33:1 › RI-1: the index at / lists every routed page, once ───────
    [chrome] › navigation.spec.mjs:54:1 › RI-3: every page opens from the index, names itself, and leads back to it (clean console) 
    [chrome] › scrollbar.spec.mjs:213:5 › the Focus is never behind a scrollbar (ADR-0012/0013) › with the platform's own scrollbars 
    [chrome] › scrollbar.spec.mjs:223:5 › the Focus is never behind a scrollbar (ADR-0012/0013) › with scrollbars that occupy layout 
    [chrome] › scrollbar.spec.mjs:249:5 › the Focus is never behind a scrollbar (ADR-0012/0013) › at every zoom level, after moving again 
    [chrome] › scrollbar.spec.mjs:328:5 › on a Windows desktop at fractional display scaling (VZ-14) › the Focus stays readable with the OS doing the scaling 
    [chrome] › virtualisation.spec.mjs:39:1 › the far corner is reachable and painted at 10⁶ rows (BIG-1) 
    [chrome] › virtualisation.spec.mjs:66:1 › the first and the last row paint their own data, there and back again (BIG-5) 
    [msedge] › memory.spec.mjs:110:1 › disposal takes the module's listeners off the root, and the count comes back (MEM-4) 
    [msedge] › navigation.spec.mjs:33:1 › RI-1: the index at / lists every routed page, once ───────
    [msedge] › navigation.spec.mjs:54:1 › RI-3: every page opens from the index, names itself, and leads back to it (clean console) 
    [msedge] › scrollbar.spec.mjs:213:5 › the Focus is never behind a scrollbar (ADR-0012/0013) › with the platform's own scrollbars 
    [msedge] › scrollbar.spec.mjs:223:5 › the Focus is never behind a scrollbar (ADR-0012/0013) › with scrollbars that occupy layout 
    [msedge] › scrollbar.spec.mjs:249:5 › the Focus is never behind a scrollbar (ADR-0012/0013) › at every zoom level, after moving again 
    [msedge] › scrollbar.spec.mjs:328:5 › on a Windows desktop at fractional display scaling (VZ-14) › the Focus stays readable with the OS doing the scaling 
    [msedge] › virtualisation.spec.mjs:39:1 › the far corner is reachable and painted at 10⁶ rows (BIG-1) 
    [msedge] › virtualisation.spec.mjs:66:1 › the first and the last row paint their own data, there and back again (BIG-5) 
  12 skipped
  388 passed (10.3m)
end 2026-09-27 12:51:45 BST
