start 11:02:08

Running 83 tests using 1 worker

  ok  1 [chrome] › sheet-vs-excel.spec.mjs:124:1 › item 1: Ctrl+Down stops at each block edge, then the last row (ADR-0050 §2, ticket 07) (6.7s)
  ok  2 [chrome] › sheet-vs-excel.spec.mjs:155:1 › item 2: Ctrl+Shift+Right from inside a row block selects to its end, then to the last column (ADR-0050 §2, ADR-0052, ticket 07) (3.1s)
  ok  3 [chrome] › sheet-vs-excel.spec.mjs:177:1 › item 3: a column letter selects the column, Shift+click extends, the Focus on the top visible row (ADR-0050 §1, ADR-0052, ticket 06) (866ms)
  ok  4 [chrome] › sheet-vs-excel.spec.mjs:198:1 › item 4: a row number selects the row, Shift+click extends, the Focus in the first column on screen (ADR-0050 §1, ADR-0052, ticket 06) (750ms)
  ok  5 [chrome] › sheet-vs-excel.spec.mjs:213:1 › item 5: the corner selects every cell, the Focus on the top-left visible cell (ADR-0050 §1, ADR-0052, ticket 06) (800ms)
  ok  6 [chrome] › sheet-vs-excel.spec.mjs:245:1 › active cell, case 1: Shift+arrows move the far corner, the Focus stays, and the view follows the Extent (ADR-0052) (7.1s)
  ok  7 [chrome] › sheet-vs-excel.spec.mjs:260:1 › active cell, case 2: while a drag is held the Name Box shows 4R x 3C, and D5 stays active after D5 to B2 (ADR-0052) (574ms)
  ok  8 [chrome] › sheet-vs-excel.spec.mjs:273:1 › active cell, case 3: after Enter, Shift+arrow moves the edge opposite the Focus, and nothing from the middle (ADR-0052) (2.3s)
  ok  9 [chrome] › sheet-vs-excel.spec.mjs:299:1 › active cell, case 6: Ctrl+click on the active cell takes it out and the first remaining cell of the range made last is active (ADR-0052) (1.1s)
  ok 10 [chrome] › sheet-vs-excel.spec.mjs:312:1 › active cell, cases 7 and 8: Ctrl+. walks the corners, Ctrl+Backspace scrolls back to the Focus, Shift+Backspace collapses (ADR-0052) (2.0s)
  ok 11 [chrome] › sheet-vs-excel.spec.mjs:334:1 › active cell, cases 12 and 13: typing enters the Focus only, and Ctrl+Enter fills the Selection and moves nothing (ADR-0052) (1.5s)
  ok 12 [chrome] › sheet-vs-excel.spec.mjs:353:1 › item 6: the Name Box selects what it is given and scrolls only as far as it must (ADR-0050, ticket 09) (893ms)
  ok 13 [chrome] › sheet-vs-excel.spec.mjs:376:1 › item 7: in Enter mode an arrow key commits and moves (ADR-0012, ticket 08) (1.2s)
  ok 14 [chrome] › sheet-vs-excel.spec.mjs:389:1 › item 8: F2 on a Formula shows it with the caret at the end, and the arrows move the caret (ADR-0051, ticket 08) (1.3s)
  ok 15 [chrome] › sheet-vs-excel.spec.mjs:408:1 › item 9: Point mode by keys writes each Reference as the pointer moves (ADR-0051, ticket 11) (1.2s)
  ok 16 [chrome] › sheet-vs-excel.spec.mjs:426:1 › item 10: Point mode by mouse writes the clicked cell, then the dragged range (ADR-0051, ticket 11) (732ms)
  ok 17 [chrome] › sheet-vs-excel.spec.mjs:444:1 › item 11: F2 while pointing turns the arrows back to the caret (ADR-0051, ticket 11) (1.1s)
  ok 18 [chrome] › sheet-vs-excel.spec.mjs:457:1 › item 12: typing = in the Formula Bar and pressing Down does not point (ADR-0051, ticket 11) (686ms)
  ok 19 [chrome] › sheet-vs-excel.spec.mjs:466:1 › item 13: completion lists candidates, Tab takes one with its parenthesis, Escape closes only the list (ADR-0051, ticket 10) (1.4s)
  ok 20 [chrome] › sheet-vs-excel.spec.mjs:489:1 › item 14: the argument hint names every argument and marks the current one (ADR-0051, ticket 10) (841ms)
  ok 21 [chrome] › sheet-vs-excel.spec.mjs:501:1 › item 15: Escape in the Formula Bar cancels the edit and gives the keys back to the grid (ADR-0051, ticket 09) (1.0s)
  -  22 [chrome] › sheet-vs-excel.spec.mjs:516:12 › item 16: a copied Formula pastes with its relative References shifted (ADR-0048, ticket 14)
  -  23 [chrome] › sheet-vs-excel.spec.mjs:526:12 › item 17: a 3×3 block pasted onto one cell fills 3×3 and becomes the Selection (ADR-0050, ticket 14)
  -  24 [chrome] › sheet-vs-excel.spec.mjs:539:6 › item 18: cells from Excel, and to Excel (ADR-0048, ticket 14)
  -  25 [chrome] › sheet-vs-excel.spec.mjs:552:12 › item 19: pasted text =A1+1 is a Formula (ADR-0048, ticket 14)
  -  26 [chrome] › sheet-vs-excel.spec.mjs:557:12 › item 19: pasted text 1,234 is 1234 formatted #,##0, as Excel takes it (ADR-0048, ticket 14)
  -  27 [chrome] › sheet-vs-excel.spec.mjs:562:12 › item 19 and Part A item 10: pasted text =1+ is taken as that text (ADR-0048, ticket 14)
  ok 28 [chrome] › sheet-vs-excel.spec.mjs:570:1 › item 20: the fill handle continues a series, and leaves source and target selected (ADR-0050 item 5, ADR-0052, ticket 15) (1.9s)
  ok 29 [chrome] › sheet-vs-excel.spec.mjs:581:1 › item 20: one number is copied, one date goes on by day, a Formula shifts (ADR-0050, ticket 15) (3.5s)
  ok 30 [chrome] › sheet-vs-excel.spec.mjs:596:1 › item 20: 1, 2, 4 continue as Excel's trend, to the 15 digits Excel keeps (ADR-0050, ticket 15) (2.7s)
  ok 31 [chrome] › sheet-vs-excel.spec.mjs:608:1 › item 20: a series filled up goes backwards, and the Focus stays on the source (ADR-0050, ADR-0052, ticket 15) (2.0s)
  ok 32 [chrome] › sheet-vs-excel.spec.mjs:621:1 › item 20: text in two cells filled left repeats backwards (ADR-0050, ticket 15) (1.9s)
  ok 33 [chrome] › sheet-vs-excel.spec.mjs:632:1 › item 20: Item 1, Mon and a date with a time are refused, by decision (ADR-0050) (3.4s)
  ok 34 [chrome] › sheet-vs-excel.spec.mjs:644:1 › item 21: with several ranges selected there is no fill handle (ADR-0050, ticket 15) (648ms)
  ok 35 [chrome] › sheet-vs-excel.spec.mjs:654:1 › item 22: inserting rows above a selected range keeps the Selection where it was, and the Focus (ADR-0046, ADR-0052, ticket 13) (746ms)
  ok 36 [chrome] › sheet-vs-excel.spec.mjs:666:1 › item 23: deleting a row a Formula references writes #REF! in its place (ADR-0046, ticket 13) (1.6s)
  -  37 [chrome] › sheet-vs-excel.spec.mjs:677:6 › item 24: a rename is undone by Ctrl+Z, as Excel undoes it (ADR-0048, ticket 12)
  ok 38 [chrome] › sheet-vs-excel.spec.mjs:685:1 › item 25: a long text is cut with an ellipsis, by decision; Excel lets it run over (ADR-0046) (658ms)
  ok 39 [chrome] › sheet-vs-excel.spec.mjs:693:1 › item 26: a number too wide for its column shows #### (ADR-0016) (886ms)
  ok 40 [chrome] › sheet-vs-excel.spec.mjs:703:1 › item 27: every cell of a cycle and its dependents is #CIRC!, by decision; Excel shows 0 (ADR-0047) (1.6s)
  ok 41 [msedge] › sheet-vs-excel.spec.mjs:124:1 › item 1: Ctrl+Down stops at each block edge, then the last row (ADR-0050 §2, ticket 07) (6.5s)
  ok 42 [msedge] › sheet-vs-excel.spec.mjs:155:1 › item 2: Ctrl+Shift+Right from inside a row block selects to its end, then to the last column (ADR-0050 §2, ADR-0052, ticket 07) (3.2s)
  ok 43 [msedge] › sheet-vs-excel.spec.mjs:177:1 › item 3: a column letter selects the column, Shift+click extends, the Focus on the top visible row (ADR-0050 §1, ADR-0052, ticket 06) (925ms)
  ok 44 [msedge] › sheet-vs-excel.spec.mjs:198:1 › item 4: a row number selects the row, Shift+click extends, the Focus in the first column on screen (ADR-0050 §1, ADR-0052, ticket 06) (718ms)
  ok 45 [msedge] › sheet-vs-excel.spec.mjs:213:1 › item 5: the corner selects every cell, the Focus on the top-left visible cell (ADR-0050 §1, ADR-0052, ticket 06) (775ms)
  ok 46 [msedge] › sheet-vs-excel.spec.mjs:245:1 › active cell, case 1: Shift+arrows move the far corner, the Focus stays, and the view follows the Extent (ADR-0052) (7.1s)
  ok 47 [msedge] › sheet-vs-excel.spec.mjs:260:1 › active cell, case 2: while a drag is held the Name Box shows 4R x 3C, and D5 stays active after D5 to B2 (ADR-0052) (581ms)
  ok 48 [msedge] › sheet-vs-excel.spec.mjs:273:1 › active cell, case 3: after Enter, Shift+arrow moves the edge opposite the Focus, and nothing from the middle (ADR-0052) (2.3s)
  ok 49 [msedge] › sheet-vs-excel.spec.mjs:299:1 › active cell, case 6: Ctrl+click on the active cell takes it out and the first remaining cell of the range made last is active (ADR-0052) (1.1s)
  ok 50 [msedge] › sheet-vs-excel.spec.mjs:312:1 › active cell, cases 7 and 8: Ctrl+. walks the corners, Ctrl+Backspace scrolls back to the Focus, Shift+Backspace collapses (ADR-0052) (2.1s)
  ok 51 [msedge] › sheet-vs-excel.spec.mjs:334:1 › active cell, cases 12 and 13: typing enters the Focus only, and Ctrl+Enter fills the Selection and moves nothing (ADR-0052) (1.5s)
  ok 52 [msedge] › sheet-vs-excel.spec.mjs:353:1 › item 6: the Name Box selects what it is given and scrolls only as far as it must (ADR-0050, ticket 09) (867ms)
  ok 53 [msedge] › sheet-vs-excel.spec.mjs:376:1 › item 7: in Enter mode an arrow key commits and moves (ADR-0012, ticket 08) (1.2s)
  ok 54 [msedge] › sheet-vs-excel.spec.mjs:389:1 › item 8: F2 on a Formula shows it with the caret at the end, and the arrows move the caret (ADR-0051, ticket 08) (1.3s)
  ok 55 [msedge] › sheet-vs-excel.spec.mjs:408:1 › item 9: Point mode by keys writes each Reference as the pointer moves (ADR-0051, ticket 11) (1.1s)
  ok 56 [msedge] › sheet-vs-excel.spec.mjs:426:1 › item 10: Point mode by mouse writes the clicked cell, then the dragged range (ADR-0051, ticket 11) (784ms)
  ok 57 [msedge] › sheet-vs-excel.spec.mjs:444:1 › item 11: F2 while pointing turns the arrows back to the caret (ADR-0051, ticket 11) (1.1s)
  ok 58 [msedge] › sheet-vs-excel.spec.mjs:457:1 › item 12: typing = in the Formula Bar and pressing Down does not point (ADR-0051, ticket 11) (690ms)
  ok 59 [msedge] › sheet-vs-excel.spec.mjs:466:1 › item 13: completion lists candidates, Tab takes one with its parenthesis, Escape closes only the list (ADR-0051, ticket 10) (1.5s)
  ok 60 [msedge] › sheet-vs-excel.spec.mjs:489:1 › item 14: the argument hint names every argument and marks the current one (ADR-0051, ticket 10) (883ms)
  ok 61 [msedge] › sheet-vs-excel.spec.mjs:501:1 › item 15: Escape in the Formula Bar cancels the edit and gives the keys back to the grid (ADR-0051, ticket 09) (1.0s)
  -  62 [msedge] › sheet-vs-excel.spec.mjs:516:12 › item 16: a copied Formula pastes with its relative References shifted (ADR-0048, ticket 14)
  -  63 [msedge] › sheet-vs-excel.spec.mjs:526:12 › item 17: a 3×3 block pasted onto one cell fills 3×3 and becomes the Selection (ADR-0050, ticket 14)
  -  64 [msedge] › sheet-vs-excel.spec.mjs:539:6 › item 18: cells from Excel, and to Excel (ADR-0048, ticket 14)
  -  65 [msedge] › sheet-vs-excel.spec.mjs:552:12 › item 19: pasted text =A1+1 is a Formula (ADR-0048, ticket 14)
  -  66 [msedge] › sheet-vs-excel.spec.mjs:557:12 › item 19: pasted text 1,234 is 1234 formatted #,##0, as Excel takes it (ADR-0048, ticket 14)
  -  67 [msedge] › sheet-vs-excel.spec.mjs:562:12 › item 19 and Part A item 10: pasted text =1+ is taken as that text (ADR-0048, ticket 14)
  ok 68 [msedge] › sheet-vs-excel.spec.mjs:570:1 › item 20: the fill handle continues a series, and leaves source and target selected (ADR-0050 item 5, ADR-0052, ticket 15) (2.0s)
  ok 69 [msedge] › sheet-vs-excel.spec.mjs:581:1 › item 20: one number is copied, one date goes on by day, a Formula shifts (ADR-0050, ticket 15) (3.5s)
  ok 70 [msedge] › sheet-vs-excel.spec.mjs:596:1 › item 20: 1, 2, 4 continue as Excel's trend, to the 15 digits Excel keeps (ADR-0050, ticket 15) (2.7s)
  ok 71 [msedge] › sheet-vs-excel.spec.mjs:608:1 › item 20: a series filled up goes backwards, and the Focus stays on the source (ADR-0050, ADR-0052, ticket 15) (2.0s)
  ok 72 [msedge] › sheet-vs-excel.spec.mjs:621:1 › item 20: text in two cells filled left repeats backwards (ADR-0050, ticket 15) (1.9s)
  ok 73 [msedge] › sheet-vs-excel.spec.mjs:632:1 › item 20: Item 1, Mon and a date with a time are refused, by decision (ADR-0050) (3.4s)
  ok 74 [msedge] › sheet-vs-excel.spec.mjs:644:1 › item 21: with several ranges selected there is no fill handle (ADR-0050, ticket 15) (642ms)
  ok 75 [msedge] › sheet-vs-excel.spec.mjs:654:1 › item 22: inserting rows above a selected range keeps the Selection where it was, and the Focus (ADR-0046, ADR-0052, ticket 13) (791ms)
  ok 76 [msedge] › sheet-vs-excel.spec.mjs:666:1 › item 23: deleting a row a Formula references writes #REF! in its place (ADR-0046, ticket 13) (1.6s)
  -  77 [msedge] › sheet-vs-excel.spec.mjs:677:6 › item 24: a rename is undone by Ctrl+Z, as Excel undoes it (ADR-0048, ticket 12)
  ok 78 [msedge] › sheet-vs-excel.spec.mjs:685:1 › item 25: a long text is cut with an ellipsis, by decision; Excel lets it run over (ADR-0046) (659ms)
  ok 79 [msedge] › sheet-vs-excel.spec.mjs:693:1 › item 26: a number too wide for its column shows #### (ADR-0016) (867ms)
  ok 80 [msedge] › sheet-vs-excel.spec.mjs:703:1 › item 27: every cell of a cycle and its dependents is #CIRC!, by decision; Excel shows 0 (ADR-0047) (1.6s)
  ok 81 [chrome-150] › sheet-vs-excel.spec.mjs:177:1 › item 3: a column letter selects the column, Shift+click extends, the Focus on the top visible row (ADR-0050 §1, ADR-0052, ticket 06) (1.1s)
  ok 82 [chrome-150] › sheet-vs-excel.spec.mjs:213:1 › item 5: the corner selects every cell, the Focus on the top-left visible cell (ADR-0050 §1, ADR-0052, ticket 06) (929ms)
  ok 83 [chrome-150] › sheet-vs-excel.spec.mjs:312:1 › active cell, cases 7 and 8: Ctrl+. walks the corners, Ctrl+Backspace scrolls back to the Focus, Shift+Backspace collapses (ADR-0052) (2.2s)

  14 skipped
  69 passed (2.1m)
end 11:04:15
