start 2026-09-27 22:20:00 BST

Running 68 tests using 1 worker

  ok  1 [chrome] › sheet-vs-excel.spec.mjs:118:1 › item 1: Ctrl+Down stops at each block edge, then the last row (ADR-0050 §2, ticket 07) (9.6s)
  x   2 [chrome] › sheet-vs-excel.spec.mjs:149:1 › item 2: Ctrl+Shift+Right from inside a row block selects to its end, then to the last column (ADR-0050 §2, ticket 07) (10.8s)
  x   3 [chrome] › sheet-vs-excel.spec.mjs:172:1 › item 3: a column letter selects the column, Shift+click extends, the Focus on the top visible row (ADR-0050 §1, ticket 06) (12.5s)
  x   4 [chrome] › sheet-vs-excel.spec.mjs:194:1 › item 4: a row number selects the row, Shift+click extends, the Focus in the first column on screen (ADR-0050 §1, ticket 06) (12.3s)
  x   5 [chrome] › sheet-vs-excel.spec.mjs:210:1 › item 5: the corner selects every cell, the Focus on the top-left visible cell (ADR-0050 §1, ticket 06) (12.4s)
  ok  6 [chrome] › sheet-vs-excel.spec.mjs:226:1 › item 6: the Name Box selects what it is given and scrolls only as far as it must (ADR-0050, ticket 09) (2.5s)
  ok  7 [chrome] › sheet-vs-excel.spec.mjs:249:1 › item 7: in Enter mode an arrow key commits and moves (ADR-0012, ticket 08) (3.2s)
  ok  8 [chrome] › sheet-vs-excel.spec.mjs:262:1 › item 8: F2 on a Formula shows it with the caret at the end, and the arrows move the caret (ADR-0051, ticket 08) (3.0s)
  ok  9 [chrome] › sheet-vs-excel.spec.mjs:281:1 › item 9: Point mode by keys writes each Reference as the pointer moves (ADR-0051, ticket 11) (2.9s)
  ok 10 [chrome] › sheet-vs-excel.spec.mjs:299:1 › item 10: Point mode by mouse writes the clicked cell, then the dragged range (ADR-0051, ticket 11) (2.4s)
  ok 11 [chrome] › sheet-vs-excel.spec.mjs:317:1 › item 11: F2 while pointing turns the arrows back to the caret (ADR-0051, ticket 11) (2.9s)
  ok 12 [chrome] › sheet-vs-excel.spec.mjs:330:1 › item 12: typing = in the Formula Bar and pressing Down does not point (ADR-0051, ticket 11) (2.3s)
  ok 13 [chrome] › sheet-vs-excel.spec.mjs:339:1 › item 13: completion lists candidates, Tab takes one with its parenthesis, Escape closes only the list (ADR-0051, ticket 10) (3.2s)
  ok 14 [chrome] › sheet-vs-excel.spec.mjs:362:1 › item 14: the argument hint names every argument and marks the current one (ADR-0051, ticket 10) (2.5s)
  ok 15 [chrome] › sheet-vs-excel.spec.mjs:374:1 › item 15: Escape in the Formula Bar cancels the edit and gives the keys back to the grid (ADR-0051, ticket 09) (2.9s)
  -  16 [chrome] › sheet-vs-excel.spec.mjs:389:12 › item 16: a copied Formula pastes with its relative References shifted (ADR-0048, ticket 14)
  -  17 [chrome] › sheet-vs-excel.spec.mjs:399:12 › item 17: a 3×3 block pasted onto one cell fills 3×3 and becomes the Selection (ADR-0050, ticket 14)
  -  18 [chrome] › sheet-vs-excel.spec.mjs:412:6 › item 18: cells from Excel, and to Excel (ADR-0048, ticket 14)
  -  19 [chrome] › sheet-vs-excel.spec.mjs:425:12 › item 19: pasted text =A1+1 is a Formula (ADR-0048, ticket 14)
  -  20 [chrome] › sheet-vs-excel.spec.mjs:430:12 › item 19: pasted text 1,234 is 1234 formatted #,##0, as Excel takes it (ADR-0048, ticket 14)
  -  21 [chrome] › sheet-vs-excel.spec.mjs:435:12 › item 19 and Part A item 10: pasted text =1+ is taken as that text (ADR-0048, ticket 14)
  x  22 [chrome] › sheet-vs-excel.spec.mjs:443:1 › item 20: the fill handle continues a series, and leaves source and target selected (ADR-0050 item 5, ticket 15) (9.1s)
  ok 23 [chrome] › sheet-vs-excel.spec.mjs:455:1 › item 20: one number is copied, one date goes on by day, a Formula shifts (ADR-0050, ticket 15) (6.7s)
  ok 24 [chrome] › sheet-vs-excel.spec.mjs:470:1 › item 20: 1, 2, 4 continue as Excel's trend, to the 15 digits Excel keeps (ADR-0050, ticket 15) (5.1s)
  x  25 [chrome] › sheet-vs-excel.spec.mjs:482:1 › item 20: a series filled up goes backwards, and the Focus stays on the source (ADR-0050, ticket 15) (9.1s)
  ok 26 [chrome] › sheet-vs-excel.spec.mjs:496:1 › item 20: text in two cells filled left repeats backwards (ADR-0050, ticket 15) (4.1s)
  ok 27 [chrome] › sheet-vs-excel.spec.mjs:507:1 › item 20: Item 1, Mon and a date with a time are refused, by decision (ADR-0050) (6.2s)
  ok 28 [chrome] › sheet-vs-excel.spec.mjs:519:1 › item 21: with several ranges selected there is no fill handle (ADR-0050, ticket 15) (2.2s)
  -  29 [chrome] › sheet-vs-excel.spec.mjs:529:12 › item 22: inserting rows above a selected range keeps the Selection where it was (ADR-0046, ticket 13)
  -  30 [chrome] › sheet-vs-excel.spec.mjs:541:12 › item 23: deleting a row a Formula references writes #REF! in its place (ADR-0046, ticket 13)
  -  31 [chrome] › sheet-vs-excel.spec.mjs:552:6 › item 24: a rename is undone by Ctrl+Z, as Excel undoes it (ADR-0048, ticket 12)
  ok 32 [chrome] › sheet-vs-excel.spec.mjs:560:1 › item 25: a long text is cut with an ellipsis, by decision; Excel lets it run over (ADR-0046) (2.5s)
  ok 33 [chrome] › sheet-vs-excel.spec.mjs:568:1 › item 26: a number too wide for its column shows #### (ADR-0016) (3.4s)
  ok 34 [chrome] › sheet-vs-excel.spec.mjs:578:1 › item 27: every cell of a cycle and its dependents is #CIRC!, by decision; Excel shows 0 (ADR-0047) (3.8s)
  ok 35 [msedge] › sheet-vs-excel.spec.mjs:118:1 › item 1: Ctrl+Down stops at each block edge, then the last row (ADR-0050 §2, ticket 07) (9.7s)
  x  36 [msedge] › sheet-vs-excel.spec.mjs:149:1 › item 2: Ctrl+Shift+Right from inside a row block selects to its end, then to the last column (ADR-0050 §2, ticket 07) (10.8s)
  x  37 [msedge] › sheet-vs-excel.spec.mjs:172:1 › item 3: a column letter selects the column, Shift+click extends, the Focus on the top visible row (ADR-0050 §1, ticket 06) (12.6s)
  x  38 [msedge] › sheet-vs-excel.spec.mjs:194:1 › item 4: a row number selects the row, Shift+click extends, the Focus in the first column on screen (ADR-0050 §1, ticket 06) (12.4s)
  x  39 [msedge] › sheet-vs-excel.spec.mjs:210:1 › item 5: the corner selects every cell, the Focus on the top-left visible cell (ADR-0050 §1, ticket 06) (12.5s)
  ok 40 [msedge] › sheet-vs-excel.spec.mjs:226:1 › item 6: the Name Box selects what it is given and scrolls only as far as it must (ADR-0050, ticket 09) (2.5s)
  ok 41 [msedge] › sheet-vs-excel.spec.mjs:249:1 › item 7: in Enter mode an arrow key commits and moves (ADR-0012, ticket 08) (3.2s)
  ok 42 [msedge] › sheet-vs-excel.spec.mjs:262:1 › item 8: F2 on a Formula shows it with the caret at the end, and the arrows move the caret (ADR-0051, ticket 08) (3.0s)
  ok 43 [msedge] › sheet-vs-excel.spec.mjs:281:1 › item 9: Point mode by keys writes each Reference as the pointer moves (ADR-0051, ticket 11) (2.9s)
  ok 44 [msedge] › sheet-vs-excel.spec.mjs:299:1 › item 10: Point mode by mouse writes the clicked cell, then the dragged range (ADR-0051, ticket 11) (2.4s)
  ok 45 [msedge] › sheet-vs-excel.spec.mjs:317:1 › item 11: F2 while pointing turns the arrows back to the caret (ADR-0051, ticket 11) (2.9s)
  ok 46 [msedge] › sheet-vs-excel.spec.mjs:330:1 › item 12: typing = in the Formula Bar and pressing Down does not point (ADR-0051, ticket 11) (2.3s)
  ok 47 [msedge] › sheet-vs-excel.spec.mjs:339:1 › item 13: completion lists candidates, Tab takes one with its parenthesis, Escape closes only the list (ADR-0051, ticket 10) (3.2s)
  ok 48 [msedge] › sheet-vs-excel.spec.mjs:362:1 › item 14: the argument hint names every argument and marks the current one (ADR-0051, ticket 10) (2.5s)
  ok 49 [msedge] › sheet-vs-excel.spec.mjs:374:1 › item 15: Escape in the Formula Bar cancels the edit and gives the keys back to the grid (ADR-0051, ticket 09) (2.8s)
  -  50 [msedge] › sheet-vs-excel.spec.mjs:389:12 › item 16: a copied Formula pastes with its relative References shifted (ADR-0048, ticket 14)
  -  51 [msedge] › sheet-vs-excel.spec.mjs:399:12 › item 17: a 3×3 block pasted onto one cell fills 3×3 and becomes the Selection (ADR-0050, ticket 14)
  -  52 [msedge] › sheet-vs-excel.spec.mjs:412:6 › item 18: cells from Excel, and to Excel (ADR-0048, ticket 14)
  -  53 [msedge] › sheet-vs-excel.spec.mjs:425:12 › item 19: pasted text =A1+1 is a Formula (ADR-0048, ticket 14)
  -  54 [msedge] › sheet-vs-excel.spec.mjs:430:12 › item 19: pasted text 1,234 is 1234 formatted #,##0, as Excel takes it (ADR-0048, ticket 14)
  -  55 [msedge] › sheet-vs-excel.spec.mjs:435:12 › item 19 and Part A item 10: pasted text =1+ is taken as that text (ADR-0048, ticket 14)
  x  56 [msedge] › sheet-vs-excel.spec.mjs:443:1 › item 20: the fill handle continues a series, and leaves source and target selected (ADR-0050 item 5, ticket 15) (9.1s)
  ok 57 [msedge] › sheet-vs-excel.spec.mjs:455:1 › item 20: one number is copied, one date goes on by day, a Formula shifts (ADR-0050, ticket 15) (6.7s)
  ok 58 [msedge] › sheet-vs-excel.spec.mjs:470:1 › item 20: 1, 2, 4 continue as Excel's trend, to the 15 digits Excel keeps (ADR-0050, ticket 15) (5.1s)
  x  59 [msedge] › sheet-vs-excel.spec.mjs:482:1 › item 20: a series filled up goes backwards, and the Focus stays on the source (ADR-0050, ticket 15) (9.1s)
  ok 60 [msedge] › sheet-vs-excel.spec.mjs:496:1 › item 20: text in two cells filled left repeats backwards (ADR-0050, ticket 15) (4.1s)
  ok 61 [msedge] › sheet-vs-excel.spec.mjs:507:1 › item 20: Item 1, Mon and a date with a time are refused, by decision (ADR-0050) (6.2s)
  ok 62 [msedge] › sheet-vs-excel.spec.mjs:519:1 › item 21: with several ranges selected there is no fill handle (ADR-0050, ticket 15) (2.3s)
  -  63 [msedge] › sheet-vs-excel.spec.mjs:529:12 › item 22: inserting rows above a selected range keeps the Selection where it was (ADR-0046, ticket 13)
  -  64 [msedge] › sheet-vs-excel.spec.mjs:541:12 › item 23: deleting a row a Formula references writes #REF! in its place (ADR-0046, ticket 13)
  -  65 [msedge] › sheet-vs-excel.spec.mjs:552:6 › item 24: a rename is undone by Ctrl+Z, as Excel undoes it (ADR-0048, ticket 12)
  ok 66 [msedge] › sheet-vs-excel.spec.mjs:560:1 › item 25: a long text is cut with an ellipsis, by decision; Excel lets it run over (ADR-0046) (2.6s)
  ok 67 [msedge] › sheet-vs-excel.spec.mjs:568:1 › item 26: a number too wide for its column shows #### (ADR-0016) (3.2s)
  ok 68 [msedge] › sheet-vs-excel.spec.mjs:578:1 › item 27: every cell of a cycle and its dependents is #CIRC!, by decision; Excel shows 0 (ADR-0047) (3.9s)

  18 skipped
  50 passed (4.6m)
end 2026-09-27 22:24:39 BST
