
Running 15 tests using 1 worker

  x   1 [chrome] › marks.spec.mjs:42:1 › after "mark all", rows scrolled to far away paint ticked (MK-6) (17.3s)
  x   2 [chrome] › sheet-vs-excel.spec.mjs:171:1 › item 3: a column letter selects the column, Shift+click extends, the Focus on the top visible row (ADR-0050 §1, ADR-0052, ticket 06) (8.3s)
  x   3 [chrome] › sheet-vs-excel.spec.mjs:207:1 › item 5: the corner selects every cell, the Focus on the top-left visible cell (ADR-0050 §1, ADR-0052, ticket 06) (8.3s)
  x   4 [chrome] › sheet-vs-excel.spec.mjs:306:1 › active cell, cases 7 and 8: Ctrl+. walks the corners, Ctrl+Backspace scrolls back to the Focus, Shift+Backspace collapses (ADR-0052) (8.7s)
  ok  5 [chrome] › sizing.spec.mjs:145:1 › a window narrower than the pinned block suspends pinning, and widening restores it (FN-6a, ADR-0045) (1.1s)
  x   6 [chrome] › marks.spec.mjs:42:1 › after "mark all", rows scrolled to far away paint ticked (MK-6) (17.3s)
  x   7 [chrome] › sheet-vs-excel.spec.mjs:171:1 › item 3: a column letter selects the column, Shift+click extends, the Focus on the top visible row (ADR-0050 §1, ADR-0052, ticket 06) (8.2s)
  x   8 [chrome] › sheet-vs-excel.spec.mjs:207:1 › item 5: the corner selects every cell, the Focus on the top-left visible cell (ADR-0050 §1, ADR-0052, ticket 06) (8.3s)
  x   9 [chrome] › sheet-vs-excel.spec.mjs:306:1 › active cell, cases 7 and 8: Ctrl+. walks the corners, Ctrl+Backspace scrolls back to the Focus, Shift+Backspace collapses (ADR-0052) (8.7s)
  ok 10 [chrome] › sizing.spec.mjs:145:1 › a window narrower than the pinned block suspends pinning, and widening restores it (FN-6a, ADR-0045) (1.1s)
  x  11 [chrome] › marks.spec.mjs:42:1 › after "mark all", rows scrolled to far away paint ticked (MK-6) (17.3s)
  x  12 [chrome] › sheet-vs-excel.spec.mjs:171:1 › item 3: a column letter selects the column, Shift+click extends, the Focus on the top visible row (ADR-0050 §1, ADR-0052, ticket 06) (8.3s)
  x  13 [chrome] › sheet-vs-excel.spec.mjs:207:1 › item 5: the corner selects every cell, the Focus on the top-left visible cell (ADR-0050 §1, ADR-0052, ticket 06) (8.1s)
  x  14 [chrome] › sheet-vs-excel.spec.mjs:306:1 › active cell, cases 7 and 8: Ctrl+. walks the corners, Ctrl+Backspace scrolls back to the Focus, Shift+Backspace collapses (ADR-0052) (8.7s)
  ok 15 [chrome] › sizing.spec.mjs:145:1 › a window narrower than the pinned block suspends pinning, and widening restores it (FN-6a, ADR-0045) (1.1s)


  1) [chrome] › marks.spec.mjs:42:1 › after "mark all", rows scrolled to far away paint ticked (MK-6) 

    Error: expect(locator).toHaveText(expected) failed

    Locator: locator('.ex-grid [id$=\'-r700000c1\']')
    Expected: "700000"
    Timeout: 15000ms
    Error: element(s) not found

    Call log:
      - Expect "toHaveText" with timeout 15000ms
      - waiting for locator('.ex-grid [id$=\'-r700000c1\']')


      49 |     const far = 700_000;
      50 |     await page.locator('.ex-grid .ex-scroller').evaluate((scroller, top) => { scroller.scrollTop = top; }, far * ROW_HEIGHT);
    > 51 |     await expect(cell(page, far, 1)).toHaveText(String(far), { timeout: 15_000 });
         |                                      ^
      52 |     await expect(page.locator('.ex-grid .ex-placeholder')).toHaveCount(0, { timeout: 15_000 });
      53 |
      54 |     await expectEveryPaintedRowTicked(page, true);
        at C:\Users\amisa\AppData\Local\exgrid-layer3\run-2026-09-28-3\tests\ExGrid.Browser\marks.spec.mjs:51:38

    Error Context: test-results-rerun\marks-after-mark-all-rows--6955a-far-away-paint-ticked-MK-6--chrome\error-context.md

    attachment #2: trace (application/zip) ─────────────────────────────────────────────────────────
    test-results-rerun\marks-after-mark-all-rows--6955a-far-away-paint-ticked-MK-6--chrome\trace.zip
    Usage:

        npx playwright show-trace test-results-rerun\marks-after-mark-all-rows--6955a-far-away-paint-ticked-MK-6--chrome\trace.zip

    ────────────────────────────────────────────────────────────────────────────────────────────────

  2) [chrome] › marks.spec.mjs:42:1 › after "mark all", rows scrolled to far away paint ticked (MK-6) 

    Error: expect(locator).toHaveText(expected) failed

    Locator: locator('.ex-grid [id$=\'-r700000c1\']')
    Expected: "700000"
    Timeout: 15000ms
    Error: element(s) not found

    Call log:
      - Expect "toHaveText" with timeout 15000ms
      - waiting for locator('.ex-grid [id$=\'-r700000c1\']')


      49 |     const far = 700_000;
      50 |     await page.locator('.ex-grid .ex-scroller').evaluate((scroller, top) => { scroller.scrollTop = top; }, far * ROW_HEIGHT);
    > 51 |     await expect(cell(page, far, 1)).toHaveText(String(far), { timeout: 15_000 });
         |                                      ^
      52 |     await expect(page.locator('.ex-grid .ex-placeholder')).toHaveCount(0, { timeout: 15_000 });
      53 |
      54 |     await expectEveryPaintedRowTicked(page, true);
        at C:\Users\amisa\AppData\Local\exgrid-layer3\run-2026-09-28-3\tests\ExGrid.Browser\marks.spec.mjs:51:38

    Error Context: test-results-rerun\marks-after-mark-all-rows--6955a-far-away-paint-ticked-MK-6--chrome-repeat1\error-context.md

    attachment #2: trace (application/zip) ─────────────────────────────────────────────────────────
    test-results-rerun\marks-after-mark-all-rows--6955a-far-away-paint-ticked-MK-6--chrome-repeat1\trace.zip
    Usage:

        npx playwright show-trace test-results-rerun\marks-after-mark-all-rows--6955a-far-away-paint-ticked-MK-6--chrome-repeat1\trace.zip

    ────────────────────────────────────────────────────────────────────────────────────────────────

  3) [chrome] › marks.spec.mjs:42:1 › after "mark all", rows scrolled to far away paint ticked (MK-6) 

    Error: expect(locator).toHaveText(expected) failed

    Locator: locator('.ex-grid [id$=\'-r700000c1\']')
    Expected: "700000"
    Timeout: 15000ms
    Error: element(s) not found

    Call log:
      - Expect "toHaveText" with timeout 15000ms
      - waiting for locator('.ex-grid [id$=\'-r700000c1\']')


      49 |     const far = 700_000;
      50 |     await page.locator('.ex-grid .ex-scroller').evaluate((scroller, top) => { scroller.scrollTop = top; }, far * ROW_HEIGHT);
    > 51 |     await expect(cell(page, far, 1)).toHaveText(String(far), { timeout: 15_000 });
         |                                      ^
      52 |     await expect(page.locator('.ex-grid .ex-placeholder')).toHaveCount(0, { timeout: 15_000 });
      53 |
      54 |     await expectEveryPaintedRowTicked(page, true);
        at C:\Users\amisa\AppData\Local\exgrid-layer3\run-2026-09-28-3\tests\ExGrid.Browser\marks.spec.mjs:51:38

    Error Context: test-results-rerun\marks-after-mark-all-rows--6955a-far-away-paint-ticked-MK-6--chrome-repeat2\error-context.md

    attachment #2: trace (application/zip) ─────────────────────────────────────────────────────────
    test-results-rerun\marks-after-mark-all-rows--6955a-far-away-paint-ticked-MK-6--chrome-repeat2\trace.zip
    Usage:

        npx playwright show-trace test-results-rerun\marks-after-mark-all-rows--6955a-far-away-paint-ticked-MK-6--chrome-repeat2\trace.zip

    ────────────────────────────────────────────────────────────────────────────────────────────────

  4) [chrome] › sheet-vs-excel.spec.mjs:171:1 › item 3: a column letter selects the column, Shift+click extends, the Focus on the top visible row (ADR-0050 §1, ADR-0052, ticket 06) 

    Error: expect(locator).toBeVisible() failed

    Locator: locator('.ex-grid').first().locator('[id$=\'-r99c0\']')
    Expected: visible
    Timeout: 5000ms
    Error: element(s) not found

    Call log:
      - Expect "toBeVisible" with timeout 5000ms
      - waiting for locator('.ex-grid').first().locator('[id$=\'-r99c0\']')


      185 |     // Scrolled to row 100, Excel's Focus is D100: the top visible row, not row 1.
      186 |     await sheet(page).locator('.ex-scroller').evaluate((s) => { s.scrollTop = 99 * 28; });
    > 187 |     await expect(cell(page, 'A100')).toBeVisible();
          |                                      ^
      188 |     await header('D').click({ force: true });
      189 |     await expectActive(page, 'D100');
      190 | });
        at C:\Users\amisa\AppData\Local\exgrid-layer3\run-2026-09-28-3\tests\ExGrid.Browser\sheet-vs-excel.spec.mjs:187:38

    Error Context: test-results-rerun\sheet-vs-excel-item-3-a-co-d2cc8-0050-§1-ADR-0052-ticket-06--chrome\error-context.md

    attachment #2: trace (application/zip) ─────────────────────────────────────────────────────────
    test-results-rerun\sheet-vs-excel-item-3-a-co-d2cc8-0050-§1-ADR-0052-ticket-06--chrome\trace.zip
    Usage:

        npx playwright show-trace test-results-rerun\sheet-vs-excel-item-3-a-co-d2cc8-0050-§1-ADR-0052-ticket-06--chrome\trace.zip

    ────────────────────────────────────────────────────────────────────────────────────────────────

  5) [chrome] › sheet-vs-excel.spec.mjs:207:1 › item 5: the corner selects every cell, the Focus on the top-left visible cell (ADR-0050 §1, ADR-0052, ticket 06) 

    Error: expect(locator).toBeVisible() failed

    Locator: locator('.ex-grid').first().locator('[id$=\'-r99c0\']')
    Expected: visible
    Timeout: 5000ms
    Error: element(s) not found

    Call log:
      - Expect "toBeVisible" with timeout 5000ms
      - waiting for locator('.ex-grid').first().locator('[id$=\'-r99c0\']')


      214 |     await click(page, 'C3');
      215 |     await sheet(page).locator('.ex-scroller').evaluate((s) => { s.scrollTop = 99 * 28; });
    > 216 |     await expect(cell(page, 'A100')).toBeVisible();
          |                                      ^
      217 |     await sheet(page).locator('.ex-headings-corner').click({ force: true });
      218 |     await expectSelection(page, 'A1', 'XFD1048576');
      219 |     await expectActive(page, 'A100');
        at C:\Users\amisa\AppData\Local\exgrid-layer3\run-2026-09-28-3\tests\ExGrid.Browser\sheet-vs-excel.spec.mjs:216:38

    Error Context: test-results-rerun\sheet-vs-excel-item-5-the--89415-0050-§1-ADR-0052-ticket-06--chrome\error-context.md

    attachment #2: trace (application/zip) ─────────────────────────────────────────────────────────
    test-results-rerun\sheet-vs-excel-item-5-the--89415-0050-§1-ADR-0052-ticket-06--chrome\trace.zip
    Usage:

        npx playwright show-trace test-results-rerun\sheet-vs-excel-item-5-the--89415-0050-§1-ADR-0052-ticket-06--chrome\trace.zip

    ────────────────────────────────────────────────────────────────────────────────────────────────

  6) [chrome] › sheet-vs-excel.spec.mjs:306:1 › active cell, cases 7 and 8: Ctrl+. walks the corners, Ctrl+Backspace scrolls back to the Focus, Shift+Backspace collapses (ADR-0052) 

    Error: expect(locator).toBeVisible() failed

    Locator: locator('.ex-grid').first().locator('[id$=\'-r299c4\']')
    Expected: visible
    Timeout: 5000ms
    Error: element(s) not found

    Call log:
      - Expect "toBeVisible" with timeout 5000ms
      - waiting for locator('.ex-grid').first().locator('[id$=\'-r299c4\']')


      313 |     await expectSelection(page, 'E1', 'G3');
      314 |     await sheet(page).locator('.ex-scroller').evaluate((s) => { s.scrollTop = 299 * 28; });
    > 315 |     await expect(cell(page, 'E300')).toBeVisible();
          |                                      ^
      316 |     await page.keyboard.press('Control+Backspace');
      317 |     await expectInView(page, 'E1');
      318 |     await expectSelection(page, 'E1', 'G3');
        at C:\Users\amisa\AppData\Local\exgrid-layer3\run-2026-09-28-3\tests\ExGrid.Browser\sheet-vs-excel.spec.mjs:315:38

    Error Context: test-results-rerun\sheet-vs-excel-active-cell-d0302-ckspace-collapses-ADR-0052--chrome\error-context.md

    attachment #2: trace (application/zip) ─────────────────────────────────────────────────────────
    test-results-rerun\sheet-vs-excel-active-cell-d0302-ckspace-collapses-ADR-0052--chrome\trace.zip
    Usage:

        npx playwright show-trace test-results-rerun\sheet-vs-excel-active-cell-d0302-ckspace-collapses-ADR-0052--chrome\trace.zip

    ────────────────────────────────────────────────────────────────────────────────────────────────

  7) [chrome] › sheet-vs-excel.spec.mjs:171:1 › item 3: a column letter selects the column, Shift+click extends, the Focus on the top visible row (ADR-0050 §1, ADR-0052, ticket 06) 

    Error: expect(locator).toBeVisible() failed

    Locator: locator('.ex-grid').first().locator('[id$=\'-r99c0\']')
    Expected: visible
    Timeout: 5000ms
    Error: element(s) not found

    Call log:
      - Expect "toBeVisible" with timeout 5000ms
      - waiting for locator('.ex-grid').first().locator('[id$=\'-r99c0\']')


      185 |     // Scrolled to row 100, Excel's Focus is D100: the top visible row, not row 1.
      186 |     await sheet(page).locator('.ex-scroller').evaluate((s) => { s.scrollTop = 99 * 28; });
    > 187 |     await expect(cell(page, 'A100')).toBeVisible();
          |                                      ^
      188 |     await header('D').click({ force: true });
      189 |     await expectActive(page, 'D100');
      190 | });
        at C:\Users\amisa\AppData\Local\exgrid-layer3\run-2026-09-28-3\tests\ExGrid.Browser\sheet-vs-excel.spec.mjs:187:38

    Error Context: test-results-rerun\sheet-vs-excel-item-3-a-co-d2cc8-0050-§1-ADR-0052-ticket-06--chrome-repeat1\error-context.md

    attachment #2: trace (application/zip) ─────────────────────────────────────────────────────────
    test-results-rerun\sheet-vs-excel-item-3-a-co-d2cc8-0050-§1-ADR-0052-ticket-06--chrome-repeat1\trace.zip
    Usage:

        npx playwright show-trace test-results-rerun\sheet-vs-excel-item-3-a-co-d2cc8-0050-§1-ADR-0052-ticket-06--chrome-repeat1\trace.zip

    ────────────────────────────────────────────────────────────────────────────────────────────────

  8) [chrome] › sheet-vs-excel.spec.mjs:207:1 › item 5: the corner selects every cell, the Focus on the top-left visible cell (ADR-0050 §1, ADR-0052, ticket 06) 

    Error: expect(locator).toBeVisible() failed

    Locator: locator('.ex-grid').first().locator('[id$=\'-r99c0\']')
    Expected: visible
    Timeout: 5000ms
    Error: element(s) not found

    Call log:
      - Expect "toBeVisible" with timeout 5000ms
      - waiting for locator('.ex-grid').first().locator('[id$=\'-r99c0\']')


      214 |     await click(page, 'C3');
      215 |     await sheet(page).locator('.ex-scroller').evaluate((s) => { s.scrollTop = 99 * 28; });
    > 216 |     await expect(cell(page, 'A100')).toBeVisible();
          |                                      ^
      217 |     await sheet(page).locator('.ex-headings-corner').click({ force: true });
      218 |     await expectSelection(page, 'A1', 'XFD1048576');
      219 |     await expectActive(page, 'A100');
        at C:\Users\amisa\AppData\Local\exgrid-layer3\run-2026-09-28-3\tests\ExGrid.Browser\sheet-vs-excel.spec.mjs:216:38

    Error Context: test-results-rerun\sheet-vs-excel-item-5-the--89415-0050-§1-ADR-0052-ticket-06--chrome-repeat1\error-context.md

    attachment #2: trace (application/zip) ─────────────────────────────────────────────────────────
    test-results-rerun\sheet-vs-excel-item-5-the--89415-0050-§1-ADR-0052-ticket-06--chrome-repeat1\trace.zip
    Usage:

        npx playwright show-trace test-results-rerun\sheet-vs-excel-item-5-the--89415-0050-§1-ADR-0052-ticket-06--chrome-repeat1\trace.zip

    ────────────────────────────────────────────────────────────────────────────────────────────────

  9) [chrome] › sheet-vs-excel.spec.mjs:306:1 › active cell, cases 7 and 8: Ctrl+. walks the corners, Ctrl+Backspace scrolls back to the Focus, Shift+Backspace collapses (ADR-0052) 

    Error: expect(locator).toBeVisible() failed

    Locator: locator('.ex-grid').first().locator('[id$=\'-r299c4\']')
    Expected: visible
    Timeout: 5000ms
    Error: element(s) not found

    Call log:
      - Expect "toBeVisible" with timeout 5000ms
      - waiting for locator('.ex-grid').first().locator('[id$=\'-r299c4\']')


      313 |     await expectSelection(page, 'E1', 'G3');
      314 |     await sheet(page).locator('.ex-scroller').evaluate((s) => { s.scrollTop = 299 * 28; });
    > 315 |     await expect(cell(page, 'E300')).toBeVisible();
          |                                      ^
      316 |     await page.keyboard.press('Control+Backspace');
      317 |     await expectInView(page, 'E1');
      318 |     await expectSelection(page, 'E1', 'G3');
        at C:\Users\amisa\AppData\Local\exgrid-layer3\run-2026-09-28-3\tests\ExGrid.Browser\sheet-vs-excel.spec.mjs:315:38

    Error Context: test-results-rerun\sheet-vs-excel-active-cell-d0302-ckspace-collapses-ADR-0052--chrome-repeat1\error-context.md

    attachment #2: trace (application/zip) ─────────────────────────────────────────────────────────
    test-results-rerun\sheet-vs-excel-active-cell-d0302-ckspace-collapses-ADR-0052--chrome-repeat1\trace.zip
    Usage:

        npx playwright show-trace test-results-rerun\sheet-vs-excel-active-cell-d0302-ckspace-collapses-ADR-0052--chrome-repeat1\trace.zip

    ────────────────────────────────────────────────────────────────────────────────────────────────

  10) [chrome] › sheet-vs-excel.spec.mjs:171:1 › item 3: a column letter selects the column, Shift+click extends, the Focus on the top visible row (ADR-0050 §1, ADR-0052, ticket 06) 

    Error: expect(locator).toBeVisible() failed

    Locator: locator('.ex-grid').first().locator('[id$=\'-r99c0\']')
    Expected: visible
    Timeout: 5000ms
    Error: element(s) not found

    Call log:
      - Expect "toBeVisible" with timeout 5000ms
      - waiting for locator('.ex-grid').first().locator('[id$=\'-r99c0\']')


      185 |     // Scrolled to row 100, Excel's Focus is D100: the top visible row, not row 1.
      186 |     await sheet(page).locator('.ex-scroller').evaluate((s) => { s.scrollTop = 99 * 28; });
    > 187 |     await expect(cell(page, 'A100')).toBeVisible();
          |                                      ^
      188 |     await header('D').click({ force: true });
      189 |     await expectActive(page, 'D100');
      190 | });
        at C:\Users\amisa\AppData\Local\exgrid-layer3\run-2026-09-28-3\tests\ExGrid.Browser\sheet-vs-excel.spec.mjs:187:38

    Error Context: test-results-rerun\sheet-vs-excel-item-3-a-co-d2cc8-0050-§1-ADR-0052-ticket-06--chrome-repeat2\error-context.md

    attachment #2: trace (application/zip) ─────────────────────────────────────────────────────────
    test-results-rerun\sheet-vs-excel-item-3-a-co-d2cc8-0050-§1-ADR-0052-ticket-06--chrome-repeat2\trace.zip
    Usage:

        npx playwright show-trace test-results-rerun\sheet-vs-excel-item-3-a-co-d2cc8-0050-§1-ADR-0052-ticket-06--chrome-repeat2\trace.zip

    ────────────────────────────────────────────────────────────────────────────────────────────────

  11) [chrome] › sheet-vs-excel.spec.mjs:207:1 › item 5: the corner selects every cell, the Focus on the top-left visible cell (ADR-0050 §1, ADR-0052, ticket 06) 

    Error: expect(locator).toBeVisible() failed

    Locator: locator('.ex-grid').first().locator('[id$=\'-r99c0\']')
    Expected: visible
    Timeout: 5000ms
    Error: element(s) not found

    Call log:
      - Expect "toBeVisible" with timeout 5000ms
      - waiting for locator('.ex-grid').first().locator('[id$=\'-r99c0\']')


      214 |     await click(page, 'C3');
      215 |     await sheet(page).locator('.ex-scroller').evaluate((s) => { s.scrollTop = 99 * 28; });
    > 216 |     await expect(cell(page, 'A100')).toBeVisible();
          |                                      ^
      217 |     await sheet(page).locator('.ex-headings-corner').click({ force: true });
      218 |     await expectSelection(page, 'A1', 'XFD1048576');
      219 |     await expectActive(page, 'A100');
        at C:\Users\amisa\AppData\Local\exgrid-layer3\run-2026-09-28-3\tests\ExGrid.Browser\sheet-vs-excel.spec.mjs:216:38

    Error Context: test-results-rerun\sheet-vs-excel-item-5-the--89415-0050-§1-ADR-0052-ticket-06--chrome-repeat2\error-context.md

    attachment #2: trace (application/zip) ─────────────────────────────────────────────────────────
    test-results-rerun\sheet-vs-excel-item-5-the--89415-0050-§1-ADR-0052-ticket-06--chrome-repeat2\trace.zip
    Usage:

        npx playwright show-trace test-results-rerun\sheet-vs-excel-item-5-the--89415-0050-§1-ADR-0052-ticket-06--chrome-repeat2\trace.zip

    ────────────────────────────────────────────────────────────────────────────────────────────────

  12) [chrome] › sheet-vs-excel.spec.mjs:306:1 › active cell, cases 7 and 8: Ctrl+. walks the corners, Ctrl+Backspace scrolls back to the Focus, Shift+Backspace collapses (ADR-0052) 

    Error: expect(locator).toBeVisible() failed

    Locator: locator('.ex-grid').first().locator('[id$=\'-r299c4\']')
    Expected: visible
    Timeout: 5000ms
    Error: element(s) not found

    Call log:
      - Expect "toBeVisible" with timeout 5000ms
      - waiting for locator('.ex-grid').first().locator('[id$=\'-r299c4\']')


      313 |     await expectSelection(page, 'E1', 'G3');
      314 |     await sheet(page).locator('.ex-scroller').evaluate((s) => { s.scrollTop = 299 * 28; });
    > 315 |     await expect(cell(page, 'E300')).toBeVisible();
          |                                      ^
      316 |     await page.keyboard.press('Control+Backspace');
      317 |     await expectInView(page, 'E1');
      318 |     await expectSelection(page, 'E1', 'G3');
        at C:\Users\amisa\AppData\Local\exgrid-layer3\run-2026-09-28-3\tests\ExGrid.Browser\sheet-vs-excel.spec.mjs:315:38

    Error Context: test-results-rerun\sheet-vs-excel-active-cell-d0302-ckspace-collapses-ADR-0052--chrome-repeat2\error-context.md

    attachment #2: trace (application/zip) ─────────────────────────────────────────────────────────
    test-results-rerun\sheet-vs-excel-active-cell-d0302-ckspace-collapses-ADR-0052--chrome-repeat2\trace.zip
    Usage:

        npx playwright show-trace test-results-rerun\sheet-vs-excel-active-cell-d0302-ckspace-collapses-ADR-0052--chrome-repeat2\trace.zip

    ────────────────────────────────────────────────────────────────────────────────────────────────

  12 failed
    [chrome] › marks.spec.mjs:42:1 › after "mark all", rows scrolled to far away paint ticked (MK-6) 
    [chrome] › marks.spec.mjs:42:1 › after "mark all", rows scrolled to far away paint ticked (MK-6) 
    [chrome] › marks.spec.mjs:42:1 › after "mark all", rows scrolled to far away paint ticked (MK-6) 
    [chrome] › sheet-vs-excel.spec.mjs:171:1 › item 3: a column letter selects the column, Shift+click extends, the Focus on the top visible row (ADR-0050 §1, ADR-0052, ticket 06) 
    [chrome] › sheet-vs-excel.spec.mjs:207:1 › item 5: the corner selects every cell, the Focus on the top-left visible cell (ADR-0050 §1, ADR-0052, ticket 06) 
    [chrome] › sheet-vs-excel.spec.mjs:306:1 › active cell, cases 7 and 8: Ctrl+. walks the corners, Ctrl+Backspace scrolls back to the Focus, Shift+Backspace collapses (ADR-0052) 
    [chrome] › sheet-vs-excel.spec.mjs:171:1 › item 3: a column letter selects the column, Shift+click extends, the Focus on the top visible row (ADR-0050 §1, ADR-0052, ticket 06) 
    [chrome] › sheet-vs-excel.spec.mjs:207:1 › item 5: the corner selects every cell, the Focus on the top-left visible cell (ADR-0050 §1, ADR-0052, ticket 06) 
    [chrome] › sheet-vs-excel.spec.mjs:306:1 › active cell, cases 7 and 8: Ctrl+. walks the corners, Ctrl+Backspace scrolls back to the Focus, Shift+Backspace collapses (ADR-0052) 
    [chrome] › sheet-vs-excel.spec.mjs:171:1 › item 3: a column letter selects the column, Shift+click extends, the Focus on the top visible row (ADR-0050 §1, ADR-0052, ticket 06) 
    [chrome] › sheet-vs-excel.spec.mjs:207:1 › item 5: the corner selects every cell, the Focus on the top-left visible cell (ADR-0050 §1, ADR-0052, ticket 06) 
    [chrome] › sheet-vs-excel.spec.mjs:306:1 › active cell, cases 7 and 8: Ctrl+. walks the corners, Ctrl+Backspace scrolls back to the Focus, Shift+Backspace collapses (ADR-0052) 
  3 passed (2.7m)
